[INFO] [1789123139.263599835] [phase2_unclamped_run_node]: Loading SAC checkpoint: /home/anand/isaac_sac_checkpoints/repo/rl_logs_7hr_final/ur5e_isaac_sac_final.zip (legacy=True)
[INFO] [1789123139.685553253] [phase2_unclamped_run_node]: Checkpoint loaded.
[INFO] [1789123140.386435720] [phase2_unclamped_run_node]: Opening gripper and moving to real_home_position...
[INFO] [1789123150.553133601] [phase2_unclamped_run_node]: move_to_start: reached and verified.
[INFO] [1789123150.553450031] [phase2_unclamped_run_node]: === UNCLAMPED RUN: raw policy deltas (bounded +/-0.08rad), 0.5s/step, max 500 steps, gripper force=1.0 speed=0.3 ===
[INFO] [1789123150.555532789] [phase2_unclamped_run_node]: [step 00] dist=1.2249 raw_delta(rad)=[0.07900000363588333, 0.07909999787807465, -0.07859999686479568, -0.07999999821186066, 0.029500000178813934, 0.03849999979138374] gripper_raw=-0.844 -> gripper_target=0.089m object_grasped=False
[INFO] [1789123152.811399189] [phase2_unclamped_run_node]: [step 01] dist=1.2332 raw_delta(rad)=[0.05050000175833702, 0.039500001817941666, -0.07959999889135361, -0.07959999889135361, 0.03959999978542328, 0.059300001710653305] gripper_raw=-1.915 -> gripper_target=0.113m object_grasped=False
[INFO] [1789123154.516513560] [phase2_unclamped_run_node]: [step 02] dist=1.2513 raw_delta(rad)=[0.07999999821186066, -0.02019999921321869, -0.0794999971985817, -0.07999999821186066, -0.03920000046491623, 0.06849999725818634] gripper_raw=-2.196 -> gripper_target=0.119m object_grasped=False
[INFO] [1789123156.021248694] [phase2_unclamped_run_node]: [step 03] dist=1.2820 raw_delta(rad)=[0.07999999821186066, 0.045499999076128006, -0.03440000116825104, -0.07989999651908875, -0.07289999723434448, 0.04390000179409981] gripper_raw=-1.075 -> gripper_target=0.094m object_grasped=False
[INFO] [1789123157.776441830] [phase2_unclamped_run_node]: [step 04] dist=1.2817 raw_delta(rad)=[0.07980000227689743, 0.07329999655485153, -0.07720000296831131, -0.07980000227689743, -0.07569999992847443, 0.02979999966919422] gripper_raw=-2.958 -> gripper_target=0.136m object_grasped=False
[INFO] [1789123159.832324801] [phase2_unclamped_run_node]: [step 05] dist=1.2785 raw_delta(rad)=[0.0794999971985817, -0.011300000362098217, -0.07159999758005142, -0.07989999651908875, -0.0071000000461936, 0.07530000060796738] gripper_raw=-2.383 -> gripper_target=0.123m object_grasped=False
[INFO] [1789123161.386825412] [phase2_unclamped_run_node]: [step 06] dist=1.2918 raw_delta(rad)=[0.07999999821186066, 0.06790000200271606, -0.07989999651908875, -0.07980000227689743, -0.07840000092983246, 0.07850000262260437] gripper_raw=-2.960 -> gripper_target=0.136m object_grasped=False
[INFO] [1789123163.292218211] [phase2_unclamped_run_node]: [step 07] dist=1.2836 raw_delta(rad)=[0.07989999651908875, 0.06360000371932983, -0.057100001722574234, -0.07989999651908875, -0.054999999701976776, 0.07599999755620956] gripper_raw=-2.882 -> gripper_target=0.134m object_grasped=False
[INFO] [1789123164.846942685] [phase2_unclamped_run_node]: [step 08] dist=1.2772 raw_delta(rad)=[0.07970000058412552, 0.050200000405311584, -0.07559999823570251, -0.07739999890327454, -0.0786999985575676, 0.07999999821186066] gripper_raw=-3.051 -> gripper_target=0.138m object_grasped=False
[INFO] [1789123166.551640531] [phase2_unclamped_run_node]: [step 09] dist=1.2669 raw_delta(rad)=[0.07980000227689743, 0.05860000103712082, -0.07620000094175339, -0.04960000142455101, -0.07880000025033951, 0.07930000126361847] gripper_raw=-3.061 -> gripper_target=0.138m object_grasped=False
[INFO] [1789123168.056400725] [phase2_unclamped_run_node]: [step 10] dist=1.2547 raw_delta(rad)=[0.07980000227689743, -0.011900000274181366, -0.07519999891519547, -0.07670000195503235, -0.07440000027418137, 0.07989999651908875] gripper_raw=-3.087 -> gripper_target=0.139m object_grasped=False
[INFO] [1789123169.561078832] [phase2_unclamped_run_node]: [step 11] dist=1.2340 raw_delta(rad)=[0.07810000330209732, 0.07150000333786011, -0.07850000262260437, -0.07460000365972519, 0.05260000005364418, 0.07999999821186066] gripper_raw=-3.067 -> gripper_target=0.138m object_grasped=False
[INFO] [1789123170.915123374] [phase2_unclamped_run_node]: [step 12] dist=1.2275 raw_delta(rad)=[0.07959999889135361, 0.05649999901652336, -0.07989999651908875, -0.01860000006854534, -0.05990000069141388, 0.07989999651908875] gripper_raw=-3.112 -> gripper_target=0.139m object_grasped=False
[INFO] [1789123172.469548967] [phase2_unclamped_run_node]: [step 13] dist=1.2113 raw_delta(rad)=[0.06610000133514404, 0.003599999938160181, -0.07810000330209732, -0.07810000330209732, -0.07859999686479568, 0.07999999821186066] gripper_raw=-3.117 -> gripper_target=0.139m object_grasped=False
[INFO] [1789123174.174460130] [phase2_unclamped_run_node]: [step 14] dist=1.1775 raw_delta(rad)=[0.0722000002861023, -0.01489999983459711, -0.07450000196695328, -0.06859999895095825, -0.07930000126361847, 0.07999999821186066] gripper_raw=-3.111 -> gripper_target=0.139m object_grasped=False
[INFO] [1789123175.880094376] [phase2_unclamped_run_node]: [step 15] dist=1.1361 raw_delta(rad)=[0.017899999395012856, -0.07190000265836716, -0.0778999999165535, -0.07919999957084656, 0.00800000037997961, 0.054499998688697815] gripper_raw=1.715 -> gripper_target=0.032m object_grasped=False
[INFO] [1789123178.537104438] [phase2_unclamped_run_node]: [step 16] dist=1.0877 raw_delta(rad)=[0.06210000067949295, 0.06719999760389328, -0.07329999655485153, -0.07970000058412552, -0.07509999722242355, 0.039500001817941666] gripper_raw=2.933 -> gripper_target=0.005m object_grasped=False
[INFO] [1789123180.241748809] [phase2_unclamped_run_node]: [step 17] dist=1.0608 raw_delta(rad)=[0.06750000268220901, 0.0044999998062849045, -0.07989999651908875, -0.07880000025033951, -0.07249999791383743, 0.05530000105500221] gripper_raw=3.038 -> gripper_target=0.002m object_grasped=False
[INFO] [1789123181.796949801] [phase2_unclamped_run_node]: [step 18] dist=1.0147 raw_delta(rad)=[0.07660000026226044, 0.058400001376867294, -0.07840000092983246, -0.07989999651908875, 0.07349999994039536, 0.06629999727010727] gripper_raw=2.582 -> gripper_target=0.012m object_grasped=False
[INFO] [1789123183.501773585] [phase2_unclamped_run_node]: [step 19] dist=0.9954 raw_delta(rad)=[0.07620000094175339, 0.05400000140070915, -0.0754999965429306, -0.07989999651908875, 0.025599999353289604, 0.041200000792741776] gripper_raw=1.796 -> gripper_target=0.030m object_grasped=False
[INFO] [1789123185.407562033] [phase2_unclamped_run_node]: [step 20] dist=0.9727 raw_delta(rad)=[0.05829999968409538, -0.0142000000923872, -0.07199999690055847, -0.07999999821186066, 0.05040000006556511, 0.017000000923871994] gripper_raw=1.460 -> gripper_target=0.037m object_grasped=False
[INFO] [1789123187.112679981] [phase2_unclamped_run_node]: [step 21] dist=0.9331 raw_delta(rad)=[0.07590000331401825, 0.003700000001117587, -0.07689999788999557, -0.07840000092983246, 0.07509999722242355, -0.023000000044703484] gripper_raw=3.014 -> gripper_target=0.003m object_grasped=False
[INFO] [1789123189.218297179] [phase2_unclamped_run_node]: [step 22] dist=0.8973 raw_delta(rad)=[0.06889999657869339, 0.05730000138282776, -0.0737999975681305, -0.07989999651908875, 0.07760000228881836, 0.0017000000225380063] gripper_raw=2.365 -> gripper_target=0.017m object_grasped=False
[INFO] [1789123191.124284097] [phase2_unclamped_run_node]: [step 23] dist=0.8838 raw_delta(rad)=[0.06449999660253525, 0.05220000073313713, -0.049400001764297485, -0.07989999651908875, 0.04450000077486038, -0.04129999876022339] gripper_raw=3.133 -> gripper_target=0.000m object_grasped=False
[INFO] [1789123193.029105638] [phase2_unclamped_run_node]: [step 24] dist=0.8768 raw_delta(rad)=[0.0706000030040741, 0.06909999996423721, -0.07680000364780426, -0.07980000227689743, 0.07800000160932541, -0.004900000058114529] gripper_raw=1.288 -> gripper_target=0.041m object_grasped=False
[INFO] [1789123194.934503564] [phase2_unclamped_run_node]: [step 25] dist=0.8703 raw_delta(rad)=[0.010099999606609344, 0.06629999727010727, -0.04050000011920929, -0.07859999686479568, 0.07519999891519547, 0.0333000011742115] gripper_raw=2.721 -> gripper_target=0.009m object_grasped=False
[INFO] [1789123196.789289729] [phase2_unclamped_run_node]: [step 26] dist=0.8834 raw_delta(rad)=[0.0502999983727932, -0.009100000374019146, -0.043800000101327896, -0.07970000058412552, 0.07649999856948853, -0.00559999980032444] gripper_raw=2.774 -> gripper_target=0.008m object_grasped=False
[INFO] [1789123198.343175932] [phase2_unclamped_run_node]: [step 27] dist=0.8673 raw_delta(rad)=[0.054499998688697815, -0.01080000028014183, -0.04270000010728836, -0.07989999651908875, 0.07460000365972519, 0.03229999914765358] gripper_raw=3.086 -> gripper_target=0.001m object_grasped=False
[INFO] [1789123199.847063189] [phase2_unclamped_run_node]: [step 28] dist=0.8532 raw_delta(rad)=[0.04780000075697899, -0.01940000057220459, -0.04650000110268593, -0.07329999655485153, 0.07930000126361847, 0.012299999594688416] gripper_raw=0.819 -> gripper_target=0.052m object_grasped=False
[INFO] [1789123201.952942372] [phase2_unclamped_run_node]: [step 29] dist=0.8403 raw_delta(rad)=[0.03929999843239784, 0.013100000098347664, -0.05260000005364418, -0.07970000058412552, 0.07689999788999557, 0.023499999195337296] gripper_raw=-0.627 -> gripper_target=0.084m object_grasped=False
[INFO] [1789123203.857693710] [phase2_unclamped_run_node]: [step 30] dist=0.8406 raw_delta(rad)=[0.05000000074505806, 0.029600000008940697, 0.021400000900030136, -0.07940000295639038, 0.07900000363588333, 0.053300000727176666] gripper_raw=-1.374 -> gripper_target=0.101m object_grasped=False
[INFO] [1789123205.562464345] [phase2_unclamped_run_node]: [step 31] dist=0.8545 raw_delta(rad)=[-0.028200000524520874, -0.019899999722838402, 0.03880000114440918, -0.07670000195503235, 0.07980000227689743, 0.04879999905824661] gripper_raw=1.342 -> gripper_target=0.040m object_grasped=False
[INFO] [1789123207.868635167] [phase2_unclamped_run_node]: [step 32] dist=0.8719 raw_delta(rad)=[-0.030799999833106995, -0.03660000115633011, -0.03310000151395798, -0.06830000132322311, 0.07739999890327454, 0.043699998408555984] gripper_raw=-2.365 -> gripper_target=0.123m object_grasped=False
[INFO] [1789123210.324809271] [phase2_unclamped_run_node]: [step 33] dist=0.8767 raw_delta(rad)=[-0.023399999365210533, -0.03180000185966492, 0.03720000013709068, -0.0722000002861023, 0.07509999722242355, 0.05590000003576279] gripper_raw=-1.167 -> gripper_target=0.096m object_grasped=False
[INFO] [1789123212.029210039] [phase2_unclamped_run_node]: [step 34] dist=0.8903 raw_delta(rad)=[-0.049300000071525574, -0.056299999356269836, 0.05380000174045563, -0.07999999821186066, 0.06469999998807907, 0.04690000042319298] gripper_raw=-1.667 -> gripper_target=0.107m object_grasped=False
[INFO] [1789123213.735006722] [phase2_unclamped_run_node]: [step 35] dist=0.9043 raw_delta(rad)=[-0.05700000002980232, -0.060100000351667404, 0.0754999965429306, -0.07500000298023224, 0.0714000016450882, 0.04259999841451645] gripper_raw=-1.901 -> gripper_target=0.112m object_grasped=False
[INFO] [1789123215.290831502] [phase2_unclamped_run_node]: [step 36] dist=0.9213 raw_delta(rad)=[-0.03669999912381172, -0.05000000074505806, 0.034699998795986176, -0.07909999787807465, 0.06520000100135803, 0.04259999841451645] gripper_raw=1.296 -> gripper_target=0.041m object_grasped=False
[INFO] [1789123217.747383166] [phase2_unclamped_run_node]: [step 37] dist=0.9324 raw_delta(rad)=[-0.021199999377131462, -0.05810000002384186, 0.07509999722242355, -0.07989999651908875, 0.04690000042319298, -0.018799999728798866] gripper_raw=-0.828 -> gripper_target=0.088m object_grasped=False
[INFO] [1789123219.652456845] [phase2_unclamped_run_node]: [step 38] dist=0.9413 raw_delta(rad)=[0.020800000056624413, -0.043699998408555984, 0.06700000166893005, -0.07900000363588333, 0.03869999945163727, -0.041999999433755875] gripper_raw=-2.090 -> gripper_target=0.117m object_grasped=False
[INFO] [1789123221.557514382] [phase2_unclamped_run_node]: [step 39] dist=0.9443 raw_delta(rad)=[-0.020999999716877937, -0.0430000014603138, 0.06109999865293503, -0.07660000026226044, -0.031199999153614044, -0.03290000185370445] gripper_raw=-1.779 -> gripper_target=0.110m object_grasped=False
[INFO] [1789123223.062383273] [phase2_unclamped_run_node]: [step 40] dist=0.9482 raw_delta(rad)=[0.0013000000035390258, -0.06909999996423721, 0.06889999657869339, -0.07880000025033951, -0.0348999984562397, -0.03550000116229057] gripper_raw=-1.848 -> gripper_target=0.111m object_grasped=False
[INFO] [1789123224.616561971] [phase2_unclamped_run_node]: [step 41] dist=0.9403 raw_delta(rad)=[-0.00430000014603138, -0.04320000112056732, 0.06809999793767929, -0.07909999787807465, 0.008100000210106373, -0.05790000036358833] gripper_raw=-2.959 -> gripper_target=0.136m object_grasped=False
[INFO] [1789123226.521565609] [phase2_unclamped_run_node]: [step 42] dist=0.9455 raw_delta(rad)=[0.03370000049471855, -0.05810000002384186, 0.07720000296831131, -0.07909999787807465, 0.027400000020861626, -0.04569999873638153] gripper_raw=-2.813 -> gripper_target=0.133m object_grasped=False
[INFO] [1789123228.226878011] [phase2_unclamped_run_node]: [step 43] dist=0.9409 raw_delta(rad)=[0.037700001150369644, -0.04820000007748604, 0.0763000026345253, -0.07959999889135361, -0.01209999993443489, -0.06159999966621399] gripper_raw=-2.640 -> gripper_target=0.129m object_grasped=False
[INFO] [1789123229.933091262] [phase2_unclamped_run_node]: [step 44] dist=0.9350 raw_delta(rad)=[0.007300000172108412, -0.06419999897480011, 0.07720000296831131, -0.07599999755620956, -0.03920000046491623, -0.06430000066757202] gripper_raw=-2.980 -> gripper_target=0.136m object_grasped=False
[INFO] [1789123231.638375760] [phase2_unclamped_run_node]: [step 45] dist=0.9264 raw_delta(rad)=[0.03269999846816063, -0.06669999659061432, 0.0778999999165535, -0.05040000006556511, 0.0568000003695488, -0.06620000302791595] gripper_raw=-2.918 -> gripper_target=0.135m object_grasped=False
[INFO] [1789123233.142873480] [phase2_unclamped_run_node]: [step 46] dist=0.9161 raw_delta(rad)=[0.044599998742341995, -0.06530000269412994, 0.0771000012755394, -0.049400001764297485, -0.02370000071823597, -0.06769999861717224] gripper_raw=-2.523 -> gripper_target=0.126m object_grasped=False
[INFO] [1789123234.847734566] [phase2_unclamped_run_node]: [step 47] dist=0.8954 raw_delta(rad)=[0.051899999380111694, -0.06840000301599503, 0.07190000265836716, -0.0568000003695488, 0.039000000804662704, -0.07530000060796738] gripper_raw=-2.480 -> gripper_target=0.125m object_grasped=False
[INFO] [1789123236.352966909] [phase2_unclamped_run_node]: [step 48] dist=0.8750 raw_delta(rad)=[0.06260000169277191, -0.06120000034570694, 0.07699999958276749, -0.010099999606609344, 0.028300000354647636, -0.07349999994039536] gripper_raw=-2.626 -> gripper_target=0.129m object_grasped=False
[INFO] [1789123237.858748565] [phase2_unclamped_run_node]: [step 49] dist=0.8493 raw_delta(rad)=[0.06669999659061432, -0.062199998646974564, 0.07410000264644623, -0.06260000169277191, -0.014399999752640724, -0.05889999866485596] gripper_raw=-1.420 -> gripper_target=0.102m object_grasped=False
[INFO] [1789123239.564822383] [phase2_unclamped_run_node]: [step 50] dist=0.8228 raw_delta(rad)=[0.07540000230073929, -0.05649999901652336, 0.07199999690055847, 0.039400000125169754, 0.0348999984562397, -0.06889999657869339] gripper_raw=-1.917 -> gripper_target=0.113m object_grasped=False
[INFO] [1789123241.320227353] [phase2_unclamped_run_node]: [step 51] dist=0.7885 raw_delta(rad)=[0.06759999692440033, -0.029600000008940697, 0.06870000064373016, -0.03150000050663948, 0.032099999487400055, -0.06129999831318855] gripper_raw=-1.802 -> gripper_target=0.110m object_grasped=False
[INFO] [1789123243.025447080] [phase2_unclamped_run_node]: [step 52] dist=0.7785 raw_delta(rad)=[0.06939999759197235, -0.00039999998989515007, 0.06809999793767929, 0.03970000147819519, 0.03889999911189079, -0.05220000073313713] gripper_raw=-2.530 -> gripper_target=0.126m object_grasped=False
[INFO] [1789123244.932128950] [phase2_unclamped_run_node]: [step 53] dist=0.7793 raw_delta(rad)=[0.06909999996423721, 0.010400000028312206, 0.06830000132322311, 0.062199998646974564, 0.04830000177025795, -0.05090000107884407] gripper_raw=-1.980 -> gripper_target=0.114m object_grasped=False
[INFO] [1789123246.638517772] [phase2_unclamped_run_node]: [step 54] dist=0.7870 raw_delta(rad)=[0.07519999891519547, 0.03449999913573265, 0.07129999995231628, -0.0032999999821186066, 0.05770000070333481, -0.059300001710653305] gripper_raw=-2.583 -> gripper_target=0.128m object_grasped=False
[INFO] [1789123248.394536343] [phase2_unclamped_run_node]: [step 55] dist=0.8196 raw_delta(rad)=[0.07349999994039536, 0.031700000166893005, 0.06679999828338623, -0.008200000040233135, 0.05400000140070915, -0.05339999869465828] gripper_raw=-2.242 -> gripper_target=0.120m object_grasped=False
[INFO] [1789123250.099074260] [phase2_unclamped_run_node]: [step 56] dist=0.8510 raw_delta(rad)=[0.07540000230073929, 0.03929999843239784, 0.06080000102519989, 0.051100000739097595, 0.030400000512599945, -0.04410000145435333] gripper_raw=-1.641 -> gripper_target=0.107m object_grasped=False
[INFO] [1789123251.804707165] [phase2_unclamped_run_node]: [step 57] dist=0.8771 raw_delta(rad)=[0.07010000199079514, 0.04960000142455101, 0.06700000166893005, 0.04830000177025795, 0.011599999852478504, -0.04809999838471413] gripper_raw=-1.342 -> gripper_target=0.100m object_grasped=False
[INFO] [1789123253.509325935] [phase2_unclamped_run_node]: [step 58] dist=0.9099 raw_delta(rad)=[0.06360000371932983, 0.04989999905228615, 0.0689999982714653, 0.028300000354647636, 0.006599999964237213, -0.04859999939799309] gripper_raw=-2.404 -> gripper_target=0.124m object_grasped=False
[INFO] [1789123255.414574787] [phase2_unclamped_run_node]: [step 59] dist=0.9443 raw_delta(rad)=[0.06989999860525131, 0.04170000180602074, 0.05810000002384186, 0.008500000461935997, -0.002199999988079071, -0.0421999990940094] gripper_raw=-2.014 -> gripper_target=0.115m object_grasped=False
[INFO] [1789123257.119583416] [phase2_unclamped_run_node]: [step 60] dist=0.9692 raw_delta(rad)=[0.06689999997615814, 0.04179999977350235, 0.06310000270605087, 0.06790000200271606, 0.0430000014603138, -0.04639999940991402] gripper_raw=-2.488 -> gripper_target=0.125m object_grasped=False
[INFO] [1789123258.875542102] [phase2_unclamped_run_node]: [step 61] dist=0.9924 raw_delta(rad)=[0.05790000036358833, 0.0406000018119812, 0.05550000071525574, 0.06509999930858612, 0.009600000455975533, -0.04520000144839287] gripper_raw=-2.681 -> gripper_target=0.130m object_grasped=False
[INFO] [1789123260.380626341] [phase2_unclamped_run_node]: [step 62] dist=1.0109 raw_delta(rad)=[0.034299999475479126, 0.016599999740719795, 0.05469999834895134, 0.05719999969005585, 0.021800000220537186, -0.04129999876022339] gripper_raw=-2.836 -> gripper_target=0.133m object_grasped=False
[INFO] [1789123261.885460122] [phase2_unclamped_run_node]: [step 63] dist=1.0224 raw_delta(rad)=[0.062300000339746475, 0.015200000256299973, 0.0494999997317791, 0.017000000923871994, 0.01080000028014183, -0.03519999980926514] gripper_raw=-2.775 -> gripper_target=0.132m object_grasped=False
[INFO] [1789123263.440826696] [phase2_unclamped_run_node]: [step 64] dist=1.0266 raw_delta(rad)=[0.06480000168085098, 0.01640000008046627, 0.05000000074505806, 0.06719999760389328, 0.009200000204145908, -0.04500000178813934] gripper_raw=-2.917 -> gripper_target=0.135m object_grasped=False
[INFO] [1789123265.145448933] [phase2_unclamped_run_node]: [step 65] dist=1.0281 raw_delta(rad)=[0.06390000134706497, 0.00860000029206276, 0.027899999171495438, -0.0142000000923872, 0.008500000461935997, -0.04490000009536743] gripper_raw=-2.682 -> gripper_target=0.130m object_grasped=False
[INFO] [1789123266.649639191] [phase2_unclamped_run_node]: [step 66] dist=1.0229 raw_delta(rad)=[0.05620000138878822, 0.00139999995008111, 0.027300000190734863, 0.040800001472234726, 0.005499999970197678, -0.04879999905824661] gripper_raw=-2.914 -> gripper_target=0.135m object_grasped=False
[INFO] [1789123268.354062409] [phase2_unclamped_run_node]: [step 67] dist=1.0152 raw_delta(rad)=[0.024800000712275505, 0.013799999840557575, 0.02449999935925007, 0.07739999890327454, 0.0471000000834465, -0.036400001496076584] gripper_raw=-1.526 -> gripper_target=0.104m object_grasped=False
[INFO] [1789123270.463080052] [phase2_unclamped_run_node]: [step 68] dist=1.0185 raw_delta(rad)=[0.04650000110268593, -0.009999999776482582, 0.02669999934732914, 0.06360000371932983, -0.0005000000237487257, -0.04749999940395355] gripper_raw=-2.614 -> gripper_target=0.128m object_grasped=False
[INFO] [1789123272.168258052] [phase2_unclamped_run_node]: [step 69] dist=1.0092 raw_delta(rad)=[0.04800000041723251, 0.00430000014603138, 0.03350000083446503, 0.061799999326467514, -0.002099999925121665, -0.029400000348687172] gripper_raw=-2.816 -> gripper_target=0.133m object_grasped=False
[INFO] [1789123273.872829427] [phase2_unclamped_run_node]: [step 70] dist=1.0053 raw_delta(rad)=[0.04740000143647194, -0.010200000368058681, -0.004399999976158142, 0.04839999973773956, -0.060499999672174454, -0.050700001418590546] gripper_raw=-3.050 -> gripper_target=0.138m object_grasped=False
[INFO] [1789123275.577163205] [phase2_unclamped_run_node]: [step 71] dist=0.9940 raw_delta(rad)=[0.05130000039935112, 0.007600000128149986, -0.011900000274181366, 0.07859999686479568, -0.04919999837875366, -0.03290000185370445] gripper_raw=-2.557 -> gripper_target=0.127m object_grasped=False
[INFO] [1789123277.081506052] [phase2_unclamped_run_node]: [step 72] dist=0.9884 raw_delta(rad)=[0.045099999755620956, 0.018400000408291817, -0.002400000113993883, 0.044599998742341995, -0.05979999899864197, -0.047600001096725464] gripper_raw=-2.268 -> gripper_target=0.121m object_grasped=False
[INFO] [1789123278.585901171] [phase2_unclamped_run_node]: [step 73] dist=0.9881 raw_delta(rad)=[0.013899999670684338, 0.01360000018030405, -0.002899999963119626, -0.011599999852478504, -0.04129999876022339, -0.028200000524520874] gripper_raw=-2.804 -> gripper_target=0.132m object_grasped=False
[INFO] [1789123280.290799003] [phase2_unclamped_run_node]: [step 74] dist=0.9891 raw_delta(rad)=[0.025100000202655792, 0.016100000590085983, 0.01209999993443489, 0.03830000013113022, -0.05770000070333481, -0.04540000110864639] gripper_raw=-2.422 -> gripper_target=0.124m object_grasped=False
[INFO] [1789123281.846742627] [phase2_unclamped_run_node]: [step 75] dist=0.9941 raw_delta(rad)=[0.010599999688565731, 0.027899999171495438, -0.012400000356137753, 0.017999999225139618, -0.03460000082850456, -0.045499999076128006] gripper_raw=-2.656 -> gripper_target=0.129m object_grasped=False
[INFO] [1789123283.551292181] [phase2_unclamped_run_node]: [step 76] dist=0.9991 raw_delta(rad)=[0.009499999694526196, 0.011900000274181366, -0.02280000038444996, 0.07639999687671661, -0.06700000166893005, -0.043699998408555984] gripper_raw=-2.271 -> gripper_target=0.121m object_grasped=False
[INFO] [1789123285.055818366] [phase2_unclamped_run_node]: [step 77] dist=1.0067 raw_delta(rad)=[-0.011599999852478504, 0.020500000566244125, -0.02419999986886978, 0.03229999914765358, -0.07000000029802322, -0.02759999968111515] gripper_raw=-2.404 -> gripper_target=0.124m object_grasped=False
[INFO] [1789123286.761123932] [phase2_unclamped_run_node]: [step 78] dist=1.0174 raw_delta(rad)=[-0.011300000362098217, 0.0215000007301569, -0.03180000185966492, 0.03139999881386757, -0.024800000712275505, -0.03200000151991844] gripper_raw=-2.369 -> gripper_target=0.123m object_grasped=False
[INFO] [1789123288.266563047] [phase2_unclamped_run_node]: [step 79] dist=1.0242 raw_delta(rad)=[0.007600000128149986, 0.005100000184029341, -0.02290000021457672, 0.026399999856948853, -0.04960000142455101, -0.03310000151395798] gripper_raw=-2.389 -> gripper_target=0.123m object_grasped=False
[INFO] [1789123289.771057222] [phase2_unclamped_run_node]: [step 80] dist=1.0262 raw_delta(rad)=[-0.020099999383091927, 0.04019999876618385, -0.03189999982714653, 0.024299999698996544, -0.05700000002980232, -0.03590000048279762] gripper_raw=0.035 -> gripper_target=0.069m object_grasped=False
[INFO] [1789123291.877061904] [phase2_unclamped_run_node]: [step 81] dist=1.0402 raw_delta(rad)=[0.03400000184774399, 0.0, -0.04529999941587448, 0.0215000007301569, -0.060100000351667404, -0.04439999908208847] gripper_raw=-1.958 -> gripper_target=0.114m object_grasped=False
[INFO] [1789123293.782602474] [phase2_unclamped_run_node]: [step 82] dist=1.0322 raw_delta(rad)=[-0.023399999365210533, 0.010900000110268593, 0.030300000682473183, -0.002300000051036477, -0.02930000051856041, 0.0017000000225380063] gripper_raw=-2.700 -> gripper_target=0.130m object_grasped=False
[INFO] [1789123295.487550360] [phase2_unclamped_run_node]: [step 83] dist=1.0459 raw_delta(rad)=[0.00419999985024333, 0.015799999237060547, -0.05460000038146973, -0.07150000333786011, -0.04780000075697899, -0.011800000444054604] gripper_raw=-0.807 -> gripper_target=0.088m object_grasped=False
[INFO] [1789123297.393033608] [phase2_unclamped_run_node]: [step 84] dist=1.0359 raw_delta(rad)=[-0.048500001430511475, 0.011300000362098217, -0.032499998807907104, -0.0006000000284984708, -0.06750000268220901, 0.009700000286102295] gripper_raw=-2.792 -> gripper_target=0.132m object_grasped=False
[INFO] [1789123299.298062724] [phase2_unclamped_run_node]: [step 85] dist=1.0473 raw_delta(rad)=[0.004900000058114529, -0.01080000028014183, -0.020400000736117363, -0.07429999858140945, -0.057999998331069946, -0.019500000402331352] gripper_raw=-2.193 -> gripper_target=0.119m object_grasped=False
[INFO] [1789123300.803528582] [phase2_unclamped_run_node]: [step 86] dist=1.0369 raw_delta(rad)=[-0.04320000112056732, 0.016300000250339508, -0.060499999672174454, -0.07810000330209732, -0.06109999865293503, -0.0005000000237487257] gripper_raw=2.405 -> gripper_target=0.016m object_grasped=False
[INFO] [1789123303.360757918] [phase2_unclamped_run_node]: [step 87] dist=1.0343 raw_delta(rad)=[0.04399999976158142, 0.025200000032782555, -0.06599999964237213, -0.052400000393390656, 0.03539999946951866, 0.0272000003606081] gripper_raw=0.890 -> gripper_target=0.050m object_grasped=False
[INFO] [1789123305.469384800] [phase2_unclamped_run_node]: [step 88] dist=1.0128 raw_delta(rad)=[-0.019500000402331352, -0.017000000923871994, -0.045899998396635056, -0.05570000037550926, -0.06159999966621399, -0.02199999988079071] gripper_raw=-2.733 -> gripper_target=0.131m object_grasped=False
[INFO] [1789123307.925417903] [phase2_unclamped_run_node]: [step 89] dist=1.0030 raw_delta(rad)=[-0.012299999594688416, -0.005499999970197678, -0.06419999897480011, -0.07660000026226044, 0.03099999949336052, -0.009700000286102295] gripper_raw=1.551 -> gripper_target=0.035m object_grasped=False
[INFO] [1789123310.433765561] [phase2_unclamped_run_node]: [step 90] dist=0.9842 raw_delta(rad)=[-0.06480000168085098, 0.020500000566244125, -0.03150000050663948, 0.030300000682473183, -0.054499998688697815, -0.020899999886751175] gripper_raw=-0.697 -> gripper_target=0.086m object_grasped=False
[INFO] [1789123312.339078809] [phase2_unclamped_run_node]: [step 91] dist=0.9971 raw_delta(rad)=[0.02019999921321869, -0.004000000189989805, -0.020500000566244125, -0.07329999655485153, 0.02160000056028366, 0.00989999994635582] gripper_raw=0.397 -> gripper_target=0.061m object_grasped=False
[INFO] [1789123314.045277567] [phase2_unclamped_run_node]: [step 92] dist=0.9836 raw_delta(rad)=[0.009600000455975533, 0.010999999940395355, -0.03150000050663948, 0.032600000500679016, -0.0333000011742115, -0.050700001418590546] gripper_raw=-1.859 -> gripper_target=0.111m object_grasped=False
[INFO] [1789123316.151493006] [phase2_unclamped_run_node]: [step 93] dist=0.9815 raw_delta(rad)=[0.005200000014156103, 0.007699999958276749, -0.04839999973773956, -0.0284000001847744, -0.01850000023841858, -0.003100000089034438] gripper_raw=0.362 -> gripper_target=0.062m object_grasped=False
[INFO] [1789123318.257904011] [phase2_unclamped_run_node]: [step 94] dist=0.9717 raw_delta(rad)=[-0.022299999371170998, -0.006800000090152025, -0.06809999793767929, -0.07240000367164612, -0.06030000001192093, -0.057100001722574234] gripper_raw=-0.134 -> gripper_target=0.073m object_grasped=False
[INFO] [1789123320.163087137] [phase2_unclamped_run_node]: [step 95] dist=0.9585 raw_delta(rad)=[-0.046799998730421066, 0.004000000189989805, -0.05770000070333481, -0.030899999663233757, -0.009100000374019146, -0.017899999395012856] gripper_raw=-1.976 -> gripper_target=0.114m object_grasped=False
[INFO] [1789123322.067795647] [phase2_unclamped_run_node]: [step 96] dist=0.9519 raw_delta(rad)=[-0.047200001776218414, -0.024299999698996544, -0.06710000336170197, -0.04879999905824661, 0.002099999925121665, -0.056699998676776886] gripper_raw=0.846 -> gripper_target=0.051m object_grasped=False
[INFO] [1789123324.373557636] [phase2_unclamped_run_node]: [step 97] dist=0.9337 raw_delta(rad)=[0.04859999939799309, -0.010900000110268593, -0.07569999992847443, 0.07150000333786011, -0.07779999822378159, -0.05689999833703041] gripper_raw=-1.799 -> gripper_target=0.110m object_grasped=False
[INFO] [1789123326.629519054] [phase2_unclamped_run_node]: [step 98] dist=0.9130 raw_delta(rad)=[0.018200000748038292, 0.03579999879002571, -0.057100001722574234, 0.06729999929666519, -0.07419999688863754, -0.07329999655485153] gripper_raw=-2.178 -> gripper_target=0.119m object_grasped=False
[INFO] [1789123328.333770110] [phase2_unclamped_run_node]: [step 99] dist=0.9130 raw_delta(rad)=[0.021199999377131462, 0.007899999618530273, -0.06719999760389328, 0.053199999034404755, -0.07729999721050262, -0.044199999421834946] gripper_raw=-2.685 -> gripper_target=0.130m object_grasped=False
[INFO] [1789123330.088840424] [phase2_unclamped_run_node]: [step 100] dist=0.9037 raw_delta(rad)=[0.03500000014901161, 0.030799999833106995, -0.046799998730421066, 0.03420000150799751, -0.03150000050663948, -0.0640999972820282] gripper_raw=-2.381 -> gripper_target=0.123m object_grasped=False
[INFO] [1789123331.643665479] [phase2_unclamped_run_node]: [step 101] dist=0.9013 raw_delta(rad)=[-0.000699999975040555, -0.020099999383091927, -0.06889999657869339, 0.0333000011742115, -0.06520000100135803, -0.03269999846816063] gripper_raw=-3.037 -> gripper_target=0.138m object_grasped=False
[INFO] [1789123333.549328211] [phase2_unclamped_run_node]: [step 102] dist=0.8861 raw_delta(rad)=[-0.0215000007301569, -0.019300000742077827, -0.04010000079870224, 0.05609999969601631, -0.07599999755620956, -0.03519999980926514] gripper_raw=-2.899 -> gripper_target=0.135m object_grasped=False
[INFO] [1789123335.254711210] [phase2_unclamped_run_node]: [step 103] dist=0.8791 raw_delta(rad)=[-0.0015999999595806003, -0.03099999949336052, -0.029500000178813934, 0.025599999353289604, -0.06260000169277191, -0.02419999986886978] gripper_raw=-3.050 -> gripper_target=0.138m object_grasped=False
[INFO] [1789123336.759736661] [phase2_unclamped_run_node]: [step 104] dist=0.8705 raw_delta(rad)=[-0.06440000236034393, -0.05079999938607216, -0.013899999670684338, 0.04520000144839287, -0.016699999570846558, -0.02290000021457672] gripper_raw=-2.874 -> gripper_target=0.134m object_grasped=False
[INFO] [1789123338.464535141] [phase2_unclamped_run_node]: [step 105] dist=0.8534 raw_delta(rad)=[-0.026799999177455902, -0.04749999940395355, -0.029400000348687172, 0.06260000169277191, -0.06880000233650208, -0.0544000007212162] gripper_raw=-3.039 -> gripper_target=0.138m object_grasped=False
[INFO] [1789123340.173332397] [phase2_unclamped_run_node]: [step 106] dist=0.8380 raw_delta(rad)=[-0.041099999099969864, -0.040699999779462814, -0.007300000172108412, 0.035999998450279236, -0.05299999937415123, 0.029400000348687172] gripper_raw=-2.999 -> gripper_target=0.137m object_grasped=False
[INFO] [1789123341.677631413] [phase2_unclamped_run_node]: [step 107] dist=0.8253 raw_delta(rad)=[-0.013700000010430813, -0.01590000092983246, -0.04430000111460686, 0.010300000198185444, -0.06419999897480011, -0.04800000041723251] gripper_raw=-3.010 -> gripper_target=0.137m object_grasped=False
[INFO] [1789123342.983585430] [phase2_unclamped_run_node]: [step 108] dist=0.8135 raw_delta(rad)=[0.04450000077486038, -0.03970000147819519, 0.015200000256299973, -0.019200000911951065, -0.06780000030994415, -0.0714000016450882] gripper_raw=-2.533 -> gripper_target=0.126m object_grasped=False
[INFO] [1789123344.738766507] [phase2_unclamped_run_node]: [step 109] dist=0.8189 raw_delta(rad)=[-0.03739999979734421, -0.0478999987244606, -0.02590000070631504, 0.031599998474121094, -0.06210000067949295, -0.03310000151395798] gripper_raw=-2.805 -> gripper_target=0.133m object_grasped=False
[INFO] [1789123346.443547783] [phase2_unclamped_run_node]: [step 110] dist=0.7994 raw_delta(rad)=[-0.04780000075697899, -0.06700000166893005, -0.0568000003695488, -0.006399999838322401, -0.04039999842643738, -0.05920000001788139] gripper_raw=-2.875 -> gripper_target=0.134m object_grasped=False
[INFO] [1789123348.148748665] [phase2_unclamped_run_node]: [step 111] dist=0.7628 raw_delta(rad)=[-0.028599999845027924, -0.05510000139474869, -0.022099999710917473, 0.0731000006198883, -0.07079999893903732, -0.004399999976158142] gripper_raw=-2.109 -> gripper_target=0.117m object_grasped=False
[INFO] [1789123350.053497825] [phase2_unclamped_run_node]: [step 112] dist=0.7415 raw_delta(rad)=[-0.061000000685453415, -0.061000000685453415, -0.003800000064074993, 0.029100000858306885, -0.04529999941587448, 0.00430000014603138] gripper_raw=-1.271 -> gripper_target=0.098m object_grasped=False
[INFO] [1789123351.758432181] [phase2_unclamped_run_node]: [step 113] dist=0.7110 raw_delta(rad)=[0.010300000198185444, -0.06120000034570694, 0.014399999752640724, 0.04800000041723251, -0.05990000069141388, -0.0568000003695488] gripper_raw=-2.432 -> gripper_target=0.124m object_grasped=False
[INFO] [1789123353.663172650] [phase2_unclamped_run_node]: [step 114] dist=0.7033 raw_delta(rad)=[0.04490000009536743, -0.05739999935030937, 0.004999999888241291, 0.054099999368190765, -0.07880000025033951, 0.017999999225139618] gripper_raw=-2.817 -> gripper_target=0.133m object_grasped=False
[INFO] [1789123355.367826875] [phase2_unclamped_run_node]: [step 115] dist=0.7093 raw_delta(rad)=[-0.07419999688863754, 0.04729999974370003, -0.07850000262260437, -0.07569999992847443, -0.0284000001847744, -0.039400000125169754] gripper_raw=2.547 -> gripper_target=0.013m object_grasped=False
[INFO] [1789123358.224642148] [phase2_unclamped_run_node]: [step 116] dist=0.6884 raw_delta(rad)=[-0.06719999760389328, 0.0008999999845400453, -0.07919999957084656, -0.06849999725818634, -0.04479999840259552, 0.0632999986410141] gripper_raw=2.705 -> gripper_target=0.010m object_grasped=False
[INFO] [1789123359.779809586] [phase2_unclamped_run_node]: [step 117] dist=0.6640 raw_delta(rad)=[-0.0681999996304512, -0.04430000111460686, -0.061400000005960464, 0.0203000009059906, 0.052400000393390656, 0.029600000008940697] gripper_raw=2.700 -> gripper_target=0.010m object_grasped=False
[INFO] [1789123361.284797765] [phase2_unclamped_run_node]: [step 118] dist=0.6182 raw_delta(rad)=[0.03449999913573265, -0.0414000004529953, 0.013299999758601189, 0.0052999998442828655, -0.06610000133514404, -0.014299999922513962] gripper_raw=-2.530 -> gripper_target=0.126m object_grasped=False
[INFO] [1789123363.992534913] [phase2_unclamped_run_node]: [step 119] dist=0.6239 raw_delta(rad)=[-0.0771000012755394, 0.05139999836683273, -0.07320000231266022, -0.01549999974668026, -0.039400000125169754, -0.034699998795986176] gripper_raw=-1.123 -> gripper_target=0.095m object_grasped=False
[INFO] [1789123365.697634147] [phase2_unclamped_run_node]: [step 120] dist=0.6146 raw_delta(rad)=[-0.07370000332593918, 0.032999999821186066, -0.06809999793767929, -0.06419999897480011, -0.07729999721050262, 0.05260000005364418] gripper_raw=-1.174 -> gripper_target=0.096m object_grasped=False
[INFO] [1789123367.202108177] [phase2_unclamped_run_node]: [step 121] dist=0.6145 raw_delta(rad)=[-0.05790000036358833, 0.0017000000225380063, -0.05389999970793724, -0.06239999830722809, -0.052299998700618744, 0.0763000026345253] gripper_raw=1.953 -> gripper_target=0.026m object_grasped=False
[ERROR] [1789123367.354944338] [phase2_unclamped_run_node]: Step failed: Current goal cancelled during deactivate transition.
[ERROR] [1789123367.355283901] [phase2_unclamped_run_node]: [step 121] Step execution failed -- stopping run.
[INFO] [1789123367.355691563] [phase2_unclamped_run_node]: === UNCLAMPED RUN ENDED ===

[exited with code 0]
