[INFO] [1789125904.416530340] [phase2_unclamped_run_node]: Loading SAC checkpoint: /home/anand/isaac_sac_checkpoints/repo/rl_logs_7hr_final/ur5e_isaac_sac_final.zip (legacy=True)
[INFO] [1789125904.860704846] [phase2_unclamped_run_node]: Checkpoint loaded.
[INFO] [1789125905.761750260] [phase2_unclamped_run_node]: Opening gripper and moving to real_home_position...
[INFO] [1789125914.727695731] [phase2_unclamped_run_node]: move_to_start: reached and verified.
[INFO] [1789125914.728022738] [phase2_unclamped_run_node]: === UNCLAMPED RUN: raw policy deltas (bounded +/-0.08rad), 0.3s/step, max 500 steps, gripper force=1.0 speed=0.3 ===
[INFO] [1789125914.729922498] [phase2_unclamped_run_node]: [step 00] dist=1.3257 raw_delta(rad)=[0.050999999046325684, 0.01549999974668026, -0.07689999788999557, -0.0617000013589859, 0.0013000000035390258, 0.07429999858140945] gripper_raw=-2.114 -> gripper_target=0.117m object_grasped=False
[INFO] [1789125916.388594739] [phase2_unclamped_run_node]: [step 01] dist=1.3663 raw_delta(rad)=[0.07479999959468842, 0.05339999869465828, -0.07500000298023224, -0.04969999939203262, -0.06159999966621399, 0.07909999787807465] gripper_raw=-0.592 -> gripper_target=0.083m object_grasped=False
[INFO] [1789125918.093016039] [phase2_unclamped_run_node]: [step 02] dist=1.3824 raw_delta(rad)=[0.06629999727010727, -0.07900000363588333, -0.0786999985575676, -0.07599999755620956, -0.07370000332593918, 0.047200001776218414] gripper_raw=-0.407 -> gripper_target=0.079m object_grasped=False
[INFO] [1789125919.447329486] [phase2_unclamped_run_node]: [step 03] dist=1.4396 raw_delta(rad)=[0.06679999828338623, 0.00019999999494757503, -0.07890000194311142, -0.0722000002861023, -0.07419999688863754, 0.0771000012755394] gripper_raw=-0.033 -> gripper_target=0.071m object_grasped=False
[INFO] [1789125920.752447700] [phase2_unclamped_run_node]: [step 04] dist=1.4630 raw_delta(rad)=[0.058800000697374344, -0.07490000128746033, -0.07909999787807465, -0.07569999992847443, -0.06499999761581421, 0.07880000025033951] gripper_raw=0.405 -> gripper_target=0.061m object_grasped=False
[INFO] [1789125922.056796352] [phase2_unclamped_run_node]: [step 05] dist=1.4973 raw_delta(rad)=[0.0697999969124794, -0.033399999141693115, -0.07880000025033951, -0.07959999889135361, -0.04149999842047691, 0.07940000295639038] gripper_raw=-0.698 -> gripper_target=0.086m object_grasped=False
[INFO] [1789125923.561919756] [phase2_unclamped_run_node]: [step 06] dist=1.5125 raw_delta(rad)=[0.06689999997615814, -0.06459999829530716, -0.07940000295639038, -0.07750000059604645, -0.07620000094175339, 0.07370000332593918] gripper_raw=-1.695 -> gripper_target=0.108m object_grasped=False
[INFO] [1789125925.117119938] [phase2_unclamped_run_node]: [step 07] dist=1.5105 raw_delta(rad)=[0.06400000303983688, 0.07320000231266022, -0.07909999787807465, -0.07959999889135361, -0.07769999653100967, 0.07859999686479568] gripper_raw=0.599 -> gripper_target=0.057m object_grasped=False
[INFO] [1789125927.222619069] [phase2_unclamped_run_node]: [step 08] dist=1.4882 raw_delta(rad)=[0.07419999688863754, -0.02459999918937683, -0.07930000126361847, -0.07999999821186066, -0.07289999723434448, 0.07800000160932541] gripper_raw=-1.570 -> gripper_target=0.105m object_grasped=False
[INFO] [1789125928.928407719] [phase2_unclamped_run_node]: [step 09] dist=1.4557 raw_delta(rad)=[0.0608999989926815, -0.06920000165700912, -0.07670000195503235, -0.07940000295639038, -0.0771000012755394, 0.0778999999165535] gripper_raw=1.163 -> gripper_target=0.044m object_grasped=False
[INFO] [1789125930.834417661] [phase2_unclamped_run_node]: [step 10] dist=1.4193 raw_delta(rad)=[0.0731000006198883, -9.999999747378752e-05, -0.0794999971985817, -0.07919999957084656, -0.0754999965429306, 0.07880000025033951] gripper_raw=0.643 -> gripper_target=0.056m object_grasped=False
[INFO] [1789125932.338886980] [phase2_unclamped_run_node]: [step 11] dist=1.3619 raw_delta(rad)=[0.07680000364780426, -0.062300000339746475, -0.07530000060796738, -0.07259999960660934, -0.07729999721050262, 0.07930000126361847] gripper_raw=-2.853 -> gripper_target=0.134m object_grasped=False
[INFO] [1789125934.644027164] [phase2_unclamped_run_node]: [step 12] dist=1.2826 raw_delta(rad)=[0.07810000330209732, 0.07930000126361847, -0.07850000262260437, -0.07970000058412552, -0.07360000163316727, 0.07779999822378159] gripper_raw=-1.741 -> gripper_target=0.109m object_grasped=False
[INFO] [1789125936.148127822] [phase2_unclamped_run_node]: [step 13] dist=1.2163 raw_delta(rad)=[0.0786999985575676, 0.06610000133514404, -0.07970000058412552, -0.07940000295639038, -0.07850000262260437, 0.066600002348423] gripper_raw=-2.738 -> gripper_target=0.131m object_grasped=False
[INFO] [1789125937.852222581] [phase2_unclamped_run_node]: [step 14] dist=1.1414 raw_delta(rad)=[0.07999999821186066, 0.07750000059604645, -0.07999999821186066, -0.07880000025033951, -0.07769999653100967, 0.07930000126361847] gripper_raw=-2.789 -> gripper_target=0.132m object_grasped=False
[INFO] [1789125939.356228306] [phase2_unclamped_run_node]: [step 15] dist=1.0690 raw_delta(rad)=[0.07989999651908875, 0.07970000058412552, -0.07819999754428864, -0.07980000227689743, -0.07039999961853027, 0.0738999992609024] gripper_raw=-2.695 -> gripper_target=0.130m object_grasped=False
[INFO] [1789125940.660331200] [phase2_unclamped_run_node]: [step 16] dist=1.0018 raw_delta(rad)=[0.07999999821186066, 0.07289999723434448, -0.07729999721050262, -0.07980000227689743, -0.04989999905228615, 0.0034000000450760126] gripper_raw=-3.058 -> gripper_target=0.138m object_grasped=False
[INFO] [1789125942.015007453] [phase2_unclamped_run_node]: [step 17] dist=0.9427 raw_delta(rad)=[0.07989999651908875, 0.023499999195337296, -0.0794999971985817, -0.07989999651908875, -0.040800001472234726, 0.0272000003606081] gripper_raw=-2.933 -> gripper_target=0.135m object_grasped=False
[INFO] [1789125943.520543425] [phase2_unclamped_run_node]: [step 18] dist=0.8723 raw_delta(rad)=[0.07999999821186066, 0.04619999974966049, -0.07400000095367432, -0.07859999686479568, -0.07760000228881836, 0.06530000269412994] gripper_raw=-2.898 -> gripper_target=0.135m object_grasped=False
[INFO] [1789125944.826091224] [phase2_unclamped_run_node]: [step 19] dist=0.8108 raw_delta(rad)=[0.07989999651908875, 0.01810000091791153, -0.07769999653100967, -0.0794999971985817, -0.0723000019788742, 0.0024999999441206455] gripper_raw=-3.127 -> gripper_target=0.140m object_grasped=False
[INFO] [1789125946.130207874] [phase2_unclamped_run_node]: [step 20] dist=0.7501 raw_delta(rad)=[0.07989999651908875, 0.065700002014637, -0.0007999999797903001, -0.07769999653100967, -0.023499999195337296, 0.06549999862909317] gripper_raw=-3.052 -> gripper_target=0.138m object_grasped=False
[INFO] [1789125947.484158893] [phase2_unclamped_run_node]: [step 21] dist=0.7505 raw_delta(rad)=[0.05400000140070915, 0.07240000367164612, -0.07580000162124634, -0.07670000195503235, -0.03269999846816063, 0.06970000267028809] gripper_raw=-3.033 -> gripper_target=0.138m object_grasped=False
[INFO] [1789125948.788047896] [phase2_unclamped_run_node]: [step 22] dist=0.7381 raw_delta(rad)=[0.0689999982714653, 0.0731000006198883, -0.06809999793767929, -0.07410000264644623, 0.015699999406933784, 0.06769999861717224] gripper_raw=-3.092 -> gripper_target=0.139m object_grasped=False
[INFO] [1789125950.292270998] [phase2_unclamped_run_node]: [step 23] dist=0.7330 raw_delta(rad)=[0.06930000334978104, 0.03720000013709068, -0.02800000086426735, -0.0794999971985817, 0.0007999999797903001, 0.07590000331401825] gripper_raw=-3.075 -> gripper_target=0.139m object_grasped=False
[INFO] [1789125951.597383752] [phase2_unclamped_run_node]: [step 24] dist=0.7316 raw_delta(rad)=[-0.05209999904036522, 0.07989999651908875, -0.07989999651908875, -0.05649999901652336, -0.011699999682605267, 0.06620000302791595] gripper_raw=-2.609 -> gripper_target=0.128m object_grasped=False
[INFO] [1789125952.952348743] [phase2_unclamped_run_node]: [step 25] dist=0.7380 raw_delta(rad)=[-0.052000001072883606, 0.07940000295639038, -0.07989999651908875, 0.001500000013038516, -0.07840000092983246, 0.07580000162124634] gripper_raw=-1.359 -> gripper_target=0.100m object_grasped=False
[INFO] [1789125954.457642620] [phase2_unclamped_run_node]: [step 26] dist=0.7478 raw_delta(rad)=[-0.0632999986410141, 0.07980000227689743, -0.07909999787807465, 0.009999999776482582, -0.017799999564886093, 0.0723000019788742] gripper_raw=-2.229 -> gripper_target=0.120m object_grasped=False
[INFO] [1789125956.163102005] [phase2_unclamped_run_node]: [step 27] dist=0.7573 raw_delta(rad)=[-0.014999999664723873, 0.0794999971985817, -0.07989999651908875, -0.07580000162124634, -0.07940000295639038, 0.07980000227689743] gripper_raw=0.395 -> gripper_target=0.061m object_grasped=False
[INFO] [1789125958.268895070] [phase2_unclamped_run_node]: [step 28] dist=0.7643 raw_delta(rad)=[-0.05999999865889549, 0.07729999721050262, -0.0794999971985817, -0.0544000007212162, -0.07289999723434448, 0.07779999822378159] gripper_raw=-0.806 -> gripper_target=0.088m object_grasped=False
[INFO] [1789125959.974123583] [phase2_unclamped_run_node]: [step 29] dist=0.7808 raw_delta(rad)=[-0.049300000071525574, 0.0786999985575676, -0.07989999651908875, -0.0658000037074089, -0.0357000008225441, 0.07069999724626541] gripper_raw=0.091 -> gripper_target=0.068m object_grasped=False
[ERROR] [1789125960.225544442] [phase2_unclamped_run_node]: Step failed: Current goal cancelled during deactivate transition.
[ERROR] [1789125960.225912320] [phase2_unclamped_run_node]: [step 29] Step execution failed -- stopping run.
[INFO] [1789125960.226311090] [phase2_unclamped_run_node]: === UNCLAMPED RUN ENDED ===

[exited with code 0]
