[INFO] [1789123559.449877617] [phase2_unclamped_run_node]: Loading SAC checkpoint: /home/anand/isaac_sac_checkpoints/repo/rl_logs_7hr_final/ur5e_isaac_sac_final.zip (legacy=True)
[INFO] [1789123559.866452403] [phase2_unclamped_run_node]: Checkpoint loaded.
[INFO] [1789123560.567306301] [phase2_unclamped_run_node]: Opening gripper and moving to real_home_position...
[INFO] [1789123569.734621704] [phase2_unclamped_run_node]: move_to_start: reached and verified.
[INFO] [1789123569.734926798] [phase2_unclamped_run_node]: === UNCLAMPED RUN: raw policy deltas (bounded +/-0.08rad), 0.3s/step, max 500 steps, gripper force=1.0 speed=0.3 ===
[INFO] [1789123569.736816436] [phase2_unclamped_run_node]: [step 00] dist=1.2251 raw_delta(rad)=[0.07919999957084656, 0.05950000137090683, -0.07039999961853027, -0.07670000195503235, -0.018699999898672104, -0.0421999990940094] gripper_raw=-1.517 -> gripper_target=0.104m object_grasped=False
[INFO] [1789123571.641442862] [phase2_unclamped_run_node]: [step 01] dist=1.2349 raw_delta(rad)=[0.07940000295639038, -0.023499999195337296, -0.07980000227689743, -0.07729999721050262, -0.05640000104904175, 0.07280000299215317] gripper_raw=-1.150 -> gripper_target=0.096m object_grasped=False
[INFO] [1789123573.146407548] [phase2_unclamped_run_node]: [step 02] dist=1.2693 raw_delta(rad)=[0.07999999821186066, -0.04479999840259552, -0.07980000227689743, -0.07999999821186066, -0.0771000012755394, 0.07609999924898148] gripper_raw=1.031 -> gripper_target=0.047m object_grasped=False
[INFO] [1789123575.051307591] [phase2_unclamped_run_node]: [step 03] dist=1.2996 raw_delta(rad)=[0.07880000025033951, 0.052000001072883606, -0.07970000058412552, -0.07999999821186066, -0.07930000126361847, 0.07609999924898148] gripper_raw=-2.861 -> gripper_target=0.134m object_grasped=False
[INFO] [1789123577.356808947] [phase2_unclamped_run_node]: [step 04] dist=1.2967 raw_delta(rad)=[0.07989999651908875, 0.0031999999191612005, -0.07970000058412552, -0.07999999821186066, -0.04129999876022339, 0.07509999722242355] gripper_raw=-1.815 -> gripper_target=0.110m object_grasped=False
[INFO] [1789123579.061008456] [phase2_unclamped_run_node]: [step 05] dist=1.3023 raw_delta(rad)=[0.07989999651908875, 0.0681999996304512, -0.06260000169277191, -0.05380000174045563, 0.06400000303983688, 0.07959999889135361] gripper_raw=-2.648 -> gripper_target=0.129m object_grasped=False
[INFO] [1789123580.565434408] [phase2_unclamped_run_node]: [step 06] dist=1.2987 raw_delta(rad)=[0.07819999754428864, 0.07959999889135361, -0.07890000194311142, -0.07980000227689743, -0.06019999831914902, 0.07900000363588333] gripper_raw=-3.002 -> gripper_target=0.137m object_grasped=False
[INFO] [1789123582.070187502] [phase2_unclamped_run_node]: [step 07] dist=1.2855 raw_delta(rad)=[0.07980000227689743, 0.07440000027418137, -0.01590000092983246, -0.04470000043511391, -0.07999999821186066, 0.07989999651908875] gripper_raw=-2.867 -> gripper_target=0.134m object_grasped=False
[INFO] [1789123583.574586161] [phase2_unclamped_run_node]: [step 08] dist=1.2748 raw_delta(rad)=[0.07999999821186066, -0.011300000362098217, -0.07010000199079514, -0.07940000295639038, -0.02879999950528145, 0.07989999651908875] gripper_raw=-2.973 -> gripper_target=0.136m object_grasped=False
[INFO] [1789123585.078757715] [phase2_unclamped_run_node]: [step 09] dist=1.2662 raw_delta(rad)=[0.06939999759197235, 0.05660000070929527, -0.07450000196695328, -0.07909999787807465, -0.005499999970197678, 0.07980000227689743] gripper_raw=-3.123 -> gripper_target=0.140m object_grasped=False
[INFO] [1789123586.433636882] [phase2_unclamped_run_node]: [step 10] dist=1.2550 raw_delta(rad)=[0.07859999686479568, -0.015699999406933784, -0.07000000029802322, -0.054499998688697815, 0.016599999740719795, 0.0794999971985817] gripper_raw=-3.095 -> gripper_target=0.139m object_grasped=False
[INFO] [1789123587.787807925] [phase2_unclamped_run_node]: [step 11] dist=1.2389 raw_delta(rad)=[0.061900001019239426, 0.010300000198185444, -0.07940000295639038, -0.07129999995231628, -0.07819999754428864, 0.07900000363588333] gripper_raw=-3.134 -> gripper_target=0.140m object_grasped=False
[INFO] [1789123589.091626263] [phase2_unclamped_run_node]: [step 12] dist=1.2096 raw_delta(rad)=[0.044199999421834946, 0.06080000102519989, -0.07970000058412552, -0.045499999076128006, -0.07959999889135361, 0.07989999651908875] gripper_raw=-3.120 -> gripper_target=0.140m object_grasped=False
[INFO] [1789123590.245344741] [phase2_unclamped_run_node]: [step 13] dist=1.1865 raw_delta(rad)=[0.009499999694526196, 0.07930000126361847, -0.07989999651908875, -0.05999999865889549, -0.060499999672174454, 0.07980000227689743] gripper_raw=-3.131 -> gripper_target=0.140m object_grasped=False
[INFO] [1789123591.549371362] [phase2_unclamped_run_node]: [step 14] dist=1.1695 raw_delta(rad)=[0.06440000236034393, 0.0689999982714653, -0.0794999971985817, -0.06759999692440033, -0.07999999821186066, 0.07980000227689743] gripper_raw=-3.119 -> gripper_target=0.139m object_grasped=False
[INFO] [1789123592.653290705] [phase2_unclamped_run_node]: [step 15] dist=1.1437 raw_delta(rad)=[0.02199999988079071, 0.06369999796152115, -0.07999999821186066, -0.0746999979019165, -0.07750000059604645, 0.07989999651908875] gripper_raw=-3.024 -> gripper_target=0.137m object_grasped=False
[INFO] [1789123594.058381980] [phase2_unclamped_run_node]: [step 16] dist=1.1193 raw_delta(rad)=[-0.034699998795986176, 0.07109999656677246, -0.07500000298023224, -0.07959999889135361, -0.016200000420212746, 0.065700002014637] gripper_raw=2.047 -> gripper_target=0.024m object_grasped=False
[INFO] [1789123596.718226494] [phase2_unclamped_run_node]: [step 17] dist=1.1061 raw_delta(rad)=[0.062199998646974564, -0.05849999934434891, -0.07930000126361847, -0.0794999971985817, -0.06319999694824219, 0.06430000066757202] gripper_raw=2.928 -> gripper_target=0.005m object_grasped=False
[INFO] [1789123598.422714464] [phase2_unclamped_run_node]: [step 18] dist=1.0563 raw_delta(rad)=[0.04019999876618385, 0.0560000017285347, -0.07959999889135361, -0.07999999821186066, -0.03709999844431877, 0.06620000302791595] gripper_raw=3.083 -> gripper_target=0.001m object_grasped=False
[INFO] [1789123599.727430497] [phase2_unclamped_run_node]: [step 19] dist=1.0316 raw_delta(rad)=[0.04089999943971634, -0.05389999970793724, -0.07810000330209732, -0.07959999889135361, 0.052400000393390656, -0.041999999433755875] gripper_raw=3.138 -> gripper_target=0.000m object_grasped=False
[INFO] [1789123601.081711587] [phase2_unclamped_run_node]: [step 20] dist=0.9919 raw_delta(rad)=[0.07569999992847443, 0.07050000131130219, -0.07829999923706055, -0.07989999651908875, 0.00930000003427267, 0.0010000000474974513] gripper_raw=2.822 -> gripper_target=0.007m object_grasped=False
[INFO] [1789123602.786888796] [phase2_unclamped_run_node]: [step 21] dist=0.9703 raw_delta(rad)=[0.0737999975681305, 0.066600002348423, -0.07800000160932541, -0.07999999821186066, 0.023399999365210533, 0.05869999900460243] gripper_raw=2.440 -> gripper_target=0.016m object_grasped=False
[INFO] [1789123604.292649492] [phase2_unclamped_run_node]: [step 22] dist=0.9515 raw_delta(rad)=[0.06710000336170197, 0.0681999996304512, -0.07940000295639038, -0.07999999821186066, 0.07720000296831131, -0.008200000040233135] gripper_raw=1.876 -> gripper_target=0.028m object_grasped=False
[INFO] [1789123605.797820219] [phase2_unclamped_run_node]: [step 23] dist=0.9392 raw_delta(rad)=[0.07880000025033951, -0.02969999983906746, -0.07940000295639038, -0.07959999889135361, 0.07500000298023224, 0.009999999776482582] gripper_raw=-0.195 -> gripper_target=0.074m object_grasped=False
[INFO] [1789123607.503242523] [phase2_unclamped_run_node]: [step 24] dist=0.9003 raw_delta(rad)=[0.06449999660253525, 0.07590000331401825, -0.07119999825954437, -0.07989999651908875, 0.0771000012755394, 0.020899999886751175] gripper_raw=2.948 -> gripper_target=0.004m object_grasped=False
[INFO] [1789123609.409279469] [phase2_unclamped_run_node]: [step 25] dist=0.8961 raw_delta(rad)=[0.07150000333786011, 0.06199999898672104, -0.07000000029802322, -0.07999999821186066, 0.07959999889135361, 0.06769999861717224] gripper_raw=2.963 -> gripper_target=0.004m object_grasped=False
[INFO] [1789123610.713850611] [phase2_unclamped_run_node]: [step 26] dist=0.8899 raw_delta(rad)=[0.06310000270605087, 0.007600000128149986, -0.028699999675154686, -0.0794999971985817, 0.07829999923706055, 0.051600001752376556] gripper_raw=2.216 -> gripper_target=0.021m object_grasped=False
[INFO] [1789123612.419124833] [phase2_unclamped_run_node]: [step 27] dist=0.8816 raw_delta(rad)=[0.0333000011742115, 0.06809999793767929, -0.06159999966621399, -0.07909999787807465, 0.07599999755620956, -0.011699999682605267] gripper_raw=2.832 -> gripper_target=0.007m object_grasped=False
[INFO] [1789123613.973450642] [phase2_unclamped_run_node]: [step 28] dist=0.8878 raw_delta(rad)=[0.06560000032186508, -0.028300000354647636, -0.06650000065565109, -0.07959999889135361, 0.07450000196695328, 0.04650000110268593] gripper_raw=-1.677 -> gripper_target=0.107m object_grasped=False
[INFO] [1789123616.429250794] [phase2_unclamped_run_node]: [step 29] dist=0.8681 raw_delta(rad)=[-0.02019999921321869, 0.05480000004172325, -0.05339999869465828, -0.07989999651908875, 0.07919999957084656, 0.0608999989926815] gripper_raw=2.895 -> gripper_target=0.005m object_grasped=False
[INFO] [1789123618.735153147] [phase2_unclamped_run_node]: [step 30] dist=0.8853 raw_delta(rad)=[0.02319999970495701, -0.04010000079870224, -0.06509999930858612, -0.07909999787807465, 0.07810000330209732, 0.01759999990463257] gripper_raw=0.730 -> gripper_target=0.054m object_grasped=False
[INFO] [1789123620.439973034] [phase2_unclamped_run_node]: [step 31] dist=0.8796 raw_delta(rad)=[0.01979999989271164, 0.016499999910593033, 0.03799999877810478, -0.07959999889135361, 0.07169999927282333, 0.04340000078082085] gripper_raw=1.115 -> gripper_target=0.045m object_grasped=False
[INFO] [1789123621.743854516] [phase2_unclamped_run_node]: [step 32] dist=0.8946 raw_delta(rad)=[-0.00039999998989515007, -0.04989999905228615, -0.033399999141693115, -0.07999999821186066, 0.07670000195503235, 0.040800001472234726] gripper_raw=-1.045 -> gripper_target=0.093m object_grasped=False
[INFO] [1789123623.549543472] [phase2_unclamped_run_node]: [step 33] dist=0.8971 raw_delta(rad)=[-0.02199999988079071, -0.047200001776218414, -0.03709999844431877, -0.07940000295639038, 0.07779999822378159, 0.03909999877214432] gripper_raw=0.006 -> gripper_target=0.070m object_grasped=False
[INFO] [1789123625.254834028] [phase2_unclamped_run_node]: [step 34] dist=0.9062 raw_delta(rad)=[-0.030400000512599945, -0.06120000034570694, -0.022199999541044235, -0.07919999957084656, 0.06700000166893005, 0.03480000048875809] gripper_raw=1.390 -> gripper_target=0.039m object_grasped=False
[INFO] [1789123626.959368031] [phase2_unclamped_run_node]: [step 35] dist=0.9160 raw_delta(rad)=[0.010099999606609344, -0.05350000038743019, 0.007600000128149986, -0.07880000025033951, 0.07079999893903732, 0.050999999046325684] gripper_raw=0.471 -> gripper_target=0.060m object_grasped=False
[INFO] [1789123628.664696086] [phase2_unclamped_run_node]: [step 36] dist=0.9205 raw_delta(rad)=[-0.014700000174343586, -0.06729999929666519, 0.047600001096725464, -0.07890000194311142, 0.06620000302791595, 0.053700000047683716] gripper_raw=-2.310 -> gripper_target=0.121m object_grasped=False
[INFO] [1789123630.774830862] [phase2_unclamped_run_node]: [step 37] dist=0.9248 raw_delta(rad)=[-0.011699999682605267, -0.05169999971985817, 0.04309999942779541, -0.07810000330209732, 0.03999999910593033, 0.03550000116229057] gripper_raw=-2.700 -> gripper_target=0.130m object_grasped=False
[INFO] [1789123632.479372332] [phase2_unclamped_run_node]: [step 38] dist=0.9282 raw_delta(rad)=[-0.045099999755620956, -0.020400000736117363, 0.04859999939799309, -0.07970000058412552, 0.06539999693632126, 0.02979999966919422] gripper_raw=-2.146 -> gripper_target=0.118m object_grasped=False
[INFO] [1789123633.983708351] [phase2_unclamped_run_node]: [step 39] dist=0.9445 raw_delta(rad)=[-0.039000000804662704, -0.03240000084042549, 0.04450000077486038, -0.07649999856948853, 0.04399999976158142, 0.0034000000450760126] gripper_raw=-2.018 -> gripper_target=0.115m object_grasped=False
[INFO] [1789123635.487782602] [phase2_unclamped_run_node]: [step 40] dist=0.9557 raw_delta(rad)=[0.006300000008195639, -0.041200000792741776, 0.07280000299215317, -0.07819999754428864, -0.0723000019788742, 0.03099999949336052] gripper_raw=-2.655 -> gripper_target=0.129m object_grasped=False
[INFO] [1789123636.992662081] [phase2_unclamped_run_node]: [step 41] dist=0.9494 raw_delta(rad)=[-0.035999998450279236, -0.032999999821186066, 0.07400000095367432, -0.07190000265836716, 0.0066999997943639755, -0.01679999940097332] gripper_raw=-1.260 -> gripper_target=0.098m object_grasped=False
[INFO] [1789123638.697854193] [phase2_unclamped_run_node]: [step 42] dist=0.9585 raw_delta(rad)=[0.054499998688697815, -0.05380000174045563, 0.07329999655485153, -0.07989999651908875, -0.041099999099969864, -0.03909999877214432] gripper_raw=-2.386 -> gripper_target=0.123m object_grasped=False
[INFO] [1789123640.404437952] [phase2_unclamped_run_node]: [step 43] dist=0.9449 raw_delta(rad)=[0.04729999974370003, 0.006000000052154064, 0.06970000267028809, -0.07970000058412552, -0.05510000139474869, -0.06480000168085098] gripper_raw=-2.420 -> gripper_target=0.124m object_grasped=False
[INFO] [1789123641.759412374] [phase2_unclamped_run_node]: [step 44] dist=0.9467 raw_delta(rad)=[0.010900000110268593, -0.043699998408555984, 0.07530000060796738, -0.07909999787807465, -0.01899999938905239, -0.06260000169277191] gripper_raw=-2.911 -> gripper_target=0.135m object_grasped=False
[INFO] [1789123643.465241280] [phase2_unclamped_run_node]: [step 45] dist=0.9461 raw_delta(rad)=[0.04740000143647194, -0.061400000005960464, 0.06289999932050705, -0.07989999651908875, 0.026000000536441803, -0.03500000014901161] gripper_raw=-1.977 -> gripper_target=0.114m object_grasped=False
[INFO] [1789123645.170932978] [phase2_unclamped_run_node]: [step 46] dist=0.9358 raw_delta(rad)=[0.04430000111460686, -0.05559999868273735, 0.060499999672174454, -0.07370000332593918, -0.052799999713897705, -0.0689999982714653] gripper_raw=-2.554 -> gripper_target=0.127m object_grasped=False
[INFO] [1789123646.675362867] [phase2_unclamped_run_node]: [step 47] dist=0.9201 raw_delta(rad)=[0.038600001484155655, -0.05950000137090683, 0.07670000195503235, -0.07940000295639038, 0.04410000145435333, -0.06930000334978104] gripper_raw=-2.787 -> gripper_target=0.132m object_grasped=False
[INFO] [1789123648.179428957] [phase2_unclamped_run_node]: [step 48] dist=0.9126 raw_delta(rad)=[0.029999999329447746, -0.046300001442432404, 0.07349999994039536, -0.010400000028312206, 0.049800001084804535, -0.062300000339746475] gripper_raw=-2.862 -> gripper_target=0.134m object_grasped=False
[INFO] [1789123649.483357283] [phase2_unclamped_run_node]: [step 49] dist=0.9041 raw_delta(rad)=[0.060499999672174454, -0.05889999866485596, 0.07680000364780426, -0.06080000102519989, 0.060499999672174454, -0.07429999858140945] gripper_raw=-2.851 -> gripper_target=0.134m object_grasped=False
[INFO] [1789123650.837585200] [phase2_unclamped_run_node]: [step 50] dist=0.8896 raw_delta(rad)=[0.0406000018119812, -0.06120000034570694, 0.07609999924898148, -0.039799999445676804, 0.008899999782443047, -0.06469999998807907] gripper_raw=-3.009 -> gripper_target=0.137m object_grasped=False
[INFO] [1789123652.342515254] [phase2_unclamped_run_node]: [step 51] dist=0.8718 raw_delta(rad)=[0.05609999969601631, -0.06319999694824219, 0.0722000002861023, -0.04010000079870224, 0.043800000101327896, -0.07360000163316727] gripper_raw=-1.290 -> gripper_target=0.099m object_grasped=False
[INFO] [1789123654.247242765] [phase2_unclamped_run_node]: [step 52] dist=0.8499 raw_delta(rad)=[0.0731000006198883, -0.06930000334978104, 0.07729999721050262, -0.01600000075995922, -0.00559999980032444, -0.06350000202655792] gripper_raw=-2.204 -> gripper_target=0.119m object_grasped=False
[INFO] [1789123655.951757040] [phase2_unclamped_run_node]: [step 53] dist=0.8152 raw_delta(rad)=[0.07150000333786011, -0.06669999659061432, 0.07739999890327454, -0.023399999365210533, -0.048900000751018524, -0.0722000002861023] gripper_raw=-1.732 -> gripper_target=0.109m object_grasped=False
[INFO] [1789123657.455664395] [phase2_unclamped_run_node]: [step 54] dist=0.7796 raw_delta(rad)=[0.07199999690055847, -0.05530000105500221, 0.07689999788999557, -0.004900000058114529, 0.0066999997943639755, -0.07259999960660934] gripper_raw=-2.589 -> gripper_target=0.128m object_grasped=False
[INFO] [1789123658.968738608] [phase2_unclamped_run_node]: [step 55] dist=0.7505 raw_delta(rad)=[0.07029999792575836, -0.03150000050663948, 0.07609999924898148, 0.05979999899864197, 0.06340000033378601, -0.06989999860525131] gripper_raw=-2.863 -> gripper_target=0.134m object_grasped=False
[INFO] [1789123660.273502589] [phase2_unclamped_run_node]: [step 56] dist=0.7311 raw_delta(rad)=[0.05590000003576279, -0.02239999920129776, 0.07530000060796738, 0.05299999937415123, 0.004900000058114529, -0.06629999727010727] gripper_raw=-2.182 -> gripper_target=0.119m object_grasped=False
[INFO] [1789123661.829172538] [phase2_unclamped_run_node]: [step 57] dist=0.7186 raw_delta(rad)=[0.07109999656677246, -0.019600000232458115, 0.0754999965429306, -0.03530000150203705, 0.06199999898672104, -0.05950000137090683] gripper_raw=-1.740 -> gripper_target=0.109m object_grasped=False
[INFO] [1789123663.333708114] [phase2_unclamped_run_node]: [step 58] dist=0.7205 raw_delta(rad)=[0.06069999933242798, 0.0024999999441206455, 0.07519999891519547, 0.05590000003576279, 0.053599998354911804, -0.05469999834895134] gripper_raw=-2.754 -> gripper_target=0.131m object_grasped=False
[INFO] [1789123665.038196242] [phase2_unclamped_run_node]: [step 59] dist=0.7282 raw_delta(rad)=[0.06849999725818634, 0.035100001841783524, 0.07119999825954437, 0.008299999870359898, 0.07240000367164612, -0.045499999076128006] gripper_raw=-1.817 -> gripper_target=0.110m object_grasped=False
[INFO] [1789123666.743451869] [phase2_unclamped_run_node]: [step 60] dist=0.7628 raw_delta(rad)=[0.0723000019788742, 0.045499999076128006, 0.07370000332593918, 0.07819999754428864, 0.03799999877810478, -0.058400001376867294] gripper_raw=-1.812 -> gripper_target=0.110m object_grasped=False
[INFO] [1789123667.847258885] [phase2_unclamped_run_node]: [step 61] dist=0.7947 raw_delta(rad)=[0.06459999829530716, 0.05350000038743019, 0.0706000030040741, 0.033900000154972076, 0.057100001722574234, -0.060499999672174454] gripper_raw=-2.364 -> gripper_target=0.123m object_grasped=False
[INFO] [1789123669.351679467] [phase2_unclamped_run_node]: [step 62] dist=0.8379 raw_delta(rad)=[0.06989999860525131, 0.051500000059604645, 0.06889999657869339, 0.03370000049471855, 0.03970000147819519, -0.05420000106096268] gripper_raw=-1.599 -> gripper_target=0.106m object_grasped=False
[INFO] [1789123670.906508298] [phase2_unclamped_run_node]: [step 63] dist=0.8763 raw_delta(rad)=[0.05810000002384186, 0.05559999868273735, 0.07090000063180923, 0.06109999865293503, 0.017400000244379044, -0.05909999832510948] gripper_raw=-2.286 -> gripper_target=0.121m object_grasped=False
[INFO] [1789123672.611204770] [phase2_unclamped_run_node]: [step 64] dist=0.9128 raw_delta(rad)=[0.05939999967813492, 0.04960000142455101, 0.06970000267028809, 0.06909999996423721, 0.032600000500679016, -0.051500000059604645] gripper_raw=-2.597 -> gripper_target=0.128m object_grasped=False
[INFO] [1789123674.116577636] [phase2_unclamped_run_node]: [step 65] dist=0.9440 raw_delta(rad)=[0.04100000113248825, 0.043299999088048935, 0.07020000368356705, 0.045899998396635056, 0.03819999843835831, -0.05350000038743019] gripper_raw=-2.239 -> gripper_target=0.120m object_grasped=False
[INFO] [1789123675.421314700] [phase2_unclamped_run_node]: [step 66] dist=0.9748 raw_delta(rad)=[0.0348999984562397, 0.03720000013709068, 0.06560000032186508, 0.03909999877214432, 0.044199999421834946, -0.04560000076889992] gripper_raw=-2.779 -> gripper_target=0.132m object_grasped=False
[INFO] [1789123676.925909186] [phase2_unclamped_run_node]: [step 67] dist=1.0012 raw_delta(rad)=[0.039400000125169754, 0.020999999716877937, 0.06069999933242798, 0.06669999659061432, 0.05649999901652336, -0.05620000138878822] gripper_raw=-2.781 -> gripper_target=0.132m object_grasped=False
[INFO] [1789123678.079553353] [phase2_unclamped_run_node]: [step 68] dist=1.0159 raw_delta(rad)=[0.05040000006556511, 0.009700000286102295, 0.04320000112056732, -0.04690000042319298, 0.016100000590085983, -0.03849999979138374] gripper_raw=-2.750 -> gripper_target=0.131m object_grasped=False
[INFO] [1789123679.433743314] [phase2_unclamped_run_node]: [step 69] dist=1.0214 raw_delta(rad)=[0.012500000186264515, 0.010200000368058681, 0.05590000003576279, -0.005900000222027302, 0.026799999177455902, -0.032600000500679016] gripper_raw=-2.264 -> gripper_target=0.120m object_grasped=False
[INFO] [1789123680.738393131] [phase2_unclamped_run_node]: [step 70] dist=1.0347 raw_delta(rad)=[0.04639999940991402, 0.013299999758601189, 0.038600001484155655, 0.07909999787807465, 0.023600000888109207, -0.050700001418590546] gripper_raw=-3.014 -> gripper_target=0.137m object_grasped=False
[INFO] [1789123682.242875152] [phase2_unclamped_run_node]: [step 71] dist=1.0346 raw_delta(rad)=[0.03759999945759773, 0.0017000000225380063, 0.04639999940991402, 0.04910000041127205, 0.002099999925121665, -0.05770000070333481] gripper_raw=-2.871 -> gripper_target=0.134m object_grasped=False
[INFO] [1789123683.646795929] [phase2_unclamped_run_node]: [step 72] dist=1.0331 raw_delta(rad)=[0.057500001043081284, -0.005200000014156103, 0.024299999698996544, 0.06679999828338623, 0.03799999877810478, -0.04879999905824661] gripper_raw=-2.934 -> gripper_target=0.135m object_grasped=False
[INFO] [1789123685.151108034] [phase2_unclamped_run_node]: [step 73] dist=1.0217 raw_delta(rad)=[0.046799998730421066, -0.014800000004470348, 0.021199999377131462, 0.07410000264644623, 0.0007999999797903001, -0.031199999153614044] gripper_raw=-3.080 -> gripper_target=0.139m object_grasped=False
[INFO] [1789123686.455363570] [phase2_unclamped_run_node]: [step 74] dist=1.0088 raw_delta(rad)=[0.03590000048279762, -0.006800000090152025, 0.038100000470876694, 0.07150000333786011, -0.042899999767541885, -0.04529999941587448] gripper_raw=-2.998 -> gripper_target=0.137m object_grasped=False
[INFO] [1789123687.809458783] [phase2_unclamped_run_node]: [step 75] dist=1.0044 raw_delta(rad)=[0.039400000125169754, 0.0034000000450760126, 0.012500000186264515, 0.06069999933242798, -0.050599999725818634, -0.047200001776218414] gripper_raw=-2.969 -> gripper_target=0.136m object_grasped=False
[INFO] [1789123689.314107395] [phase2_unclamped_run_node]: [step 76] dist=1.0005 raw_delta(rad)=[0.0502999983727932, 0.013299999758601189, 0.008700000122189522, -0.03240000084042549, -0.029899999499320984, -0.04390000179409981] gripper_raw=-3.043 -> gripper_target=0.138m object_grasped=False
[INFO] [1789123690.818902404] [phase2_unclamped_run_node]: [step 77] dist=0.9942 raw_delta(rad)=[0.06369999796152115, 0.013299999758601189, 0.00419999985024333, 0.07680000364780426, -0.014600000344216824, -0.0406000018119812] gripper_raw=-2.768 -> gripper_target=0.132m object_grasped=False
[INFO] [1789123692.123660570] [phase2_unclamped_run_node]: [step 78] dist=0.9874 raw_delta(rad)=[0.020899999886751175, 0.0034000000450760126, -0.009999999776482582, 0.061000000685453415, -0.055799998342990875, -0.049300000071525574] gripper_raw=-2.930 -> gripper_target=0.135m object_grasped=False
[INFO] [1789123693.427151280] [phase2_unclamped_run_node]: [step 79] dist=0.9876 raw_delta(rad)=[0.03929999843239784, 0.0272000003606081, -0.025699999183416367, -0.010599999688565731, -0.04690000042319298, -0.051600001752376556] gripper_raw=-2.522 -> gripper_target=0.126m object_grasped=False
[INFO] [1789123694.782432439] [phase2_unclamped_run_node]: [step 80] dist=0.9839 raw_delta(rad)=[0.03840000182390213, 0.022199999541044235, -0.01080000028014183, 0.022299999371170998, -0.042899999767541885, -0.04500000178813934] gripper_raw=-2.757 -> gripper_target=0.131m object_grasped=False
[INFO] [1789123696.137499715] [phase2_unclamped_run_node]: [step 81] dist=0.9824 raw_delta(rad)=[0.03180000185966492, 0.022600000724196434, -0.03139999881386757, 0.04749999940395355, -0.04809999838471413, -0.04340000078082085] gripper_raw=-2.917 -> gripper_target=0.135m object_grasped=False
[INFO] [1789123697.442464908] [phase2_unclamped_run_node]: [step 82] dist=0.9821 raw_delta(rad)=[0.016899999231100082, 0.011599999852478504, -0.04659999907016754, 0.03889999911189079, -0.03180000185966492, -0.019999999552965164] gripper_raw=-2.170 -> gripper_target=0.118m object_grasped=False
[INFO] [1789123699.147530353] [phase2_unclamped_run_node]: [step 83] dist=0.9801 raw_delta(rad)=[0.0024999999441206455, 0.014000000432133675, -0.023000000044703484, 0.003599999938160181, -0.0551999993622303, -0.008899999782443047] gripper_raw=-1.984 -> gripper_target=0.114m object_grasped=False
[INFO] [1789123700.502814395] [phase2_unclamped_run_node]: [step 84] dist=0.9829 raw_delta(rad)=[0.010900000110268593, 0.011300000362098217, -0.011300000362098217, -0.03420000150799751, -0.060100000351667404, -0.034699998795986176] gripper_raw=-2.743 -> gripper_target=0.131m object_grasped=False
[INFO] [1789123702.007602695] [phase2_unclamped_run_node]: [step 85] dist=0.9824 raw_delta(rad)=[-0.01899999938905239, 0.026100000366568565, -0.03750000149011612, 0.07900000363588333, -0.06880000233650208, -0.023099999874830246] gripper_raw=-1.936 -> gripper_target=0.113m object_grasped=False
[INFO] [1789123703.713410019] [phase2_unclamped_run_node]: [step 86] dist=0.9964 raw_delta(rad)=[0.003000000026077032, 0.02319999970495701, -0.010599999688565731, 0.03880000114440918, -0.05480000004172325, -0.04500000178813934] gripper_raw=-2.527 -> gripper_target=0.126m object_grasped=False
[INFO] [1789123705.419626591] [phase2_unclamped_run_node]: [step 87] dist=1.0052 raw_delta(rad)=[0.017000000923871994, 0.02160000056028366, -0.017400000244379044, -0.04879999905824661, -0.0731000006198883, -0.00419999985024333] gripper_raw=-1.525 -> gripper_target=0.104m object_grasped=False
[INFO] [1789123707.125576601] [phase2_unclamped_run_node]: [step 88] dist=1.0036 raw_delta(rad)=[-0.011699999682605267, 0.033900000154972076, -0.040300000458955765, -0.027699999511241913, -0.02199999988079071, -0.04439999908208847] gripper_raw=-0.848 -> gripper_target=0.089m object_grasped=False
[INFO] [1789123708.631493451] [phase2_unclamped_run_node]: [step 89] dist=1.0051 raw_delta(rad)=[-0.007499999832361937, 0.018300000578165054, -0.04520000144839287, 0.002899999963119626, -0.05730000138282776, -0.016100000590085983] gripper_raw=-1.650 -> gripper_target=0.107m object_grasped=False
[INFO] [1789123710.137535788] [phase2_unclamped_run_node]: [step 90] dist=1.0072 raw_delta(rad)=[0.004399999976158142, 0.007499999832361937, -0.014100000262260437, -0.06830000132322311, -0.06759999692440033, -0.03020000085234642] gripper_raw=0.628 -> gripper_target=0.056m object_grasped=False
[INFO] [1789123711.843855840] [phase2_unclamped_run_node]: [step 91] dist=1.0040 raw_delta(rad)=[-0.047200001776218414, 0.018400000408291817, -0.004900000058114529, -0.045499999076128006, -0.03610000014305115, -0.021700000390410423] gripper_raw=-2.054 -> gripper_target=0.116m object_grasped=False
[INFO] [1789123713.749372075] [phase2_unclamped_run_node]: [step 92] dist=1.0150 raw_delta(rad)=[-0.06499999761581421, 0.012000000104308128, -0.00419999985024333, -0.054999999701976776, -0.06889999657869339, -0.055399999022483826] gripper_raw=-1.376 -> gripper_target=0.101m object_grasped=False
[INFO] [1789123715.253656170] [phase2_unclamped_run_node]: [step 93] dist=1.0309 raw_delta(rad)=[-0.052799999713897705, 0.022099999710917473, -0.05889999866485596, -0.05609999969601631, -0.048900000751018524, -0.017500000074505806] gripper_raw=-1.269 -> gripper_target=0.098m object_grasped=False
[INFO] [1789123716.607745076] [phase2_unclamped_run_node]: [step 94] dist=1.0357 raw_delta(rad)=[-0.05590000003576279, -0.016100000590085983, -0.0544000007212162, -0.004000000189989805, -0.04479999840259552, -0.024399999529123306] gripper_raw=0.716 -> gripper_target=0.054m object_grasped=False
[INFO] [1789123718.512840787] [phase2_unclamped_run_node]: [step 95] dist=1.0347 raw_delta(rad)=[-0.050599999725818634, -0.0052999998442828655, -0.05849999934434891, 0.02070000022649765, -0.013799999840557575, -0.04479999840259552] gripper_raw=1.203 -> gripper_target=0.043m object_grasped=False
[INFO] [1789123720.017465008] [phase2_unclamped_run_node]: [step 96] dist=1.0323 raw_delta(rad)=[0.013100000098347664, -0.006500000134110451, -0.06300000101327896, -0.06360000371932983, -0.06930000334978104, -0.05339999869465828] gripper_raw=0.934 -> gripper_target=0.049m object_grasped=False
[INFO] [1789123721.522576823] [phase2_unclamped_run_node]: [step 97] dist=1.0140 raw_delta(rad)=[-0.018300000578165054, 0.011599999852478504, -0.07479999959468842, -0.04520000144839287, -0.04619999974966049, -0.029200000688433647] gripper_raw=0.685 -> gripper_target=0.055m object_grasped=False
[INFO] [1789123722.826752090] [phase2_unclamped_run_node]: [step 98] dist=1.0037 raw_delta(rad)=[-0.01720000058412552, -0.02160000056028366, -0.06840000301599503, 0.018300000578165054, -0.07190000265836716, 0.020600000396370888] gripper_raw=1.310 -> gripper_target=0.041m object_grasped=False
[INFO] [1789123724.180709422] [phase2_unclamped_run_node]: [step 99] dist=0.9881 raw_delta(rad)=[-0.013700000010430813, -0.006599999964237213, -0.07270000129938126, 0.06360000371932983, -0.030500000342726707, -0.054999999701976776] gripper_raw=2.605 -> gripper_target=0.012m object_grasped=False
[INFO] [1789123725.884916642] [phase2_unclamped_run_node]: [step 100] dist=0.9735 raw_delta(rad)=[-0.04740000143647194, -0.05220000073313713, -0.06949999928474426, -0.06159999966621399, -0.07289999723434448, -0.019700000062584877] gripper_raw=-2.569 -> gripper_target=0.127m object_grasped=False
[INFO] [1789123728.541149280] [phase2_unclamped_run_node]: [step 101] dist=0.9462 raw_delta(rad)=[0.05770000070333481, 0.011599999852478504, -0.05350000038743019, 0.047200001776218414, -0.05790000036358833, -0.05649999901652336] gripper_raw=-2.764 -> gripper_target=0.132m object_grasped=False
[INFO] [1789123729.896412139] [phase2_unclamped_run_node]: [step 102] dist=0.9370 raw_delta(rad)=[0.01940000057220459, 0.027300000190734863, -0.05209999904036522, 0.05739999935030937, -0.07209999859333038, -0.039799999445676804] gripper_raw=-2.748 -> gripper_target=0.131m object_grasped=False
[INFO] [1789123731.201453470] [phase2_unclamped_run_node]: [step 103] dist=0.9369 raw_delta(rad)=[-0.033900000154972076, -0.03150000050663948, -0.0763000026345253, 0.07119999825954437, -0.0729999989271164, 0.03929999843239784] gripper_raw=0.970 -> gripper_target=0.048m object_grasped=False
[INFO] [1789123733.507179714] [phase2_unclamped_run_node]: [step 104] dist=0.9156 raw_delta(rad)=[-0.04769999906420708, -0.0066999997943639755, -0.07880000025033951, 0.04520000144839287, -0.04270000010728836, 0.0697999969124794] gripper_raw=2.194 -> gripper_target=0.021m object_grasped=False
[INFO] [1789123735.011376357] [phase2_unclamped_run_node]: [step 105] dist=0.8962 raw_delta(rad)=[-0.01360000018030405, -0.04320000112056732, -0.07900000363588333, -0.040699999779462814, 0.005400000140070915, 0.04309999942779541] gripper_raw=2.186 -> gripper_target=0.021m object_grasped=False
[INFO] [1789123736.315465587] [phase2_unclamped_run_node]: [step 106] dist=0.8602 raw_delta(rad)=[0.0015999999595806003, -0.020099999383091927, -0.0729999989271164, -0.054099999368190765, -0.05400000140070915, 0.01600000075995922] gripper_raw=0.143 -> gripper_target=0.067m object_grasped=False
[INFO] [1789123738.020659464] [phase2_unclamped_run_node]: [step 107] dist=0.8401 raw_delta(rad)=[-0.0034000000450760126, 0.0003000000142492354, -0.05550000071525574, 0.041099999099969864, -0.04569999873638153, -0.06610000133514404] gripper_raw=-2.749 -> gripper_target=0.131m object_grasped=False
[INFO] [1789123740.125755595] [phase2_unclamped_run_node]: [step 108] dist=0.8293 raw_delta(rad)=[-0.053199999034404755, -0.019700000062584877, -0.021400000900030136, -0.02850000001490116, -0.06909999996423721, -0.059300001710653305] gripper_raw=-2.071 -> gripper_target=0.116m object_grasped=False
[INFO] [1789123741.629566909] [phase2_unclamped_run_node]: [step 109] dist=0.8209 raw_delta(rad)=[-0.04780000075697899, -0.03480000048875809, -0.0272000003606081, 0.061500001698732376, -0.008299999870359898, -0.06849999725818634] gripper_raw=-2.109 -> gripper_target=0.117m object_grasped=False
[INFO] [1789123742.983607959] [phase2_unclamped_run_node]: [step 110] dist=0.7974 raw_delta(rad)=[-0.00839999970048666, -0.02239999920129776, -0.05400000140070915, -0.044199999421834946, -0.07829999923706055, -0.05790000036358833] gripper_raw=-1.395 -> gripper_target=0.101m object_grasped=False
[INFO] [1789123744.687651034] [phase2_unclamped_run_node]: [step 111] dist=0.7849 raw_delta(rad)=[-0.05339999869465828, -0.04580000042915344, -0.05510000139474869, 0.04740000143647194, -0.0714000016450882, -0.060499999672174454] gripper_raw=-2.961 -> gripper_target=0.136m object_grasped=False
[INFO] [1789123746.592926422] [phase2_unclamped_run_node]: [step 112] dist=0.7551 raw_delta(rad)=[-0.008700000122189522, -0.056699998676776886, 0.016100000590085983, -0.05510000139474869, -0.07580000162124634, -0.03189999982714653] gripper_raw=-2.818 -> gripper_target=0.133m object_grasped=False
[INFO] [1789123747.898719079] [phase2_unclamped_run_node]: [step 113] dist=0.7481 raw_delta(rad)=[-0.04410000145435333, -0.04089999943971634, -0.02239999920129776, 0.033900000154972076, -0.07079999893903732, -0.04410000145435333] gripper_raw=-0.213 -> gripper_target=0.075m object_grasped=False
[INFO] [1789123750.005113472] [phase2_unclamped_run_node]: [step 114] dist=0.7273 raw_delta(rad)=[-0.023499999195337296, -0.049400001764297485, -0.00930000003427267, 0.031300000846385956, -0.06449999660253525, -0.026200000196695328] gripper_raw=-2.302 -> gripper_target=0.121m object_grasped=False
[INFO] [1789123751.911385052] [phase2_unclamped_run_node]: [step 115] dist=0.7079 raw_delta(rad)=[0.014000000432133675, 0.019899999722838402, -0.041999999433755875, -0.023099999874830246, -0.07599999755620956, -0.031300000846385956] gripper_raw=-2.573 -> gripper_target=0.127m object_grasped=False
[INFO] [1789123753.416963922] [phase2_unclamped_run_node]: [step 116] dist=0.7187 raw_delta(rad)=[-0.05460000038146973, 0.017100000753998756, -0.060499999672174454, 0.05849999934434891, -0.06880000233650208, -0.04230000078678131] gripper_raw=-2.033 -> gripper_target=0.115m object_grasped=False
[INFO] [1789123754.920973483] [phase2_unclamped_run_node]: [step 117] dist=0.7079 raw_delta(rad)=[-0.04320000112056732, -0.0348999984562397, -0.07530000060796738, -0.03280000016093254, -0.03449999913573265, -0.04410000145435333] gripper_raw=-0.415 -> gripper_target=0.079m object_grasped=False
[INFO] [1789123756.626955600] [phase2_unclamped_run_node]: [step 118] dist=0.6826 raw_delta(rad)=[-0.04470000043511391, -0.03530000150203705, -0.06870000064373016, -0.06880000233650208, -0.0771000012755394, -0.04670000076293945] gripper_raw=1.594 -> gripper_target=0.034m object_grasped=False
[ERROR] [1789123756.778396619] [phase2_unclamped_run_node]: Step failed: Current goal cancelled during deactivate transition.
[ERROR] [1789123756.779002203] [phase2_unclamped_run_node]: [step 118] Step execution failed -- stopping run.
[INFO] [1789123756.779717706] [phase2_unclamped_run_node]: === UNCLAMPED RUN ENDED ===

[exited with code 0]
