[INFO] [1789121721.074300932] [phase2_unclamped_run_node]: Loading SAC checkpoint: /home/anand/isaac_sac_checkpoints/repo/rl_logs_7hr_final/ur5e_isaac_sac_final.zip (legacy=True)
[INFO] [1789121721.499720308] [phase2_unclamped_run_node]: Checkpoint loaded.
[INFO] [1789121722.200672537] [phase2_unclamped_run_node]: Opening gripper and moving to real_home_position...
[INFO] [1789121731.117128276] [phase2_unclamped_run_node]: move_to_start: reached and verified.
[INFO] [1789121731.117426485] [phase2_unclamped_run_node]: === UNCLAMPED RUN: raw policy deltas (bounded +/-0.08rad), 2.0s/step, max 500 steps, gripper force=1.0 speed=0.3 ===
[INFO] [1789121731.119289933] [phase2_unclamped_run_node]: [step 00] dist=1.2251 raw_delta(rad)=[0.07450000196695328, 0.0697999969124794, -0.07540000230073929, -0.07999999821186066, 0.07620000094175339, -0.019600000232458115] gripper_raw=-2.849 -> gripper_target=0.133m object_grasped=False
[INFO] [1789121734.177206249] [phase2_unclamped_run_node]: [step 01] dist=1.2387 raw_delta(rad)=[0.07999999821186066, -0.028999999165534973, -0.07980000227689743, -0.07989999651908875, 0.04699999839067459, 0.031199999153614044] gripper_raw=0.247 -> gripper_target=0.064m object_grasped=False
[INFO] [1789121737.837220419] [phase2_unclamped_run_node]: [step 02] dist=1.2824 raw_delta(rad)=[0.07720000296831131, 0.04089999943971634, -0.07919999957084656, -0.07999999821186066, -0.06379999965429306, 0.07919999957084656] gripper_raw=-0.244 -> gripper_target=0.075m object_grasped=False
[INFO] [1789121741.095121402] [phase2_unclamped_run_node]: [step 03] dist=1.2902 raw_delta(rad)=[0.07999999821186066, 0.06530000269412994, -0.07989999651908875, -0.0786999985575676, -0.03970000147819519, 0.04410000145435333] gripper_raw=-2.852 -> gripper_target=0.134m object_grasped=False
[INFO] [1789121744.753740038] [phase2_unclamped_run_node]: [step 04] dist=1.2910 raw_delta(rad)=[0.07959999889135361, 0.0697999969124794, -0.07750000059604645, -0.07810000330209732, -0.03139999881386757, 0.07530000060796738] gripper_raw=-3.131 -> gripper_target=0.140m object_grasped=False
[INFO] [1789121747.860984788] [phase2_unclamped_run_node]: [step 05] dist=1.2901 raw_delta(rad)=[0.07999999821186066, 0.032999999821186066, -0.07940000295639038, -0.07919999957084656, -0.07890000194311142, 0.07360000163316727] gripper_raw=-2.605 -> gripper_target=0.128m object_grasped=False
[INFO] [1789121750.918429178] [phase2_unclamped_run_node]: [step 06] dist=1.2900 raw_delta(rad)=[0.07970000058412552, 0.05829999968409538, -0.07190000265836716, -0.07989999651908875, -0.053599998354911804, 0.07800000160932541] gripper_raw=-2.889 -> gripper_target=0.134m object_grasped=False
[INFO] [1789121753.976282539] [phase2_unclamped_run_node]: [step 07] dist=1.2849 raw_delta(rad)=[0.07989999651908875, 0.05559999868273735, -0.07410000264644623, -0.07850000262260437, -0.0786999985575676, 0.07959999889135361] gripper_raw=-2.960 -> gripper_target=0.136m object_grasped=False
[INFO] [1789121757.083603808] [phase2_unclamped_run_node]: [step 08] dist=1.2761 raw_delta(rad)=[0.07989999651908875, 0.0471000000834465, -0.07609999924898148, -0.07930000126361847, -0.07599999755620956, 0.07779999822378159] gripper_raw=-3.086 -> gripper_target=0.139m object_grasped=False
[INFO] [1789121760.141145575] [phase2_unclamped_run_node]: [step 09] dist=1.2647 raw_delta(rad)=[0.07909999787807465, -0.019700000062584877, -0.07750000059604645, -0.07959999889135361, -0.07259999960660934, 0.07999999821186066] gripper_raw=-2.955 -> gripper_target=0.136m object_grasped=False
[INFO] [1789121763.199006447] [phase2_unclamped_run_node]: [step 10] dist=1.2463 raw_delta(rad)=[0.07829999923706055, -0.04690000042319298, -0.0763000026345253, -0.07859999686479568, -0.07940000295639038, 0.07989999651908875] gripper_raw=-3.128 -> gripper_target=0.140m object_grasped=False
[INFO] [1789121766.356034064] [phase2_unclamped_run_node]: [step 11] dist=1.2158 raw_delta(rad)=[0.06480000168085098, 0.06379999965429306, -0.07890000194311142, -0.05660000070929527, -0.07400000095367432, 0.07919999957084656] gripper_raw=-3.127 -> gripper_target=0.140m object_grasped=False
[INFO] [1789121769.213655813] [phase2_unclamped_run_node]: [step 12] dist=1.1921 raw_delta(rad)=[-0.014800000004470348, 0.07199999690055847, -0.051600001752376556, -0.06840000301599503, -0.07989999651908875, 0.07989999651908875] gripper_raw=-3.114 -> gripper_target=0.139m object_grasped=False
[INFO] [1789121772.322473863] [phase2_unclamped_run_node]: [step 13] dist=1.1788 raw_delta(rad)=[0.04989999905228615, 0.060499999672174454, -0.07609999924898148, -0.06830000132322311, -0.07880000025033951, 0.07959999889135361] gripper_raw=-3.116 -> gripper_target=0.139m object_grasped=False
[INFO] [1789121775.380358604] [phase2_unclamped_run_node]: [step 14] dist=1.1544 raw_delta(rad)=[0.07109999656677246, 0.011500000022351742, -0.07829999923706055, -0.05220000073313713, -0.07919999957084656, 0.07989999651908875] gripper_raw=-3.130 -> gripper_target=0.140m object_grasped=False
[INFO] [1789121778.238621829] [phase2_unclamped_run_node]: [step 15] dist=1.1202 raw_delta(rad)=[0.03310000151395798, 0.07540000230073929, -0.07989999651908875, -0.059700001031160355, -0.07989999651908875, 0.07989999651908875] gripper_raw=-3.108 -> gripper_target=0.139m object_grasped=False
[INFO] [1789121781.347089963] [phase2_unclamped_run_node]: [step 16] dist=1.0981 raw_delta(rad)=[0.009600000455975533, -0.050700001418590546, -0.06520000100135803, -0.07760000228881836, 0.0430000014603138, 0.0471000000834465] gripper_raw=2.605 -> gripper_target=0.012m object_grasped=False
[INFO] [1789121785.556941311] [phase2_unclamped_run_node]: [step 17] dist=1.0673 raw_delta(rad)=[-0.009700000286102295, -0.07900000363588333, -0.0794999971985817, -0.07989999651908875, -0.07450000196695328, 0.0031999999191612005] gripper_raw=2.978 -> gripper_target=0.004m object_grasped=False
[INFO] [1789121788.664456816] [phase2_unclamped_run_node]: [step 18] dist=1.0204 raw_delta(rad)=[0.062199998646974564, 0.07509999722242355, -0.07970000058412552, -0.07999999821186066, 0.05920000001788139, 0.05209999904036522] gripper_raw=3.009 -> gripper_target=0.003m object_grasped=False
[INFO] [1789121791.722090830] [phase2_unclamped_run_node]: [step 19] dist=1.0029 raw_delta(rad)=[0.05829999968409538, 0.05559999868273735, -0.07909999787807465, -0.07970000058412552, -0.0015999999595806003, -0.012199999764561653] gripper_raw=3.104 -> gripper_target=0.001m object_grasped=False
[INFO] [1789121794.979746102] [phase2_unclamped_run_node]: [step 20] dist=0.9788 raw_delta(rad)=[0.07320000231266022, 0.023800000548362732, -0.07930000126361847, -0.07980000227689743, -0.006399999838322401, -0.05790000036358833] gripper_raw=3.131 -> gripper_target=0.000m object_grasped=False
[INFO] [1789121797.887080419] [phase2_unclamped_run_node]: [step 21] dist=0.9465 raw_delta(rad)=[0.0729999989271164, -0.07940000295639038, -0.05909999832510948, -0.07769999653100967, 0.020999999716877937, -0.0071000000461936] gripper_raw=3.105 -> gripper_target=0.001m object_grasped=False
[INFO] [1789121800.744612119] [phase2_unclamped_run_node]: [step 22] dist=0.8971 raw_delta(rad)=[0.07900000363588333, 0.062199998646974564, -0.07029999792575836, -0.07859999686479568, 0.06030000001192093, 0.05429999902844429] gripper_raw=1.153 -> gripper_target=0.044m object_grasped=False
[INFO] [1789121804.253522532] [phase2_unclamped_run_node]: [step 23] dist=0.8819 raw_delta(rad)=[0.07639999687671661, 0.0364999994635582, -0.07370000332593918, -0.07980000227689743, 0.0738999992609024, -0.01119999960064888] gripper_raw=2.194 -> gripper_target=0.021m object_grasped=False
[INFO] [1789121807.511761273] [phase2_unclamped_run_node]: [step 24] dist=0.8631 raw_delta(rad)=[0.07959999889135361, -0.026900000870227814, -0.07249999791383743, -0.07999999821186066, 0.06199999898672104, -0.01730000041425228] gripper_raw=2.883 -> gripper_target=0.006m object_grasped=False
[INFO] [1789121810.769220116] [phase2_unclamped_run_node]: [step 25] dist=0.8298 raw_delta(rad)=[0.07720000296831131, 0.04960000142455101, -0.06030000001192093, -0.0786999985575676, 0.0714000016450882, -0.04659999907016754] gripper_raw=0.921 -> gripper_target=0.049m object_grasped=False
[INFO] [1789121814.228211992] [phase2_unclamped_run_node]: [step 26] dist=0.8232 raw_delta(rad)=[0.07259999960660934, 0.07349999994039536, -0.0722000002861023, -0.07750000059604645, 0.051899999380111694, -0.030799999833106995] gripper_raw=2.155 -> gripper_target=0.022m object_grasped=False
[INFO] [1789121817.535869359] [phase2_unclamped_run_node]: [step 27] dist=0.8242 raw_delta(rad)=[0.06610000133514404, -0.00279999990016222, -0.02250000089406967, -0.0729999989271164, 0.07400000095367432, 0.00419999985024333] gripper_raw=-0.886 -> gripper_target=0.090m object_grasped=False
[INFO] [1789121821.194404722] [phase2_unclamped_run_node]: [step 28] dist=0.8170 raw_delta(rad)=[0.03550000116229057, 0.06379999965429306, -0.045899998396635056, -0.07639999687671661, 0.07460000365972519, 0.044599998742341995] gripper_raw=0.476 -> gripper_target=0.059m object_grasped=False
[INFO] [1789121824.452825698] [phase2_unclamped_run_node]: [step 29] dist=0.8302 raw_delta(rad)=[0.05609999969601631, 0.014499999582767487, -0.06289999932050705, -0.0746999979019165, 0.07909999787807465, 0.02889999933540821] gripper_raw=0.013 -> gripper_target=0.070m object_grasped=False
[INFO] [1789121827.710399769] [phase2_unclamped_run_node]: [step 30] dist=0.8295 raw_delta(rad)=[0.03290000185370445, -0.0421999990940094, -0.02850000001490116, -0.03790000081062317, 0.0786999985575676, -0.00039999998989515007] gripper_raw=0.197 -> gripper_target=0.066m object_grasped=False
[INFO] [1789121830.867189227] [phase2_unclamped_run_node]: [step 31] dist=0.8219 raw_delta(rad)=[0.031700000166893005, -0.0340999998152256, -0.021400000900030136, -0.04690000042319298, 0.07980000227689743, 0.007799999788403511] gripper_raw=1.309 -> gripper_target=0.041m object_grasped=False
[INFO] [1789121834.124582026] [phase2_unclamped_run_node]: [step 32] dist=0.8192 raw_delta(rad)=[0.013399999588727951, -0.04019999876618385, -0.06719999760389328, -0.07989999651908875, 0.06989999860525131, 0.013100000098347664] gripper_raw=-0.752 -> gripper_target=0.087m object_grasped=False
[INFO] [1789121837.582707889] [phase2_unclamped_run_node]: [step 33] dist=0.8257 raw_delta(rad)=[-0.017500000074505806, -0.0681999996304512, -0.030500000342726707, -0.07980000227689743, 0.07360000163316727, 0.0658000037074089] gripper_raw=0.946 -> gripper_target=0.049m object_grasped=False
[INFO] [1789121841.041484305] [phase2_unclamped_run_node]: [step 34] dist=0.8354 raw_delta(rad)=[-0.022700000554323196, -0.06589999794960022, -0.02070000022649765, -0.07980000227689743, 0.06019999831914902, 0.022299999371170998] gripper_raw=0.098 -> gripper_target=0.068m object_grasped=False
[INFO] [1789121844.299251031] [phase2_unclamped_run_node]: [step 35] dist=0.8461 raw_delta(rad)=[-0.009200000204145908, -0.07609999924898148, 0.009100000374019146, -0.07940000295639038, -0.02930000051856041, 0.012400000356137753] gripper_raw=-0.003 -> gripper_target=0.070m object_grasped=False
[INFO] [1789121847.406893563] [phase2_unclamped_run_node]: [step 36] dist=0.8437 raw_delta(rad)=[0.02239999920129776, -0.06949999928474426, 0.05350000038743019, -0.07190000265836716, 0.06989999860525131, 0.0019000000320374966] gripper_raw=-2.574 -> gripper_target=0.127m object_grasped=False
[INFO] [1789121851.065152957] [phase2_unclamped_run_node]: [step 37] dist=0.8342 raw_delta(rad)=[0.062300000339746475, -0.07490000128746033, 0.07289999723434448, -0.07829999923706055, 0.07370000332593918, -0.00989999994635582] gripper_raw=-2.439 -> gripper_target=0.124m object_grasped=False
[INFO] [1789121854.122954697] [phase2_unclamped_run_node]: [step 38] dist=0.8125 raw_delta(rad)=[0.041099999099969864, -0.07609999924898148, 0.02329999953508377, -0.07569999992847443, 0.014800000004470348, -0.030400000512599945] gripper_raw=-0.954 -> gripper_target=0.091m object_grasped=False
[INFO] [1789121857.581249836] [phase2_unclamped_run_node]: [step 39] dist=0.7955 raw_delta(rad)=[-0.007400000002235174, -0.07779999822378159, 0.06719999760389328, -0.039900001138448715, 0.041600000113248825, -0.04580000042915344] gripper_raw=-2.589 -> gripper_target=0.128m object_grasped=False
[INFO] [1789121861.089216241] [phase2_unclamped_run_node]: [step 40] dist=0.7789 raw_delta(rad)=[0.052299998700618744, -0.06800000369548798, 0.07079999893903732, -0.07500000298023224, 0.06830000132322311, -0.031599998474121094] gripper_raw=-1.942 -> gripper_target=0.113m object_grasped=False
[INFO] [1789121864.397231836] [phase2_unclamped_run_node]: [step 41] dist=0.7537 raw_delta(rad)=[0.05869999900460243, -0.07329999655485153, 0.06750000268220901, -0.021199999377131462, 0.03970000147819519, -0.052299998700618744] gripper_raw=-2.257 -> gripper_target=0.120m object_grasped=False
[INFO] [1789121867.455210439] [phase2_unclamped_run_node]: [step 42] dist=0.7180 raw_delta(rad)=[0.059700001031160355, -0.07329999655485153, 0.03539999946951866, 0.004999999888241291, 0.01940000057220459, -0.020800000056624413] gripper_raw=-1.178 -> gripper_target=0.096m object_grasped=False
[INFO] [1789121870.713431812] [phase2_unclamped_run_node]: [step 43] dist=0.6808 raw_delta(rad)=[0.066600002348423, -0.07699999958276749, 0.0778999999165535, -0.033399999141693115, 0.050599999725818634, -0.0406000018119812] gripper_raw=-0.952 -> gripper_target=0.091m object_grasped=False
[INFO] [1789121873.821049898] [phase2_unclamped_run_node]: [step 44] dist=0.6387 raw_delta(rad)=[0.07129999995231628, -0.07150000333786011, 0.07360000163316727, 0.02329999953508377, 0.03759999945759773, -0.054099999368190765] gripper_raw=-2.792 -> gripper_target=0.132m object_grasped=False
[INFO] [1789121877.278974041] [phase2_unclamped_run_node]: [step 45] dist=0.5911 raw_delta(rad)=[0.05730000138282776, -0.06909999996423721, 0.07779999822378159, 0.006300000008195639, -0.014100000262260437, -0.042899999767541885] gripper_raw=-2.374 -> gripper_target=0.123m object_grasped=False
[INFO] [1789121880.337511842] [phase2_unclamped_run_node]: [step 46] dist=0.5471 raw_delta(rad)=[0.07779999822378159, -0.0617000013589859, 0.0706000030040741, 0.0502999983727932, 0.0284000001847744, -0.010900000110268593] gripper_raw=-3.097 -> gripper_target=0.139m object_grasped=False
[INFO] [1789121883.646298522] [phase2_unclamped_run_node]: [step 47] dist=0.4990 raw_delta(rad)=[0.07050000131130219, -0.04960000142455101, 0.07680000364780426, -0.0013000000035390258, 0.047600001096725464, -0.013700000010430813] gripper_raw=-2.995 -> gripper_target=0.137m object_grasped=False
[INFO] [1789121886.703966783] [phase2_unclamped_run_node]: [step 48] dist=0.4633 raw_delta(rad)=[0.06960000097751617, -0.039799999445676804, 0.07500000298023224, 0.03840000182390213, 0.016499999910593033, -0.02889999933540821] gripper_raw=-3.058 -> gripper_target=0.138m object_grasped=False
[INFO] [1789121889.761542108] [phase2_unclamped_run_node]: [step 49] dist=0.4311 raw_delta(rad)=[0.06700000166893005, -0.02280000038444996, 0.07670000195503235, 0.04540000110864639, 0.04259999841451645, -0.0066999997943639755] gripper_raw=-3.046 -> gripper_target=0.138m object_grasped=False
[INFO] [1789121892.669083898] [phase2_unclamped_run_node]: [step 50] dist=0.4107 raw_delta(rad)=[0.06019999831914902, 9.999999747378752e-05, 0.07559999823570251, 0.04960000142455101, 0.03150000050663948, -0.020899999886751175] gripper_raw=-2.862 -> gripper_target=0.134m object_grasped=False
[INFO] [1789121895.728736124] [phase2_unclamped_run_node]: [step 51] dist=0.4065 raw_delta(rad)=[0.03920000046491623, 0.03280000016093254, 0.07760000228881836, -0.029100000858306885, 0.04349999874830246, -0.04050000011920929] gripper_raw=-2.772 -> gripper_target=0.132m object_grasped=False
[INFO] [1789121898.836836599] [phase2_unclamped_run_node]: [step 52] dist=0.4321 raw_delta(rad)=[0.061900001019239426, 0.03359999880194664, 0.07810000330209732, 0.03139999881386757, 0.022099999710917473, -0.04659999907016754] gripper_raw=-2.987 -> gripper_target=0.137m object_grasped=False
[INFO] [1789121901.895506087] [phase2_unclamped_run_node]: [step 53] dist=0.4603 raw_delta(rad)=[0.06560000032186508, 0.049800001084804535, 0.07729999721050262, 0.004600000102072954, 0.03449999913573265, -0.03530000150203705] gripper_raw=-2.850 -> gripper_target=0.134m object_grasped=False
[INFO] [1789121904.953385457] [phase2_unclamped_run_node]: [step 54] dist=0.5061 raw_delta(rad)=[0.04430000111460686, 0.05559999868273735, 0.07810000330209732, 0.029899999499320984, 0.053199999034404755, -0.04230000078678131] gripper_raw=-3.050 -> gripper_target=0.138m object_grasped=False
[INFO] [1789121908.061445517] [phase2_unclamped_run_node]: [step 55] dist=0.5546 raw_delta(rad)=[0.04360000044107437, 0.05820000171661377, 0.07819999754428864, -0.06159999966621399, 0.06830000132322311, -0.05260000005364418] gripper_raw=-3.002 -> gripper_target=0.137m object_grasped=False
[INFO] [1789121911.118719908] [phase2_unclamped_run_node]: [step 56] dist=0.6134 raw_delta(rad)=[0.03779999911785126, 0.05590000003576279, 0.07729999721050262, 0.0272000003606081, 0.07249999791383743, -0.04740000143647194] gripper_raw=-3.092 -> gripper_target=0.139m object_grasped=False
[INFO] [1789121914.176455739] [phase2_unclamped_run_node]: [step 57] dist=0.6644 raw_delta(rad)=[0.05040000006556511, 0.04839999973773956, 0.07720000296831131, 0.060100000351667404, 0.0551999993622303, -0.052799999713897705] gripper_raw=-2.960 -> gripper_target=0.136m object_grasped=False
[INFO] [1789121917.283763254] [phase2_unclamped_run_node]: [step 58] dist=0.7097 raw_delta(rad)=[0.046799998730421066, 0.040300000458955765, 0.07479999959468842, 0.0737999975681305, 0.06939999759197235, -0.054499998688697815] gripper_raw=-2.850 -> gripper_target=0.133m object_grasped=False
[INFO] [1789121920.391156829] [phase2_unclamped_run_node]: [step 59] dist=0.7496 raw_delta(rad)=[0.06310000270605087, 0.026399999856948853, 0.07540000230073929, 0.0722000002861023, 0.06780000030994415, -0.03610000014305115] gripper_raw=-3.052 -> gripper_target=0.138m object_grasped=False
[INFO] [1789121923.448728323] [phase2_unclamped_run_node]: [step 60] dist=0.7829 raw_delta(rad)=[0.0357000008225441, 0.01360000018030405, 0.07199999690055847, -0.00430000014603138, 0.0632999986410141, -0.03869999945163727] gripper_raw=-2.554 -> gripper_target=0.127m object_grasped=False
[INFO] [1789121926.606653917] [phase2_unclamped_run_node]: [step 61] dist=0.8092 raw_delta(rad)=[0.056299999356269836, 0.0034000000450760126, 0.06909999996423721, 0.06679999828338623, 0.010200000368058681, -0.031599998474121094] gripper_raw=-3.061 -> gripper_target=0.138m object_grasped=False
[INFO] [1789121929.864942479] [phase2_unclamped_run_node]: [step 62] dist=0.8276 raw_delta(rad)=[0.04859999939799309, -0.00559999980032444, 0.06499999761581421, -0.05559999868273735, 0.020899999886751175, -0.03180000185966492] gripper_raw=-3.056 -> gripper_target=0.138m object_grasped=False
[INFO] [1789121932.772379001] [phase2_unclamped_run_node]: [step 63] dist=0.8416 raw_delta(rad)=[0.044599998742341995, 0.0007999999797903001, 0.060100000351667404, 0.05169999971985817, 0.002300000051036477, -0.032600000500679016] gripper_raw=-3.013 -> gripper_target=0.137m object_grasped=False
[INFO] [1789121935.829687527] [phase2_unclamped_run_node]: [step 64] dist=0.8553 raw_delta(rad)=[0.051500000059604645, -0.0032999999821186066, 0.05559999868273735, 0.04650000110268593, -0.031300000846385956, -0.032499998807907104] gripper_raw=-3.051 -> gripper_target=0.138m object_grasped=False
[INFO] [1789121938.887222581] [phase2_unclamped_run_node]: [step 65] dist=0.8673 raw_delta(rad)=[0.05820000171661377, 0.00419999985024333, 0.04670000076293945, 0.06419999897480011, -0.04610000178217888, -0.050700001418590546] gripper_raw=-3.067 -> gripper_target=0.138m object_grasped=False
[INFO] [1789121941.993869511] [phase2_unclamped_run_node]: [step 66] dist=0.8814 raw_delta(rad)=[0.05350000038743019, -0.0017000000225380063, 0.03889999911189079, 0.046799998730421066, -0.06319999694824219, -0.0430000014603138] gripper_raw=-2.986 -> gripper_target=0.137m object_grasped=False
[INFO] [1789121945.050835102] [phase2_unclamped_run_node]: [step 67] dist=0.8941 raw_delta(rad)=[0.04490000009536743, 0.014800000004470348, 0.02850000001490116, 0.03759999945759773, -0.06379999965429306, -0.05299999937415123] gripper_raw=-2.986 -> gripper_target=0.137m object_grasped=False
[INFO] [1789121947.957287041] [phase2_unclamped_run_node]: [step 68] dist=0.9084 raw_delta(rad)=[0.04529999941587448, 0.029400000348687172, 0.03139999881386757, 0.0020000000949949026, -0.06769999861717224, -0.05739999935030937] gripper_raw=-2.991 -> gripper_target=0.137m object_grasped=False
[INFO] [1789121950.814483339] [phase2_unclamped_run_node]: [step 69] dist=0.9230 raw_delta(rad)=[0.026499999687075615, 0.03280000016093254, 0.010400000028312206, 0.020600000396370888, -0.06859999895095825, -0.061799999326467514] gripper_raw=-2.829 -> gripper_target=0.133m object_grasped=False
[INFO] [1789121953.871612826] [phase2_unclamped_run_node]: [step 70] dist=0.9353 raw_delta(rad)=[0.034299999475479126, 0.03550000116229057, 0.005799999926239252, 0.0471000000834465, -0.06780000030994415, -0.05460000038146973] gripper_raw=-2.933 -> gripper_target=0.135m object_grasped=False
[INFO] [1789121956.979479810] [phase2_unclamped_run_node]: [step 71] dist=0.9488 raw_delta(rad)=[0.0017999999690800905, 0.04010000079870224, 9.999999747378752e-05, -0.03020000085234642, -0.055399999022483826, -0.05660000070929527] gripper_raw=-2.658 -> gripper_target=0.129m object_grasped=False
[INFO] [1789121960.036658464] [phase2_unclamped_run_node]: [step 72] dist=0.9547 raw_delta(rad)=[0.0035000001080334187, 0.03200000151991844, -0.004999999888241291, -0.00039999998989515007, -0.045099999755620956, -0.04490000009536743] gripper_raw=-2.196 -> gripper_target=0.119m object_grasped=False
[INFO] [1789121963.093676130] [phase2_unclamped_run_node]: [step 73] dist=0.9608 raw_delta(rad)=[0.02410000003874302, 0.044599998742341995, -0.027499999850988388, -0.04100000113248825, -0.05719999969005585, -0.06120000034570694] gripper_raw=-2.782 -> gripper_target=0.132m object_grasped=False
[INFO] [1789121966.451233941] [phase2_unclamped_run_node]: [step 74] dist=0.9611 raw_delta(rad)=[0.02879999950528145, 0.02449999935925007, 0.013399999588727951, -0.023600000888109207, -0.02239999920129776, -0.039500001817941666] gripper_raw=-1.453 -> gripper_target=0.102m object_grasped=False
[INFO] [1789121969.909460363] [phase2_unclamped_run_node]: [step 75] dist=0.9621 raw_delta(rad)=[-0.041099999099969864, 0.008799999952316284, 0.006599999964237213, -0.07289999723434448, -0.052000001072883606, -0.014999999664723873] gripper_raw=-2.687 -> gripper_target=0.130m object_grasped=False
[INFO] [1789121973.367354527] [phase2_unclamped_run_node]: [step 76] dist=0.9650 raw_delta(rad)=[-0.03720000013709068, 0.03220000118017197, -0.019899999722838402, -0.07779999822378159, -0.042500000447034836, -0.04349999874830246] gripper_raw=-1.778 -> gripper_target=0.110m object_grasped=False
[INFO] [1789121976.624985597] [phase2_unclamped_run_node]: [step 77] dist=0.9662 raw_delta(rad)=[0.02250000089406967, 0.022299999371170998, -0.01600000075995922, -0.065700002014637, -0.061900001019239426, -0.03849999979138374] gripper_raw=-1.874 -> gripper_target=0.112m object_grasped=False
[INFO] [1789121979.733329513] [phase2_unclamped_run_node]: [step 78] dist=0.9628 raw_delta(rad)=[-0.01679999940097332, 0.01679999940097332, -0.016699999570846558, -0.07660000026226044, -0.07050000131130219, -0.04320000112056732] gripper_raw=-1.779 -> gripper_target=0.110m object_grasped=False
[INFO] [1789121982.790685702] [phase2_unclamped_run_node]: [step 79] dist=0.9630 raw_delta(rad)=[-0.06239999830722809, 0.029500000178813934, -0.0010999999940395355, -0.032099999487400055, -0.05380000174045563, -0.02410000003874302] gripper_raw=-1.506 -> gripper_target=0.104m object_grasped=False
[INFO] [1789121985.847749442] [phase2_unclamped_run_node]: [step 80] dist=0.9763 raw_delta(rad)=[0.00800000037997961, 0.014999999664723873, -0.013799999840557575, -0.07419999688863754, -0.07270000129938126, 0.0032999999821186066] gripper_raw=1.116 -> gripper_target=0.045m object_grasped=False
[INFO] [1789121989.556780861] [phase2_unclamped_run_node]: [step 81] dist=0.9740 raw_delta(rad)=[-0.06509999930858612, 0.00559999980032444, -0.03889999911189079, -0.04969999939203262, -0.056699998676776886, -0.029899999499320984] gripper_raw=-2.610 -> gripper_target=0.128m object_grasped=False
[INFO] [1789121993.415109276] [phase2_unclamped_run_node]: [step 82] dist=0.9783 raw_delta(rad)=[-0.03750000149011612, 0.014000000432133675, -0.01979999989271164, -0.029400000348687172, 0.009800000116229057, -0.041999999433755875] gripper_raw=-0.218 -> gripper_target=0.075m object_grasped=False
[INFO] [1789121997.073097578] [phase2_unclamped_run_node]: [step 83] dist=0.9807 raw_delta(rad)=[0.031099999323487282, 0.0020000000949949026, -0.044199999421834946, 0.0038999998942017555, -0.013199999928474426, -0.024000000208616257] gripper_raw=-0.113 -> gripper_target=0.073m object_grasped=False
[INFO] [1789122000.130417194] [phase2_unclamped_run_node]: [step 84] dist=0.9694 raw_delta(rad)=[-0.026799999177455902, 0.030300000682473183, -0.02319999970495701, -0.06379999965429306, -0.05530000105500221, -0.018300000578165054] gripper_raw=-2.146 -> gripper_target=0.118m object_grasped=False
[INFO] [1789122003.588978806] [phase2_unclamped_run_node]: [step 85] dist=0.9744 raw_delta(rad)=[-0.04439999908208847, 0.006599999964237213, -0.01850000023841858, -0.062300000339746475, -0.0421999990940094, -0.02449999935925007] gripper_raw=-2.180 -> gripper_target=0.119m object_grasped=False
[INFO] [1789122006.697278672] [phase2_unclamped_run_node]: [step 86] dist=0.9784 raw_delta(rad)=[-0.06390000134706497, -0.012900000438094139, -0.030300000682473183, -0.027300000190734863, 0.054999999701976776, -0.006099999882280827] gripper_raw=-1.557 -> gripper_target=0.105m object_grasped=False
[INFO] [1789122009.955577539] [phase2_unclamped_run_node]: [step 87] dist=0.9756 raw_delta(rad)=[0.024800000712275505, -0.013000000268220901, -0.04800000041723251, -0.06159999966621399, -0.02370000071823597, -0.0071000000461936] gripper_raw=0.530 -> gripper_target=0.058m object_grasped=False
[INFO] [1789122013.413890945] [phase2_unclamped_run_node]: [step 88] dist=0.9581 raw_delta(rad)=[-0.04650000110268593, 0.012500000186264515, -0.06159999966621399, -0.0674000009894371, -0.03759999945759773, -0.0357000008225441] gripper_raw=-1.425 -> gripper_target=0.102m object_grasped=False
[INFO] [1789122016.871180618] [phase2_unclamped_run_node]: [step 89] dist=0.9557 raw_delta(rad)=[0.06120000034570694, 0.008700000122189522, -0.0746999979019165, 0.06729999929666519, -0.0763000026345253, -0.0729999989271164] gripper_raw=-2.201 -> gripper_target=0.119m object_grasped=False
[INFO] [1789122020.128608388] [phase2_unclamped_run_node]: [step 90] dist=0.9392 raw_delta(rad)=[0.02590000070631504, 0.01769999973475933, -0.06970000267028809, 0.04230000078678131, -0.07769999653100967, -0.05920000001788139] gripper_raw=-2.327 -> gripper_target=0.122m object_grasped=False
[INFO] [1789122023.236694025] [phase2_unclamped_run_node]: [step 91] dist=0.9312 raw_delta(rad)=[0.04479999840259552, 0.04659999907016754, -0.07050000131130219, 0.06589999794960022, -0.07410000264644623, -0.04600000008940697] gripper_raw=-2.905 -> gripper_target=0.135m object_grasped=False
[INFO] [1789122026.493808666] [phase2_unclamped_run_node]: [step 92] dist=0.9279 raw_delta(rad)=[-0.05790000036358833, -0.01889999955892563, -0.0722000002861023, -0.04699999839067459, -0.01080000028014183, 0.02370000071823597] gripper_raw=0.353 -> gripper_target=0.062m object_grasped=False
[INFO] [1789122030.351483183] [phase2_unclamped_run_node]: [step 93] dist=0.9136 raw_delta(rad)=[0.03869999945163727, 0.02370000071823597, -0.041200000792741776, 0.06019999831914902, -0.05990000069141388, -0.021299999207258224] gripper_raw=-2.593 -> gripper_target=0.128m object_grasped=False
[INFO] [1789122034.009250694] [phase2_unclamped_run_node]: [step 94] dist=0.9117 raw_delta(rad)=[-0.030700000002980232, -0.004800000227987766, -0.07169999927282333, -0.07450000196695328, 0.0689999982714653, 0.03590000048279762] gripper_raw=0.439 -> gripper_target=0.060m object_grasped=False
[INFO] [1789122037.667193813] [phase2_unclamped_run_node]: [step 95] dist=0.8917 raw_delta(rad)=[0.05810000002384186, 0.017799999564886093, -0.06390000134706497, 0.07209999859333038, -0.07750000059604645, -0.052299998700618744] gripper_raw=-2.752 -> gripper_target=0.131m object_grasped=False
[INFO] [1789122041.526608983] [phase2_unclamped_run_node]: [step 96] dist=0.8844 raw_delta(rad)=[-0.00039999998989515007, -0.0019000000320374966, -0.04699999839067459, 0.06040000170469284, -0.048500001430511475, -0.027899999171495438] gripper_raw=-2.533 -> gripper_target=0.126m object_grasped=False
[INFO] [1789122044.635045405] [phase2_unclamped_run_node]: [step 97] dist=0.8787 raw_delta(rad)=[0.01850000023841858, -0.010099999606609344, -0.048500001430511475, 0.06939999759197235, -0.07829999923706055, -0.05180000141263008] gripper_raw=-2.558 -> gripper_target=0.127m object_grasped=False
[INFO] [1789122047.691905925] [phase2_unclamped_run_node]: [step 98] dist=0.8740 raw_delta(rad)=[-0.029200000688433647, -0.027000000700354576, -0.06949999928474426, -0.04540000110864639, -0.045499999076128006, -0.02889999933540821] gripper_raw=2.101 -> gripper_target=0.023m object_grasped=False
[INFO] [1789122051.749993339] [phase2_unclamped_run_node]: [step 99] dist=0.8582 raw_delta(rad)=[0.004900000058114529, -0.03460000082850456, -0.028699999675154686, 0.04969999939203262, -0.07590000331401825, 0.0032999999821186066] gripper_raw=-2.729 -> gripper_target=0.131m object_grasped=False
[INFO] [1789122055.809252656] [phase2_unclamped_run_node]: [step 100] dist=0.8538 raw_delta(rad)=[-0.041999999433755875, -0.04129999876022339, -0.06520000100135803, 0.05620000138878822, -0.07859999686479568, -0.027000000700354576] gripper_raw=-2.199 -> gripper_target=0.119m object_grasped=False
[INFO] [1789122058.867589568] [phase2_unclamped_run_node]: [step 101] dist=0.8380 raw_delta(rad)=[-0.026499999687075615, -0.04919999837875366, 0.012500000186264515, 0.04490000009536743, -0.04580000042915344, -0.0560000017285347] gripper_raw=-2.450 -> gripper_target=0.125m object_grasped=False
[INFO] [1789122061.976403352] [phase2_unclamped_run_node]: [step 102] dist=0.8336 raw_delta(rad)=[0.030300000682473183, -0.017000000923871994, 0.00430000014603138, 0.0421999990940094, -0.03590000048279762, -0.054499998688697815] gripper_raw=-3.073 -> gripper_target=0.138m object_grasped=False
[INFO] [1789122065.284292125] [phase2_unclamped_run_node]: [step 103] dist=0.8386 raw_delta(rad)=[-0.03869999945163727, -0.0560000017285347, -0.039900001138448715, 0.04520000144839287, -0.07150000333786011, -0.023800000548362732] gripper_raw=-2.935 -> gripper_target=0.135m object_grasped=False
[INFO] [1789122068.342701860] [phase2_unclamped_run_node]: [step 104] dist=0.8221 raw_delta(rad)=[-0.07109999656677246, -0.03449999913573265, -0.010400000028312206, -0.0019000000320374966, -0.05009999871253967, -0.014100000262260437] gripper_raw=-2.899 -> gripper_target=0.135m object_grasped=False
[INFO] [1789122071.400430393] [phase2_unclamped_run_node]: [step 105] dist=0.8062 raw_delta(rad)=[-0.03909999877214432, -0.01850000023841858, -0.0215000007301569, -0.04450000077486038, -0.05979999899864197, -0.0203000009059906] gripper_raw=-2.878 -> gripper_target=0.134m object_grasped=False
[INFO] [1789122074.557499751] [phase2_unclamped_run_node]: [step 106] dist=0.7975 raw_delta(rad)=[-0.04470000043511391, -0.030700000002980232, 0.01899999938905239, 0.05770000070333481, -0.07609999924898148, -0.03920000046491623] gripper_raw=-3.055 -> gripper_target=0.138m object_grasped=False
[INFO] [1789122077.615311853] [phase2_unclamped_run_node]: [step 107] dist=0.7925 raw_delta(rad)=[-0.05939999967813492, -0.008899999782443047, -0.07620000094175339, 0.03440000116825104, -0.07970000058412552, 0.04320000112056732] gripper_raw=3.004 -> gripper_target=0.003m object_grasped=False
[INFO] [1789122082.075483529] [phase2_unclamped_run_node]: [step 108] dist=0.7708 raw_delta(rad)=[-0.028999999165534973, -0.06840000301599503, -0.07940000295639038, -0.048500001430511475, -0.0794999971985817, 0.06019999831914902] gripper_raw=2.406 -> gripper_target=0.016m object_grasped=False
[INFO] [1789122085.333675105] [phase2_unclamped_run_node]: [step 109] dist=0.7430 raw_delta(rad)=[0.01720000058412552, -0.05810000002384186, -0.07729999721050262, -0.009600000455975533, 0.042399998754262924, 0.06889999657869339] gripper_raw=2.110 -> gripper_target=0.023m object_grasped=False
[INFO] [1789122088.390656853] [phase2_unclamped_run_node]: [step 110] dist=0.7183 raw_delta(rad)=[0.048700001090765, -0.05660000070929527, -0.009800000116229057, -0.006000000052154064, -0.07450000196695328, 0.01080000028014183] gripper_raw=-2.415 -> gripper_target=0.124m object_grasped=False
[INFO] [1789122092.449033859] [phase2_unclamped_run_node]: [step 111] dist=0.7249 raw_delta(rad)=[-0.05220000073313713, -0.01590000092983246, -0.0357000008225441, 0.002300000051036477, -0.0731000006198883, -0.0689999982714653] gripper_raw=-2.942 -> gripper_target=0.136m object_grasped=False
[INFO] [1789122095.756591860] [phase2_unclamped_run_node]: [step 112] dist=0.7108 raw_delta(rad)=[-0.07810000330209732, 0.05959999933838844, -0.04360000044107437, -0.019999999552965164, 0.01549999974668026, -0.04839999973773956] gripper_raw=1.064 -> gripper_target=0.046m object_grasped=False
[INFO] [1789122099.615130395] [phase2_unclamped_run_node]: [step 113] dist=0.7004 raw_delta(rad)=[-0.004699999932199717, -0.03999999910593033, -0.0017000000225380063, 0.05389999970793724, -0.07750000059604645, 0.018699999898672104] gripper_raw=-1.789 -> gripper_target=0.110m object_grasped=False
[INFO] [1789122103.273260538] [phase2_unclamped_run_node]: [step 114] dist=0.6939 raw_delta(rad)=[-0.06700000166893005, 0.006099999882280827, -0.0406000018119812, 0.01269999984651804, -0.06480000168085098, -0.06120000034570694] gripper_raw=0.554 -> gripper_target=0.058m object_grasped=False
[INFO] [1789122106.730791606] [phase2_unclamped_run_node]: [step 115] dist=0.6817 raw_delta(rad)=[-0.0340999998152256, -0.012900000438094139, -0.021800000220537186, -0.03460000082850456, -0.06859999895095825, 0.024000000208616257] gripper_raw=3.083 -> gripper_target=0.001m object_grasped=False
[ERROR] [1789122106.982164682] [phase2_unclamped_run_node]: Step failed: Current goal cancelled during deactivate transition.
[ERROR] [1789122106.982517477] [phase2_unclamped_run_node]: [step 115] Step execution failed -- stopping run.
[INFO] [1789122106.982915324] [phase2_unclamped_run_node]: === UNCLAMPED RUN ENDED ===

[exited with code 0]
