[INFO] [1789126054.669537275] [phase2_unclamped_run_node]: Loading SAC checkpoint: /home/anand/isaac_sac_checkpoints/repo/rl_logs_7hr_final/ur5e_isaac_sac_final.zip (legacy=True)
[INFO] [1789126055.099041817] [phase2_unclamped_run_node]: Checkpoint loaded.
[INFO] [1789126055.799952662] [phase2_unclamped_run_node]: Opening gripper and moving to real_home_position...
[INFO] [1789126066.367530489] [phase2_unclamped_run_node]: move_to_start: reached and verified.
[INFO] [1789126066.367859324] [phase2_unclamped_run_node]: === UNCLAMPED RUN: raw policy deltas (bounded +/-0.08rad), 0.5s/step, max 500 steps, gripper force=1.0 speed=0.3 ===
[INFO] [1789126066.369984096] [phase2_unclamped_run_node]: [step 00] dist=1.3258 raw_delta(rad)=[0.05660000070929527, 0.007000000216066837, -0.07530000060796738, -0.051100000739097595, 0.016599999740719795, -0.01590000092983246] gripper_raw=-2.091 -> gripper_target=0.117m object_grasped=False
[INFO] [1789126068.275065031] [phase2_unclamped_run_node]: [step 01] dist=1.3706 raw_delta(rad)=[0.06859999895095825, 0.07930000126361847, -0.07639999687671661, -0.07500000298023224, 0.06769999861717224, 0.04410000145435333] gripper_raw=-2.654 -> gripper_target=0.129m object_grasped=False
[INFO] [1789126069.980182376] [phase2_unclamped_run_node]: [step 02] dist=1.4049 raw_delta(rad)=[0.05559999868273735, -0.07069999724626541, -0.07980000227689743, -0.07440000027418137, -0.06539999693632126, 0.06509999930858612] gripper_raw=-1.145 -> gripper_target=0.096m object_grasped=False
[INFO] [1789126071.884922252] [phase2_unclamped_run_node]: [step 03] dist=1.4599 raw_delta(rad)=[0.04479999840259552, 0.014299999922513962, -0.07689999788999557, -0.07739999890327454, -0.06870000064373016, 0.05860000103712082] gripper_raw=-1.000 -> gripper_target=0.092m object_grasped=False
[INFO] [1789126073.389345554] [phase2_unclamped_run_node]: [step 04] dist=1.4797 raw_delta(rad)=[0.06780000030994415, -0.060600001364946365, -0.07980000227689743, -0.07639999687671661, -0.07689999788999557, 0.0754999965429306] gripper_raw=-2.090 -> gripper_target=0.117m object_grasped=False
[INFO] [1789126075.094203904] [phase2_unclamped_run_node]: [step 05] dist=1.5106 raw_delta(rad)=[0.06440000236034393, 0.009600000455975533, -0.07829999923706055, -0.07339999824762344, -0.07119999825954437, 0.0746999979019165] gripper_raw=0.176 -> gripper_target=0.066m object_grasped=False
[INFO] [1789126077.199220440] [phase2_unclamped_run_node]: [step 06] dist=1.5211 raw_delta(rad)=[0.07090000063180923, 0.07599999755620956, -0.07919999957084656, -0.07599999755620956, -0.07450000196695328, 0.03150000050663948] gripper_raw=1.345 -> gripper_target=0.040m object_grasped=False
[INFO] [1789126078.904292091] [phase2_unclamped_run_node]: [step 07] dist=1.5103 raw_delta(rad)=[0.06939999759197235, 0.022700000554323196, -0.07980000227689743, -0.07900000363588333, -0.066600002348423, 0.0786999985575676] gripper_raw=1.508 -> gripper_target=0.036m object_grasped=False
[INFO] [1789126080.408691898] [phase2_unclamped_run_node]: [step 08] dist=1.5021 raw_delta(rad)=[0.07270000129938126, -0.07769999653100967, -0.07970000058412552, -0.07980000227689743, -0.05660000070929527, 0.07500000298023224] gripper_raw=0.603 -> gripper_target=0.057m object_grasped=False
[INFO] [1789126082.113837210] [phase2_unclamped_run_node]: [step 09] dist=1.4916 raw_delta(rad)=[0.0754999965429306, 9.999999747378752e-05, -0.07940000295639038, -0.07980000227689743, -0.07890000194311142, 0.07940000295639038] gripper_raw=1.954 -> gripper_target=0.026m object_grasped=False
[INFO] [1789126083.818404540] [phase2_unclamped_run_node]: [step 10] dist=1.4582 raw_delta(rad)=[0.07209999859333038, 0.014299999922513962, -0.07850000262260437, -0.07980000227689743, -0.07670000195503235, 0.0794999971985817] gripper_raw=1.454 -> gripper_target=0.038m object_grasped=False
[INFO] [1789126085.573785080] [phase2_unclamped_run_node]: [step 11] dist=1.4130 raw_delta(rad)=[0.0723000019788742, -0.07069999724626541, -0.07999999821186066, -0.07850000262260437, -0.06960000097751617, 0.07769999653100967] gripper_raw=1.298 -> gripper_target=0.041m object_grasped=False
[INFO] [1789126087.278730189] [phase2_unclamped_run_node]: [step 12] dist=1.3522 raw_delta(rad)=[0.07859999686479568, 0.03530000150203705, -0.07980000227689743, -0.07900000363588333, -0.07639999687671661, 0.06939999759197235] gripper_raw=-0.474 -> gripper_target=0.081m object_grasped=False
[INFO] [1789126089.184256670] [phase2_unclamped_run_node]: [step 13] dist=1.2833 raw_delta(rad)=[0.07819999754428864, -0.02459999918937683, -0.07959999889135361, -0.07810000330209732, -0.05719999969005585, 0.07429999858140945] gripper_raw=-2.079 -> gripper_target=0.116m object_grasped=False
[INFO] [1789126091.090207215] [phase2_unclamped_run_node]: [step 14] dist=1.2032 raw_delta(rad)=[0.07959999889135361, 0.05849999934434891, -0.029200000688433647, -0.07909999787807465, -0.07540000230073929, 0.04179999977350235] gripper_raw=-2.540 -> gripper_target=0.127m object_grasped=False
[INFO] [1789126092.845775461] [phase2_unclamped_run_node]: [step 15] dist=1.1457 raw_delta(rad)=[0.07930000126361847, 0.06159999966621399, -0.07729999721050262, -0.07930000126361847, -0.02199999988079071, 0.07400000095367432] gripper_raw=-2.084 -> gripper_target=0.116m object_grasped=False
[INFO] [1789126094.350597448] [phase2_unclamped_run_node]: [step 16] dist=1.0884 raw_delta(rad)=[0.0794999971985817, 0.04470000043511391, -0.07980000227689743, -0.07970000058412552, -0.06780000030994415, 0.03400000184774399] gripper_raw=-1.169 -> gripper_target=0.096m object_grasped=False
[INFO] [1789126096.056456234] [phase2_unclamped_run_node]: [step 17] dist=1.0122 raw_delta(rad)=[0.07940000295639038, 0.02930000051856041, -0.07490000128746033, -0.07919999957084656, -0.06800000369548798, 0.07029999792575836] gripper_raw=-3.033 -> gripper_target=0.138m object_grasped=False
[INFO] [1789126097.961984233] [phase2_unclamped_run_node]: [step 18] dist=0.9361 raw_delta(rad)=[0.07989999651908875, -0.0044999998062849045, -0.07339999824762344, -0.03590000048279762, -0.07419999688863754, 0.052400000393390656] gripper_raw=-2.950 -> gripper_target=0.136m object_grasped=False
[INFO] [1789126099.666759207] [phase2_unclamped_run_node]: [step 19] dist=0.8557 raw_delta(rad)=[0.07989999651908875, 0.05779999867081642, 0.002099999925121665, -0.07890000194311142, -0.07339999824762344, 0.06430000066757202] gripper_raw=-2.815 -> gripper_target=0.133m object_grasped=False
[INFO] [1789126101.171597994] [phase2_unclamped_run_node]: [step 20] dist=0.8306 raw_delta(rad)=[0.07999999821186066, 0.07360000163316727, -0.002099999925121665, -0.07320000231266022, -0.03909999877214432, 0.021400000900030136] gripper_raw=-3.078 -> gripper_target=0.139m object_grasped=False
[INFO] [1789126102.676356712] [phase2_unclamped_run_node]: [step 21] dist=0.8279 raw_delta(rad)=[0.07729999721050262, 0.07880000025033951, -0.0007999999797903001, -0.07980000227689743, -0.04650000110268593, 0.03020000085234642] gripper_raw=-3.039 -> gripper_target=0.138m object_grasped=False
[INFO] [1789126104.180396051] [phase2_unclamped_run_node]: [step 22] dist=0.8359 raw_delta(rad)=[0.07000000029802322, 0.04969999939203262, -0.047200001776218414, -0.07750000059604645, -0.006300000008195639, 0.03680000081658363] gripper_raw=-2.238 -> gripper_target=0.120m object_grasped=False
[INFO] [1789126105.935386500] [phase2_unclamped_run_node]: [step 23] dist=0.8180 raw_delta(rad)=[0.07769999653100967, 0.033399999141693115, -0.04560000076889992, -0.07989999651908875, 0.03370000049471855, 0.03310000151395798] gripper_raw=-2.965 -> gripper_target=0.136m object_grasped=False
[INFO] [1789126107.639640682] [phase2_unclamped_run_node]: [step 24] dist=0.8014 raw_delta(rad)=[0.07519999891519547, 0.04910000041127205, -0.07069999724626541, -0.07930000126361847, -0.07509999722242355, 0.05040000006556511] gripper_raw=-2.904 -> gripper_target=0.135m object_grasped=False
[INFO] [1789126109.344429022] [phase2_unclamped_run_node]: [step 25] dist=0.7873 raw_delta(rad)=[0.065700002014637, 0.0737999975681305, -0.05310000106692314, -0.04740000143647194, 0.042100001126527786, 0.04149999842047691] gripper_raw=-2.975 -> gripper_target=0.136m object_grasped=False
[INFO] [1789126110.854152592] [phase2_unclamped_run_node]: [step 26] dist=0.7938 raw_delta(rad)=[0.06719999760389328, 0.07750000059604645, -0.06989999860525131, -0.07750000059604645, -0.047600001096725464, 0.05420000106096268] gripper_raw=-2.864 -> gripper_target=0.134m object_grasped=False
[INFO] [1789126112.559909289] [phase2_unclamped_run_node]: [step 27] dist=0.8051 raw_delta(rad)=[0.04270000010728836, 0.07909999787807465, -0.07989999651908875, -0.01209999993443489, -0.07729999721050262, 0.06750000268220901] gripper_raw=-1.191 -> gripper_target=0.097m object_grasped=False
[INFO] [1789126114.465309175] [phase2_unclamped_run_node]: [step 28] dist=0.8200 raw_delta(rad)=[-0.03959999978542328, 0.07339999824762344, -0.07999999821186066, -0.003000000026077032, -0.015799999237060547, 0.0778999999165535] gripper_raw=-1.864 -> gripper_target=0.112m object_grasped=False
[INFO] [1789126116.170492415] [phase2_unclamped_run_node]: [step 29] dist=0.8223 raw_delta(rad)=[0.03060000017285347, 0.029600000008940697, -0.0794999971985817, 0.014999999664723873, -0.014600000344216824, 0.07349999994039536] gripper_raw=-1.870 -> gripper_target=0.112m object_grasped=False
[INFO] [1789126117.474469125] [phase2_unclamped_run_node]: [step 30] dist=0.8131 raw_delta(rad)=[0.042100001126527786, 0.07900000363588333, -0.07989999651908875, -0.040800001472234726, 0.032499998807907104, 0.07660000026226044] gripper_raw=-1.424 -> gripper_target=0.102m object_grasped=False
[INFO] [1789126119.179476897] [phase2_unclamped_run_node]: [step 31] dist=0.8133 raw_delta(rad)=[0.04450000077486038, 0.0649000033736229, -0.0794999971985817, -0.07109999656677246, -0.0364999994635582, 0.07660000026226044] gripper_raw=-1.135 -> gripper_target=0.095m object_grasped=False
[INFO] [1789126120.684176977] [phase2_unclamped_run_node]: [step 32] dist=0.8275 raw_delta(rad)=[-0.00989999994635582, 0.07639999687671661, -0.07959999889135361, -0.06589999794960022, 0.042500000447034836, 0.07760000228881836] gripper_raw=-0.561 -> gripper_target=0.082m object_grasped=False
[INFO] [1789126122.439456820] [phase2_unclamped_run_node]: [step 33] dist=0.8198 raw_delta(rad)=[0.019899999722838402, 0.07249999791383743, -0.07999999821186066, -0.035599999129772186, 0.020500000566244125, 0.06509999930858612] gripper_raw=-2.263 -> gripper_target=0.120m object_grasped=False
[INFO] [1789126124.344446143] [phase2_unclamped_run_node]: [step 34] dist=0.8229 raw_delta(rad)=[0.035999998450279236, 0.07810000330209732, -0.07970000058412552, -0.07370000332593918, 0.07190000265836716, 0.05869999900460243] gripper_raw=-1.748 -> gripper_target=0.109m object_grasped=False
[INFO] [1789126126.049583138] [phase2_unclamped_run_node]: [step 35] dist=0.8138 raw_delta(rad)=[-0.024800000712275505, 0.0794999971985817, -0.07989999651908875, -0.07909999787807465, 0.01209999993443489, 0.06390000134706497] gripper_raw=-1.870 -> gripper_target=0.112m object_grasped=False
[ERROR] [1789126147.289604445] [phase2_unclamped_run_node]: Step failed: Aborted due to path tolerance violation
[ERROR] [1789126147.289954793] [phase2_unclamped_run_node]: [step 35] Step execution failed -- stopping run.
[INFO] [1789126147.290344768] [phase2_unclamped_run_node]: === UNCLAMPED RUN ENDED ===

[exited with code 0]
