[INFO] [1789122300.346288406] [phase2_unclamped_run_node]: Loading SAC checkpoint: /home/anand/isaac_sac_checkpoints/repo/rl_logs_7hr_final/ur5e_isaac_sac_final.zip (legacy=True)
[INFO] [1789122300.773839990] [phase2_unclamped_run_node]: Checkpoint loaded.
[INFO] [1789122301.474690910] [phase2_unclamped_run_node]: Opening gripper and moving to real_home_position...
[INFO] [1789122311.397430544] [phase2_unclamped_run_node]: move_to_start: reached and verified.
[INFO] [1789122311.397751156] [phase2_unclamped_run_node]: === UNCLAMPED RUN: raw policy deltas (bounded +/-0.08rad), 2.0s/step, max 500 steps, gripper force=1.0 speed=0.3 ===
[INFO] [1789122311.399480137] [phase2_unclamped_run_node]: [step 00] dist=1.2250 raw_delta(rad)=[0.07970000058412552, 0.07680000364780426, -0.07970000058412552, -0.0778999999165535, 0.058400001376867294, -0.02590000070631504] gripper_raw=-0.761 -> gripper_target=0.087m object_grasped=False
[INFO] [1789122315.007948945] [phase2_unclamped_run_node]: [step 01] dist=1.2363 raw_delta(rad)=[0.07970000058412552, 0.07859999686479568, -0.0794999971985817, -0.0794999971985817, 0.021900000050663948, 0.030500000342726707] gripper_raw=-2.615 -> gripper_target=0.128m object_grasped=False
[INFO] [1789122318.466423733] [phase2_unclamped_run_node]: [step 02] dist=1.2449 raw_delta(rad)=[0.07989999651908875, 0.023600000888109207, -0.07800000160932541, -0.07999999821186066, 0.06310000270605087, -0.05389999970793724] gripper_raw=-3.047 -> gripper_target=0.138m object_grasped=False
[INFO] [1789122321.773760606] [phase2_unclamped_run_node]: [step 03] dist=1.2710 raw_delta(rad)=[0.07999999821186066, 0.0502999983727932, -0.07540000230073929, -0.07999999821186066, -0.030700000002980232, 0.03909999877214432] gripper_raw=-1.685 -> gripper_target=0.108m object_grasped=False
[INFO] [1789122325.231487210] [phase2_unclamped_run_node]: [step 04] dist=1.2798 raw_delta(rad)=[0.07959999889135361, 0.07890000194311142, -0.07819999754428864, -0.07999999821186066, 0.05609999969601631, 0.07259999960660934] gripper_raw=-3.033 -> gripper_target=0.138m object_grasped=False
[INFO] [1789122328.692595938] [phase2_unclamped_run_node]: [step 05] dist=1.2872 raw_delta(rad)=[0.07999999821186066, 0.07660000026226044, -0.07320000231266022, -0.07940000295639038, -0.0689999982714653, 0.0640999972820282] gripper_raw=-2.933 -> gripper_target=0.135m object_grasped=False
[INFO] [1789122331.749462639] [phase2_unclamped_run_node]: [step 06] dist=1.2869 raw_delta(rad)=[0.07980000227689743, 0.006800000090152025, -0.07670000195503235, -0.07930000126361847, -0.03909999877214432, 0.0754999965429306] gripper_raw=-3.101 -> gripper_target=0.139m object_grasped=False
[INFO] [1789122334.856618926] [phase2_unclamped_run_node]: [step 07] dist=1.2934 raw_delta(rad)=[0.07209999859333038, 0.06480000168085098, -0.0658000037074089, -0.07800000160932541, 0.05460000038146973, 0.06629999727010727] gripper_raw=-2.734 -> gripper_target=0.131m object_grasped=False
[INFO] [1789122337.913261865] [phase2_unclamped_run_node]: [step 08] dist=1.2974 raw_delta(rad)=[0.0794999971985817, 0.06889999657869339, -0.07840000092983246, -0.07209999859333038, -0.0035000001080334187, 0.07989999651908875] gripper_raw=-2.931 -> gripper_target=0.135m object_grasped=False
[INFO] [1789122341.020635064] [phase2_unclamped_run_node]: [step 09] dist=1.2967 raw_delta(rad)=[0.07970000058412552, 0.06989999860525131, -0.07689999788999557, -0.07729999721050262, -0.07240000367164612, 0.07930000126361847] gripper_raw=-3.077 -> gripper_target=0.139m object_grasped=False
[INFO] [1789122344.077872954] [phase2_unclamped_run_node]: [step 10] dist=1.2908 raw_delta(rad)=[0.07919999957084656, 0.03500000014901161, -0.009100000374019146, -0.07559999823570251, -0.07829999923706055, 0.07980000227689743] gripper_raw=-3.125 -> gripper_target=0.140m object_grasped=False
[INFO] [1789122347.135208920] [phase2_unclamped_run_node]: [step 11] dist=1.2924 raw_delta(rad)=[0.07930000126361847, 0.011500000022351742, -0.053199999034404755, -0.07429999858140945, 0.015300000086426735, 0.07819999754428864] gripper_raw=-3.084 -> gripper_target=0.139m object_grasped=False
[INFO] [1789122350.242895148] [phase2_unclamped_run_node]: [step 12] dist=1.2874 raw_delta(rad)=[0.07270000129938126, 0.029400000348687172, -0.07970000058412552, -0.06469999998807907, -0.05460000038146973, 0.0754999965429306] gripper_raw=-3.104 -> gripper_target=0.139m object_grasped=False
[INFO] [1789122353.299631059] [phase2_unclamped_run_node]: [step 13] dist=1.2705 raw_delta(rad)=[0.07569999992847443, -0.019600000232458115, -0.07970000058412552, -0.07460000365972519, -0.06710000336170197, 0.07989999651908875] gripper_raw=-3.111 -> gripper_target=0.139m object_grasped=False
[INFO] [1789122356.206274606] [phase2_unclamped_run_node]: [step 14] dist=1.2375 raw_delta(rad)=[0.05939999967813492, 0.06480000168085098, -0.07270000129938126, -0.06260000169277191, -0.07989999651908875, 0.07940000295639038] gripper_raw=-3.036 -> gripper_target=0.138m object_grasped=False
[INFO] [1789122359.262950225] [phase2_unclamped_run_node]: [step 15] dist=1.2205 raw_delta(rad)=[0.020600000396370888, 0.065700002014637, -0.07750000059604645, -0.06459999829530716, -0.05530000105500221, 0.07989999651908875] gripper_raw=-3.109 -> gripper_target=0.139m object_grasped=False
[INFO] [1789122362.320706326] [phase2_unclamped_run_node]: [step 16] dist=1.2025 raw_delta(rad)=[-0.026599999517202377, 0.04259999841451645, -0.07419999688863754, -0.07959999889135361, -0.0738999992609024, 0.07909999787807465] gripper_raw=-1.985 -> gripper_target=0.114m object_grasped=False
[INFO] [1789122365.631087990] [phase2_unclamped_run_node]: [step 17] dist=1.1755 raw_delta(rad)=[0.001500000013038516, 0.06360000371932983, -0.07769999653100967, -0.07989999651908875, -0.05700000002980232, 0.07410000264644623] gripper_raw=2.006 -> gripper_target=0.025m object_grasped=False
[INFO] [1789122369.489706611] [phase2_unclamped_run_node]: [step 18] dist=1.1535 raw_delta(rad)=[0.05739999935030937, -0.030400000512599945, -0.07729999721050262, -0.07970000058412552, -0.04270000010728836, 0.05689999833703041] gripper_raw=2.801 -> gripper_target=0.008m object_grasped=False
[INFO] [1789122372.747790573] [phase2_unclamped_run_node]: [step 19] dist=1.1107 raw_delta(rad)=[0.04360000044107437, -0.06800000369548798, -0.07029999792575836, -0.07819999754428864, 0.06800000369548798, 0.039400000125169754] gripper_raw=3.092 -> gripper_target=0.001m object_grasped=False
[INFO] [1789122375.805326465] [phase2_unclamped_run_node]: [step 20] dist=1.0677 raw_delta(rad)=[0.043800000101327896, -0.06069999933242798, -0.0778999999165535, -0.07800000160932541, -0.0738999992609024, 0.06289999932050705] gripper_raw=2.899 -> gripper_target=0.005m object_grasped=False
[INFO] [1789122378.911706917] [phase2_unclamped_run_node]: [step 21] dist=1.0114 raw_delta(rad)=[0.03709999844431877, -0.00800000037997961, -0.05689999833703041, -0.07989999651908875, 0.06719999760389328, 0.05590000003576279] gripper_raw=2.697 -> gripper_target=0.010m object_grasped=False
[INFO] [1789122381.968926663] [phase2_unclamped_run_node]: [step 22] dist=0.9874 raw_delta(rad)=[0.07639999687671661, -0.07100000232458115, -0.07639999687671661, -0.07989999651908875, -0.024800000712275505, 0.009800000116229057] gripper_raw=2.701 -> gripper_target=0.010m object_grasped=False
[INFO] [1789122384.825253533] [phase2_unclamped_run_node]: [step 23] dist=0.9283 raw_delta(rad)=[0.07900000363588333, -0.006500000134110451, -0.07819999754428864, -0.07959999889135361, 0.07900000363588333, -0.01209999993443489] gripper_raw=1.514 -> gripper_target=0.036m object_grasped=False
[INFO] [1789122388.132895415] [phase2_unclamped_run_node]: [step 24] dist=0.8945 raw_delta(rad)=[0.07590000331401825, 0.06589999794960022, -0.04230000078678131, -0.07729999721050262, -0.004900000058114529, -0.038100000470876694] gripper_raw=1.471 -> gripper_target=0.037m object_grasped=False
[INFO] [1789122391.240841972] [phase2_unclamped_run_node]: [step 25] dist=0.8868 raw_delta(rad)=[0.0689999982714653, 0.06650000065565109, -0.06769999861717224, -0.07959999889135361, 0.07490000128746033, -0.004000000189989805] gripper_raw=2.030 -> gripper_target=0.025m object_grasped=False
[INFO] [1789122394.498895805] [phase2_unclamped_run_node]: [step 26] dist=0.8829 raw_delta(rad)=[0.04149999842047691, 0.03709999844431877, -0.06710000336170197, -0.07999999821186066, 0.07000000029802322, 0.003000000026077032] gripper_raw=1.848 -> gripper_target=0.029m object_grasped=False
[INFO] [1789122397.606745244] [phase2_unclamped_run_node]: [step 27] dist=0.8782 raw_delta(rad)=[0.026399999856948853, 0.06440000236034393, -0.05220000073313713, -0.07930000126361847, 0.07429999858140945, -0.002400000113993883] gripper_raw=1.625 -> gripper_target=0.034m object_grasped=False
[INFO] [1789122400.663841273] [phase2_unclamped_run_node]: [step 28] dist=0.8886 raw_delta(rad)=[-0.02199999988079071, -0.03629999980330467, -0.04960000142455101, -0.07970000058412552, 0.06379999965429306, 0.02199999988079071] gripper_raw=2.870 -> gripper_target=0.006m object_grasped=False
[INFO] [1789122403.971637748] [phase2_unclamped_run_node]: [step 29] dist=0.8845 raw_delta(rad)=[0.04560000076889992, -0.05130000039935112, -0.033900000154972076, -0.07970000058412552, 0.07329999655485153, -0.03480000048875809] gripper_raw=1.547 -> gripper_target=0.036m object_grasped=False
[INFO] [1789122407.429656079] [phase2_unclamped_run_node]: [step 30] dist=0.8726 raw_delta(rad)=[0.05510000139474869, -0.061500001698732376, 0.05719999969005585, -0.07999999821186066, 0.0625, 0.022700000554323196] gripper_raw=2.645 -> gripper_target=0.011m object_grasped=False
[INFO] [1789122410.737505761] [phase2_unclamped_run_node]: [step 31] dist=0.8655 raw_delta(rad)=[0.048900000751018524, -0.05860000103712082, -0.02500000037252903, -0.07930000126361847, 0.03700000047683716, -0.02810000069439411] gripper_raw=-0.946 -> gripper_target=0.091m object_grasped=False
[INFO] [1789122414.595492822] [phase2_unclamped_run_node]: [step 32] dist=0.8512 raw_delta(rad)=[0.027899999171495438, -0.06019999831914902, 0.02710000053048134, -0.07909999787807465, 0.03359999880194664, 0.04540000110864639] gripper_raw=-2.345 -> gripper_target=0.122m object_grasped=False
[INFO] [1789122418.053763713] [phase2_unclamped_run_node]: [step 33] dist=0.8438 raw_delta(rad)=[0.05040000006556511, -0.0746999979019165, 0.051500000059604645, -0.07419999688863754, 0.07329999655485153, 0.0421999990940094] gripper_raw=0.494 -> gripper_target=0.059m object_grasped=False
[INFO] [1789122421.711430860] [phase2_unclamped_run_node]: [step 34] dist=0.8311 raw_delta(rad)=[-0.026799999177455902, -0.06689999997615814, 0.029500000178813934, -0.0794999971985817, 0.04690000042319298, 0.016699999570846558] gripper_raw=-2.765 -> gripper_target=0.132m object_grasped=False
[INFO] [1789122425.569579951] [phase2_unclamped_run_node]: [step 35] dist=0.8333 raw_delta(rad)=[0.05420000106096268, -0.07100000232458115, 0.04149999842047691, -0.0763000026345253, 0.07159999758005142, 0.0027000000700354576] gripper_raw=-2.507 -> gripper_target=0.126m object_grasped=False
[INFO] [1789122428.627224619] [phase2_unclamped_run_node]: [step 36] dist=0.8178 raw_delta(rad)=[0.05090000107884407, -0.05380000174045563, 0.06639999896287918, -0.07919999957084656, 0.0364999994635582, 0.0027000000700354576] gripper_raw=-2.019 -> gripper_target=0.115m object_grasped=False
[INFO] [1789122431.735462926] [phase2_unclamped_run_node]: [step 37] dist=0.8044 raw_delta(rad)=[0.02979999966919422, -0.0763000026345253, 0.06859999895095825, -0.07370000332593918, 0.07739999890327454, -0.01549999974668026] gripper_raw=-2.681 -> gripper_target=0.130m object_grasped=False
[INFO] [1789122434.993173049] [phase2_unclamped_run_node]: [step 38] dist=0.7906 raw_delta(rad)=[0.021299999207258224, -0.07240000367164612, 0.07639999687671661, -0.07270000129938126, 0.04879999905824661, -0.04540000110864639] gripper_raw=-1.897 -> gripper_target=0.112m object_grasped=False
[INFO] [1789122438.250830077] [phase2_unclamped_run_node]: [step 39] dist=0.7769 raw_delta(rad)=[0.06560000032186508, -0.07159999758005142, 0.07370000332593918, -0.07649999856948853, 0.0625, -0.04170000180602074] gripper_raw=0.804 -> gripper_target=0.052m object_grasped=False
[INFO] [1789122441.908898113] [phase2_unclamped_run_node]: [step 40] dist=0.7518 raw_delta(rad)=[0.07180000096559525, -0.07509999722242355, 0.0729999989271164, -0.012799999676644802, 0.03400000184774399, -0.06279999762773514] gripper_raw=-2.524 -> gripper_target=0.126m object_grasped=False
[INFO] [1789122445.767149361] [phase2_unclamped_run_node]: [step 41] dist=0.7128 raw_delta(rad)=[0.06769999861717224, -0.07180000096559525, 0.0738999992609024, -0.010200000368058681, 0.016599999740719795, -0.04360000044107437] gripper_raw=-1.679 -> gripper_target=0.107m object_grasped=False
[INFO] [1789122449.074869844] [phase2_unclamped_run_node]: [step 42] dist=0.6734 raw_delta(rad)=[0.04690000042319298, -0.07129999995231628, 0.07729999721050262, -0.06909999996423721, 0.0494999997317791, -0.0348999984562397] gripper_raw=-1.885 -> gripper_target=0.112m object_grasped=False
[INFO] [1789122452.131552583] [phase2_unclamped_run_node]: [step 43] dist=0.6479 raw_delta(rad)=[0.06629999727010727, -0.06469999998807907, 0.07829999923706055, 0.03150000050663948, 0.05739999935030937, -0.05559999868273735] gripper_raw=-3.039 -> gripper_target=0.138m object_grasped=False
[INFO] [1789122455.589076551] [phase2_unclamped_run_node]: [step 44] dist=0.6096 raw_delta(rad)=[0.05990000069141388, -0.054099999368190765, 0.07769999653100967, 0.025499999523162842, 0.054999999701976776, -0.04270000010728836] gripper_raw=-2.872 -> gripper_target=0.134m object_grasped=False
[INFO] [1789122458.696415846] [phase2_unclamped_run_node]: [step 45] dist=0.5794 raw_delta(rad)=[0.07349999994039536, -0.03669999912381172, 0.07670000195503235, 0.023499999195337296, 0.020899999886751175, -0.04830000177025795] gripper_raw=-2.857 -> gripper_target=0.134m object_grasped=False
[INFO] [1789122461.553150162] [phase2_unclamped_run_node]: [step 46] dist=0.5555 raw_delta(rad)=[0.07109999656677246, -0.015200000256299973, 0.07609999924898148, 0.06710000336170197, 0.06530000269412994, -0.02590000070631504] gripper_raw=-2.903 -> gripper_target=0.135m object_grasped=False
[INFO] [1789122464.610053908] [phase2_unclamped_run_node]: [step 47] dist=0.5467 raw_delta(rad)=[0.05909999832510948, 0.01889999955892563, 0.07750000059604645, 0.03830000013113022, 0.038600001484155655, -0.04270000010728836] gripper_raw=-2.970 -> gripper_target=0.136m object_grasped=False
[INFO] [1789122467.718201322] [phase2_unclamped_run_node]: [step 48] dist=0.5663 raw_delta(rad)=[0.07159999758005142, 0.025100000202655792, 0.07760000228881836, 0.05860000103712082, 0.04490000009536743, -0.04569999873638153] gripper_raw=-3.027 -> gripper_target=0.137m object_grasped=False
[INFO] [1789122470.775140481] [phase2_unclamped_run_node]: [step 49] dist=0.5919 raw_delta(rad)=[0.06509999930858612, 0.03319999948143959, 0.07760000228881836, -0.006099999882280827, 0.06120000034570694, -0.053300000727176666] gripper_raw=-2.999 -> gripper_target=0.137m object_grasped=False
[INFO] [1789122473.882897068] [phase2_unclamped_run_node]: [step 50] dist=0.6343 raw_delta(rad)=[0.06469999998807907, 0.04839999973773956, 0.07670000195503235, 0.03449999913573265, 0.05900000035762787, -0.05460000038146973] gripper_raw=-3.007 -> gripper_target=0.137m object_grasped=False
[INFO] [1789122476.740348524] [phase2_unclamped_run_node]: [step 51] dist=0.6828 raw_delta(rad)=[0.05249999836087227, 0.050599999725818634, 0.07639999687671661, -0.04540000110864639, 0.054499998688697815, -0.051600001752376556] gripper_raw=-2.909 -> gripper_target=0.135m object_grasped=False
[INFO] [1789122479.798661293] [phase2_unclamped_run_node]: [step 52] dist=0.7386 raw_delta(rad)=[0.054499998688697815, 0.047600001096725464, 0.07519999891519547, 0.07440000027418137, 0.05700000002980232, -0.04969999939203262] gripper_raw=-2.919 -> gripper_target=0.135m object_grasped=False
[INFO] [1789122482.756802302] [phase2_unclamped_run_node]: [step 53] dist=0.7816 raw_delta(rad)=[0.0494999997317791, 0.0340999998152256, 0.07500000298023224, -0.010999999940395355, 0.061400000005960464, -0.03689999878406525] gripper_raw=-2.459 -> gripper_target=0.125m object_grasped=False
[INFO] [1789122485.813490970] [phase2_unclamped_run_node]: [step 54] dist=0.8218 raw_delta(rad)=[0.052799999713897705, 0.030300000682473183, 0.07450000196695328, 0.029400000348687172, 0.03869999945163727, -0.042100001126527786] gripper_raw=-2.857 -> gripper_target=0.134m object_grasped=False
[INFO] [1789122489.071429632] [phase2_unclamped_run_node]: [step 55] dist=0.8534 raw_delta(rad)=[0.030799999833106995, 0.011599999852478504, 0.07339999824762344, 0.051600001752376556, 0.020500000566244125, -0.03779999911785126] gripper_raw=-2.922 -> gripper_target=0.135m object_grasped=False
[INFO] [1789122492.179425027] [phase2_unclamped_run_node]: [step 56] dist=0.8739 raw_delta(rad)=[0.047600001096725464, -0.0035000001080334187, 0.07190000265836716, 0.07419999688863754, 0.008100000210106373, -0.04769999906420708] gripper_raw=-2.731 -> gripper_target=0.131m object_grasped=False
[INFO] [1789122495.237007571] [phase2_unclamped_run_node]: [step 57] dist=0.8840 raw_delta(rad)=[0.04039999842643738, 0.007000000216066837, 0.06780000030994415, 0.046300001442432404, 0.013299999758601189, -0.05609999969601631] gripper_raw=-2.843 -> gripper_target=0.133m object_grasped=False
[INFO] [1789122498.343776236] [phase2_unclamped_run_node]: [step 58] dist=0.8991 raw_delta(rad)=[0.0568000003695488, 0.000699999975040555, 0.06030000001192093, 0.06560000032186508, -0.005200000014156103, -0.04450000077486038] gripper_raw=-3.059 -> gripper_target=0.138m object_grasped=False
[INFO] [1789122501.400884211] [phase2_unclamped_run_node]: [step 59] dist=0.9073 raw_delta(rad)=[0.05939999967813492, 0.002199999988079071, 0.05260000005364418, 0.02019999921321869, -0.05510000139474869, -0.058800000697374344] gripper_raw=-3.059 -> gripper_target=0.138m object_grasped=False
[INFO] [1789122504.257018553] [phase2_unclamped_run_node]: [step 60] dist=0.9144 raw_delta(rad)=[0.060499999672174454, 0.004999999888241291, 0.04659999907016754, 0.06750000268220901, -0.03689999878406525, -0.0551999993622303] gripper_raw=-2.841 -> gripper_target=0.133m object_grasped=False
[INFO] [1789122507.363785250] [phase2_unclamped_run_node]: [step 61] dist=0.9224 raw_delta(rad)=[0.05869999900460243, 0.011099999770522118, 0.03449999913573265, 0.04270000010728836, -0.030700000002980232, -0.05730000138282776] gripper_raw=-3.013 -> gripper_target=0.137m object_grasped=False
[INFO] [1789122510.420291137] [phase2_unclamped_run_node]: [step 62] dist=0.9300 raw_delta(rad)=[0.05950000137090683, 0.01119999960064888, 0.02160000056028366, 0.07280000299215317, -0.03420000150799751, -0.04399999976158142] gripper_raw=-3.099 -> gripper_target=0.139m object_grasped=False
[INFO] [1789122513.527308877] [phase2_unclamped_run_node]: [step 63] dist=0.9371 raw_delta(rad)=[0.05310000106692314, 0.01720000058412552, 0.020800000056624413, 0.0575999990105629, -0.07249999791383743, -0.04560000076889992] gripper_raw=-2.886 -> gripper_target=0.134m object_grasped=False
[INFO] [1789122516.584648558] [phase2_unclamped_run_node]: [step 64] dist=0.9480 raw_delta(rad)=[0.02979999966919422, 0.027000000700354576, -0.00019999999494757503, -0.0010000000474974513, -0.05469999834895134, -0.05559999868273735] gripper_raw=-2.708 -> gripper_target=0.130m object_grasped=False
[INFO] [1789122519.641250466] [phase2_unclamped_run_node]: [step 65] dist=0.9550 raw_delta(rad)=[0.04479999840259552, 0.022700000554323196, -0.008100000210106373, -0.010200000368058681, -0.0649000033736229, -0.061799999326467514] gripper_raw=-2.894 -> gripper_target=0.134m object_grasped=False
[INFO] [1789122522.747830073] [phase2_unclamped_run_node]: [step 66] dist=0.9582 raw_delta(rad)=[0.05389999970793724, 0.03009999915957451, -0.021199999377131462, -0.06390000134706497, -0.06909999996423721, -0.04839999973773956] gripper_raw=-2.662 -> gripper_target=0.129m object_grasped=False
[INFO] [1789122525.805231727] [phase2_unclamped_run_node]: [step 67] dist=0.9560 raw_delta(rad)=[0.04910000041127205, 0.024800000712275505, -0.013299999758601189, -0.00800000037997961, -0.05959999933838844, -0.04830000177025795] gripper_raw=-2.253 -> gripper_target=0.120m object_grasped=False
[INFO] [1789122528.912913171] [phase2_unclamped_run_node]: [step 68] dist=0.9572 raw_delta(rad)=[0.04729999974370003, 0.024399999529123306, -0.02250000089406967, 0.0210999995470047, -0.07280000299215317, -0.04729999974370003] gripper_raw=-2.627 -> gripper_target=0.129m object_grasped=False
[INFO] [1789122532.170368254] [phase2_unclamped_run_node]: [step 69] dist=0.9606 raw_delta(rad)=[0.019700000062584877, 0.040300000458955765, -0.02459999918937683, -0.012000000104308128, -0.0617000013589859, -0.04430000111460686] gripper_raw=-2.762 -> gripper_target=0.132m object_grasped=False
[INFO] [1789122535.227607228] [phase2_unclamped_run_node]: [step 70] dist=0.9634 raw_delta(rad)=[-0.01850000023841858, 0.031700000166893005, 0.007799999788403511, -0.07180000096559525, -0.05550000071525574, -0.0406000018119812] gripper_raw=-2.063 -> gripper_target=0.116m object_grasped=False
[INFO] [1789122538.485368050] [phase2_unclamped_run_node]: [step 71] dist=0.9670 raw_delta(rad)=[0.00930000003427267, 0.014499999582767487, -0.02199999988079071, -0.052000001072883606, -0.06080000102519989, -0.0502999983727932] gripper_raw=-2.544 -> gripper_target=0.127m object_grasped=False
[INFO] [1789122541.792893850] [phase2_unclamped_run_node]: [step 72] dist=0.9649 raw_delta(rad)=[-0.0003000000142492354, 0.019600000232458115, 0.004999999888241291, -0.021900000050663948, -0.04610000178217888, -0.059700001031160355] gripper_raw=-2.706 -> gripper_target=0.130m object_grasped=False
[INFO] [1789122544.849702755] [phase2_unclamped_run_node]: [step 73] dist=0.9686 raw_delta(rad)=[-0.022199999541044235, 0.033399999141693115, -0.024399999529123306, -0.057500001043081284, -0.05770000070333481, -0.04050000011920929] gripper_raw=-1.943 -> gripper_target=0.113m object_grasped=False
[INFO] [1789122548.107244006] [phase2_unclamped_run_node]: [step 74] dist=0.9712 raw_delta(rad)=[0.00430000014603138, 0.030300000682473183, -0.012000000104308128, 0.0019000000320374966, -0.057100001722574234, -0.053599998354911804] gripper_raw=-2.157 -> gripper_target=0.118m object_grasped=False
[INFO] [1789122551.214494838] [phase2_unclamped_run_node]: [step 75] dist=0.9763 raw_delta(rad)=[-0.041099999099969864, 0.014000000432133675, -0.037300001829862595, -0.05429999902844429, -0.02979999966919422, -0.024399999529123306] gripper_raw=-0.712 -> gripper_target=0.086m object_grasped=False
[INFO] [1789122554.673099028] [phase2_unclamped_run_node]: [step 76] dist=0.9769 raw_delta(rad)=[-0.02800000086426735, 0.04019999876618385, -0.030500000342726707, -0.0414000004529953, -0.06840000301599503, 0.005799999926239252] gripper_raw=-0.750 -> gripper_target=0.087m object_grasped=False
[INFO] [1789122557.731268809] [phase2_unclamped_run_node]: [step 77] dist=0.9835 raw_delta(rad)=[-0.04910000041127205, -0.0007999999797903001, -0.020099999383091927, -0.024900000542402267, -0.07559999823570251, -0.027300000190734863] gripper_raw=-1.469 -> gripper_target=0.103m object_grasped=False
[INFO] [1789122561.039578169] [phase2_unclamped_run_node]: [step 78] dist=0.9917 raw_delta(rad)=[-0.04470000043511391, -0.0013000000035390258, -0.009999999776482582, -0.023000000044703484, -0.07199999690055847, -0.007499999832361937] gripper_raw=-0.411 -> gripper_target=0.079m object_grasped=False
[INFO] [1789122564.347550097] [phase2_unclamped_run_node]: [step 79] dist=1.0000 raw_delta(rad)=[-0.030700000002980232, -0.0071000000461936, -0.041099999099969864, 0.03750000149011612, -0.06449999660253525, -0.039400000125169754] gripper_raw=0.003 -> gripper_target=0.070m object_grasped=False
[INFO] [1789122567.405781126] [phase2_unclamped_run_node]: [step 80] dist=1.0029 raw_delta(rad)=[-0.03779999911785126, -0.002300000051036477, -0.045499999076128006, -0.06960000097751617, -0.03869999945163727, -0.03680000081658363] gripper_raw=-0.502 -> gripper_target=0.081m object_grasped=False
[INFO] [1789122570.662815967] [phase2_unclamped_run_node]: [step 81] dist=0.9959 raw_delta(rad)=[-0.021800000220537186, 0.02160000056028366, -0.053300000727176666, -0.07069999724626541, 9.999999747378752e-05, -0.028599999845027924] gripper_raw=-0.235 -> gripper_target=0.075m object_grasped=False
[INFO] [1789122573.769567456] [phase2_unclamped_run_node]: [step 82] dist=0.9883 raw_delta(rad)=[-0.04050000011920929, 0.01850000023841858, -0.07010000199079514, -0.07079999893903732, -0.030700000002980232, 0.021400000900030136] gripper_raw=-1.000 -> gripper_target=0.092m object_grasped=False
[INFO] [1789122577.026470917] [phase2_unclamped_run_node]: [step 83] dist=0.9815 raw_delta(rad)=[-0.019999999552965164, 0.017100000753998756, -0.04659999907016754, -0.050200000405311584, 0.06710000336170197, 0.00039999998989515007] gripper_raw=-0.018 -> gripper_target=0.070m object_grasped=False
[INFO] [1789122580.284282544] [phase2_unclamped_run_node]: [step 84] dist=0.9728 raw_delta(rad)=[-0.002899999963119626, -0.03020000085234642, -0.03449999913573265, -0.02329999953508377, -0.01510000042617321, -0.035599999129772186] gripper_raw=-1.394 -> gripper_target=0.101m object_grasped=False
[INFO] [1789122583.791872114] [phase2_unclamped_run_node]: [step 85] dist=0.9577 raw_delta(rad)=[-0.03700000047683716, -0.00930000003427267, -0.06939999759197235, -0.05700000002980232, 0.03909999877214432, 0.020600000396370888] gripper_raw=-0.948 -> gripper_target=0.091m object_grasped=False
[INFO] [1789122586.849085660] [phase2_unclamped_run_node]: [step 86] dist=0.9410 raw_delta(rad)=[0.06769999861717224, 0.03790000081062317, -0.07079999893903732, 0.05609999969601631, -0.07720000296831131, -0.07209999859333038] gripper_raw=-2.190 -> gripper_target=0.119m object_grasped=False
[INFO] [1789122590.307145733] [phase2_unclamped_run_node]: [step 87] dist=0.9318 raw_delta(rad)=[0.07339999824762344, 0.012900000438094139, -0.07429999858140945, 0.07370000332593918, -0.06930000334978104, -0.05119999870657921] gripper_raw=-2.232 -> gripper_target=0.120m object_grasped=False
[INFO] [1789122593.414220001] [phase2_unclamped_run_node]: [step 88] dist=0.9173 raw_delta(rad)=[-0.046799998730421066, -0.03530000150203705, -0.06109999865293503, -0.043800000101327896, -0.007199999876320362, 0.021900000050663948] gripper_raw=0.161 -> gripper_target=0.066m object_grasped=False
[INFO] [1789122597.077051028] [phase2_unclamped_run_node]: [step 89] dist=0.8989 raw_delta(rad)=[0.03009999915957451, 0.034699998795986176, -0.043800000101327896, 0.04600000008940697, -0.06949999928474426, -0.04580000042915344] gripper_raw=-1.222 -> gripper_target=0.097m object_grasped=False
[INFO] [1789122600.536944981] [phase2_unclamped_run_node]: [step 90] dist=0.9003 raw_delta(rad)=[0.04089999943971634, -0.01769999973475933, -0.029400000348687172, 0.07069999724626541, -0.07810000330209732, -0.04619999974966049] gripper_raw=-2.670 -> gripper_target=0.129m object_grasped=False
[INFO] [1789122603.994956703] [phase2_unclamped_run_node]: [step 91] dist=0.8962 raw_delta(rad)=[-0.06499999761581421, -0.00860000029206276, -0.0754999965429306, 0.06379999965429306, 0.024700000882148743, 0.03370000049471855] gripper_raw=1.960 -> gripper_target=0.026m object_grasped=False
[INFO] [1789122608.054858689] [phase2_unclamped_run_node]: [step 92] dist=0.8781 raw_delta(rad)=[0.062300000339746475, -0.010400000028312206, -0.007000000216066837, 0.043699998408555984, -0.07349999994039536, -0.05920000001788139] gripper_raw=-2.464 -> gripper_target=0.125m object_grasped=False
[INFO] [1789122612.115519465] [phase2_unclamped_run_node]: [step 93] dist=0.8817 raw_delta(rad)=[-0.00559999980032444, -0.015399999916553497, -0.07240000367164612, -0.06499999761581421, 0.020999999716877937, -0.0012000000569969416] gripper_raw=0.422 -> gripper_target=0.061m object_grasped=False
[INFO] [1789122615.773661231] [phase2_unclamped_run_node]: [step 94] dist=0.8594 raw_delta(rad)=[0.02410000003874302, -0.005100000184029341, -0.0015999999595806003, 0.054499998688697815, -0.066600002348423, 0.001500000013038516] gripper_raw=-2.866 -> gripper_target=0.134m object_grasped=False
[INFO] [1789122619.632308421] [phase2_unclamped_run_node]: [step 95] dist=0.8659 raw_delta(rad)=[-0.07559999823570251, -0.017799999564886093, -0.0681999996304512, -0.07819999754428864, -0.04100000113248825, 0.04610000178217888] gripper_raw=1.563 -> gripper_target=0.035m object_grasped=False
[INFO] [1789122623.690828614] [phase2_unclamped_run_node]: [step 96] dist=0.8459 raw_delta(rad)=[-0.0052999998442828655, -0.024299999698996544, -0.044599998742341995, 0.031700000166893005, -0.0731000006198883, -0.02019999921321869] gripper_raw=-3.018 -> gripper_target=0.137m object_grasped=False
[INFO] [1789122627.699726268] [phase2_unclamped_run_node]: [step 97] dist=0.8375 raw_delta(rad)=[-0.061400000005960464, 0.0007999999797903001, -0.003800000064074993, 0.03370000049471855, -0.04610000178217888, -0.03629999980330467] gripper_raw=-3.059 -> gripper_target=0.138m object_grasped=False
[INFO] [1789122630.858512707] [phase2_unclamped_run_node]: [step 98] dist=0.8362 raw_delta(rad)=[-0.00989999994635582, -0.04500000178813934, -0.007300000172108412, 0.039400000125169754, -0.0778999999165535, -0.07150000333786011] gripper_raw=-2.333 -> gripper_target=0.122m object_grasped=False
[INFO] [1789122634.116986828] [phase2_unclamped_run_node]: [step 99] dist=0.8304 raw_delta(rad)=[-0.05620000138878822, -0.05900000035762787, 0.03669999912381172, 0.060100000351667404, -0.047200001776218414, -0.0414000004529953] gripper_raw=-2.829 -> gripper_target=0.133m object_grasped=False
[INFO] [1789122637.374746391] [phase2_unclamped_run_node]: [step 100] dist=0.8226 raw_delta(rad)=[-0.01590000092983246, -0.014100000262260437, -0.042399998754262924, 0.0406000018119812, -0.05220000073313713, -0.05620000138878822] gripper_raw=-2.564 -> gripper_target=0.127m object_grasped=False
[INFO] [1789122640.482567078] [phase2_unclamped_run_node]: [step 101] dist=0.8116 raw_delta(rad)=[-0.05339999869465828, -0.06069999933242798, -0.04830000177025795, 0.0738999992609024, -0.04259999841451645, -0.06120000034570694] gripper_raw=-2.967 -> gripper_target=0.136m object_grasped=False
[INFO] [1789122643.740752376] [phase2_unclamped_run_node]: [step 102] dist=0.7793 raw_delta(rad)=[-0.04800000041723251, -0.04309999942779541, 0.011900000274181366, 0.0006000000284984708, -0.07400000095367432, -0.018300000578165054] gripper_raw=-1.869 -> gripper_target=0.112m object_grasped=False
[INFO] [1789122646.998276429] [phase2_unclamped_run_node]: [step 103] dist=0.7678 raw_delta(rad)=[-0.010700000450015068, -0.03750000149011612, 0.007300000172108412, 0.06939999759197235, -0.07500000298023224, -0.03370000049471855] gripper_raw=-2.286 -> gripper_target=0.121m object_grasped=False
[INFO] [1789122650.256501634] [phase2_unclamped_run_node]: [step 104] dist=0.7623 raw_delta(rad)=[-0.02630000002682209, -0.003100000089034438, -0.027000000700354576, -0.03680000081658363, -0.07620000094175339, -0.06199999898672104] gripper_raw=-3.011 -> gripper_target=0.137m object_grasped=False
[INFO] [1789122653.563796114] [phase2_unclamped_run_node]: [step 105] dist=0.7572 raw_delta(rad)=[-0.007499999832361937, -0.05299999937415123, -0.024700000882148743, -0.034699998795986176, -0.06830000132322311, -0.006599999964237213] gripper_raw=-3.081 -> gripper_target=0.139m object_grasped=False
[INFO] [1789122656.620427090] [phase2_unclamped_run_node]: [step 106] dist=0.7417 raw_delta(rad)=[-0.04809999838471413, -0.014999999664723873, -0.01810000091791153, 0.04639999940991402, -0.05220000073313713, 0.0020000000949949026] gripper_raw=-3.060 -> gripper_target=0.138m object_grasped=False
[INFO] [1789122659.677573423] [phase2_unclamped_run_node]: [step 107] dist=0.7259 raw_delta(rad)=[-0.05260000005364418, -0.012299999594688416, -0.07900000363588333, -0.06870000064373016, -0.0771000012755394, 0.0722000002861023] gripper_raw=2.325 -> gripper_target=0.018m object_grasped=False
[INFO] [1789122663.936940942] [phase2_unclamped_run_node]: [step 108] dist=0.7054 raw_delta(rad)=[-0.003800000064074993, 0.018799999728798866, -0.06040000170469284, -0.02850000001490116, -0.06930000334978104, -0.0414000004529953] gripper_raw=1.857 -> gripper_target=0.029m object_grasped=False
[INFO] [1789122667.244610681] [phase2_unclamped_run_node]: [step 109] dist=0.7084 raw_delta(rad)=[-0.008999999612569809, 0.01730000041425228, -0.06909999996423721, -0.009100000374019146, -0.07509999722242355, -0.010900000110268593] gripper_raw=3.063 -> gripper_target=0.002m object_grasped=False
[INFO] [1789122670.501840078] [phase2_unclamped_run_node]: [step 110] dist=0.7089 raw_delta(rad)=[-0.03970000147819519, 0.01119999960064888, -0.07850000262260437, 0.07010000199079514, -0.07530000060796738, -0.0551999993622303] gripper_raw=2.798 -> gripper_target=0.008m object_grasped=False
[INFO] [1789122673.559471089] [phase2_unclamped_run_node]: [step 111] dist=0.6965 raw_delta(rad)=[-0.07660000026226044, 0.0010999999940395355, -0.06390000134706497, -0.061500001698732376, -0.07769999653100967, -0.07259999960660934] gripper_raw=2.845 -> gripper_target=0.007m object_grasped=False
[ERROR] [1789122673.760616812] [phase2_unclamped_run_node]: Step failed: Current goal cancelled during deactivate transition.
[ERROR] [1789122673.760983655] [phase2_unclamped_run_node]: [step 111] Step execution failed -- stopping run.
[INFO] [1789122673.761384532] [phase2_unclamped_run_node]: === UNCLAMPED RUN ENDED ===

[exited with code 0]
