[INFO] [1789120416.906671435] [phase2_unclamped_run_node]: Loading SAC checkpoint: /home/anand/isaac_sac_checkpoints/repo/rl_logs_7hr_final/ur5e_isaac_sac_final.zip (legacy=True)
[INFO] [1789120417.334268262] [phase2_unclamped_run_node]: Checkpoint loaded.
[INFO] [1789120418.035102441] [phase2_unclamped_run_node]: Opening gripper and moving to real_home_position...
[INFO] [1789120427.604181056] [phase2_unclamped_run_node]: move_to_start: reached and verified.
[INFO] [1789120427.604494844] [phase2_unclamped_run_node]: === UNCLAMPED RUN: raw policy deltas (bounded +/-0.08rad), 2.0s/step, max 500 steps, gripper force=1.0 speed=0.3 ===
[INFO] [1789120427.606286632] [phase2_unclamped_run_node]: [step 00] dist=1.2251 raw_delta(rad)=[0.07940000295639038, 0.06400000303983688, -0.07840000092983246, -0.07999999821186066, 0.032999999821186066, -0.04839999973773956] gripper_raw=-0.648 -> gripper_target=0.084m object_grasped=False
[INFO] [1789120431.214475585] [phase2_unclamped_run_node]: [step 01] dist=1.2389 raw_delta(rad)=[0.07999999821186066, -0.07490000128746033, -0.07970000058412552, -0.07999999821186066, 0.012799999676644802, 0.039400000125169754] gripper_raw=-0.476 -> gripper_target=0.081m object_grasped=False
[INFO] [1789120434.321793860] [phase2_unclamped_run_node]: [step 02] dist=1.2940 raw_delta(rad)=[0.07980000227689743, -0.054999999701976776, -0.07890000194311142, -0.07810000330209732, 0.01360000018030405, 0.00570000009611249] gripper_raw=-2.836 -> gripper_target=0.133m object_grasped=False
[INFO] [1789120437.979664784] [phase2_unclamped_run_node]: [step 03] dist=1.3304 raw_delta(rad)=[0.07980000227689743, 0.07249999791383743, -0.07970000058412552, -0.07930000126361847, 0.04619999974966049, 0.024900000542402267] gripper_raw=-2.521 -> gripper_target=0.126m object_grasped=False
[INFO] [1789120441.037117167] [phase2_unclamped_run_node]: [step 04] dist=1.3287 raw_delta(rad)=[0.07959999889135361, -0.035100001841783524, -0.07989999651908875, -0.07919999957084656, -0.013399999588727951, 0.05889999866485596] gripper_raw=-1.385 -> gripper_target=0.101m object_grasped=False
[INFO] [1789120444.294431808] [phase2_unclamped_run_node]: [step 05] dist=1.3414 raw_delta(rad)=[0.07970000058412552, 0.07559999823570251, -0.07580000162124634, -0.07980000227689743, -0.03689999878406525, 0.06300000101327896] gripper_raw=-0.148 -> gripper_target=0.073m object_grasped=False
[INFO] [1789120447.602330891] [phase2_unclamped_run_node]: [step 06] dist=1.3270 raw_delta(rad)=[0.07989999651908875, 0.0786999985575676, -0.04450000077486038, -0.07689999788999557, -0.05420000106096268, 0.07599999755620956] gripper_raw=-2.578 -> gripper_target=0.127m object_grasped=False
[INFO] [1789120451.261505173] [phase2_unclamped_run_node]: [step 07] dist=1.3118 raw_delta(rad)=[0.07970000058412552, 0.053300000727176666, -0.07959999889135361, -0.06260000169277191, -0.07190000265836716, 0.07580000162124634] gripper_raw=-2.950 -> gripper_target=0.136m object_grasped=False
[INFO] [1789120454.518949487] [phase2_unclamped_run_node]: [step 08] dist=1.2961 raw_delta(rad)=[0.07980000227689743, 0.07800000160932541, -0.05000000074505806, -0.044599998742341995, -0.07029999792575836, 0.07999999821186066] gripper_raw=-2.531 -> gripper_target=0.126m object_grasped=False
[INFO] [1789120457.575491820] [phase2_unclamped_run_node]: [step 09] dist=1.2818 raw_delta(rad)=[0.07429999858140945, 0.07010000199079514, -0.07259999960660934, -0.07440000027418137, -0.07069999724626541, 0.07999999821186066] gripper_raw=-3.069 -> gripper_target=0.138m object_grasped=False
[INFO] [1789120460.883765644] [phase2_unclamped_run_node]: [step 10] dist=1.2656 raw_delta(rad)=[0.07890000194311142, 0.0738999992609024, -0.07810000330209732, -0.06589999794960022, -0.04600000008940697, 0.07999999821186066] gripper_raw=-3.002 -> gripper_target=0.137m object_grasped=False
[INFO] [1789120463.942662097] [phase2_unclamped_run_node]: [step 11] dist=1.2505 raw_delta(rad)=[0.07180000096559525, 0.016499999910593033, -0.07859999686479568, -0.05570000037550926, -0.0723000019788742, 0.07999999821186066] gripper_raw=-3.039 -> gripper_target=0.138m object_grasped=False
[INFO] [1789120466.999763213] [phase2_unclamped_run_node]: [step 12] dist=1.2255 raw_delta(rad)=[0.04910000041127205, 0.061799999326467514, -0.07940000295639038, -0.04639999940991402, -0.07569999992847443, 0.07959999889135361] gripper_raw=-2.971 -> gripper_target=0.136m object_grasped=False
[INFO] [1789120470.106862564] [phase2_unclamped_run_node]: [step 13] dist=1.2050 raw_delta(rad)=[0.07649999856948853, 0.05609999969601631, -0.04430000111460686, -0.0649000033736229, -0.07919999957084656, 0.07999999821186066] gripper_raw=-3.070 -> gripper_target=0.138m object_grasped=False
[INFO] [1789120473.163280036] [phase2_unclamped_run_node]: [step 14] dist=1.1892 raw_delta(rad)=[0.07639999687671661, 0.06840000301599503, -0.07970000058412552, -0.0722000002861023, -0.07909999787807465, 0.07999999821186066] gripper_raw=-3.116 -> gripper_target=0.139m object_grasped=False
[INFO] [1789120476.270019605] [phase2_unclamped_run_node]: [step 15] dist=1.1660 raw_delta(rad)=[0.03709999844431877, -0.009100000374019146, 0.02160000056028366, -0.07479999959468842, -0.07819999754428864, 0.07959999889135361] gripper_raw=-3.060 -> gripper_target=0.138m object_grasped=False
[INFO] [1789120479.376815837] [phase2_unclamped_run_node]: [step 16] dist=1.1553 raw_delta(rad)=[-0.06440000236034393, 0.004800000227987766, 0.001500000013038516, -0.07620000094175339, -0.07760000228881836, -0.02239999920129776] gripper_raw=1.456 -> gripper_target=0.038m object_grasped=False
[INFO] [1789120483.485799685] [phase2_unclamped_run_node]: [step 17] dist=1.1453 raw_delta(rad)=[-0.05609999969601631, 0.04600000008940697, -0.06610000133514404, -0.02979999966919422, -0.07980000227689743, 0.07970000058412552] gripper_raw=-2.968 -> gripper_target=0.136m object_grasped=False
[INFO] [1789120487.547290876] [phase2_unclamped_run_node]: [step 18] dist=1.1278 raw_delta(rad)=[0.014999999664723873, 0.056699998676776886, -0.07989999651908875, -0.07750000059604645, -0.059700001031160355, 0.07989999651908875] gripper_raw=-3.040 -> gripper_target=0.138m object_grasped=False
[INFO] [1789120490.607296883] [phase2_unclamped_run_node]: [step 19] dist=1.1042 raw_delta(rad)=[0.0008999999845400453, -0.03799999877810478, -0.06279999762773514, -0.0794999971985817, 0.002300000051036477, 0.054999999701976776] gripper_raw=2.974 -> gripper_target=0.004m object_grasped=False
[INFO] [1789120495.067382586] [phase2_unclamped_run_node]: [step 20] dist=1.0732 raw_delta(rad)=[0.04780000075697899, 0.06080000102519989, -0.07760000228881836, -0.07980000227689743, -0.04490000009536743, 0.022299999371170998] gripper_raw=3.083 -> gripper_target=0.001m object_grasped=False
[INFO] [1789120498.124734283] [phase2_unclamped_run_node]: [step 21] dist=1.0507 raw_delta(rad)=[0.06859999895095825, -0.05810000002384186, -0.0771000012755394, -0.07959999889135361, -0.04919999837875366, 0.07769999653100967] gripper_raw=3.125 -> gripper_target=0.000m object_grasped=False
[INFO] [1789120501.431201742] [phase2_unclamped_run_node]: [step 22] dist=1.0011 raw_delta(rad)=[0.055799998342990875, 0.061900001019239426, -0.07919999957084656, -0.07999999821186066, 0.02019999921321869, 0.06939999759197235] gripper_raw=2.411 -> gripper_target=0.016m object_grasped=False
[INFO] [1789120504.688597823] [phase2_unclamped_run_node]: [step 23] dist=0.9841 raw_delta(rad)=[0.0681999996304512, 0.020600000396370888, -0.07999999821186066, -0.0794999971985817, 0.03819999843835831, 0.0414000004529953] gripper_raw=2.416 -> gripper_target=0.016m object_grasped=False
[INFO] [1789120507.595277156] [phase2_unclamped_run_node]: [step 24] dist=0.9578 raw_delta(rad)=[0.07360000163316727, 0.07980000227689743, -0.07039999961853027, -0.07810000330209732, 0.06369999796152115, 0.03999999910593033] gripper_raw=2.236 -> gripper_target=0.020m object_grasped=False
[INFO] [1789120510.652620024] [phase2_unclamped_run_node]: [step 25] dist=0.9517 raw_delta(rad)=[0.07620000094175339, 0.07970000058412552, -0.07129999995231628, -0.0737999975681305, 0.03830000013113022, 0.00559999980032444] gripper_raw=1.711 -> gripper_target=0.032m object_grasped=False
[INFO] [1789120514.010165886] [phase2_unclamped_run_node]: [step 26] dist=0.9458 raw_delta(rad)=[0.07020000368356705, 0.07109999656677246, -0.07010000199079514, -0.07989999651908875, 0.02160000056028366, 0.053199999034404755] gripper_raw=3.140 -> gripper_target=0.000m object_grasped=False
[INFO] [1789120517.669030745] [phase2_unclamped_run_node]: [step 27] dist=0.9395 raw_delta(rad)=[0.0714000016450882, 0.06430000066757202, -0.07249999791383743, -0.07989999651908875, 0.06620000302791595, 0.03799999877810478] gripper_raw=3.119 -> gripper_target=0.001m object_grasped=False
[INFO] [1789120520.525605726] [phase2_unclamped_run_node]: [step 28] dist=0.9335 raw_delta(rad)=[0.058400001376867294, 0.06270000338554382, -0.07829999923706055, -0.07989999651908875, 0.07479999959468842, 0.06480000168085098] gripper_raw=-1.670 -> gripper_target=0.107m object_grasped=False
[INFO] [1789120524.785150749] [phase2_unclamped_run_node]: [step 29] dist=0.9281 raw_delta(rad)=[0.03849999979138374, 0.053300000727176666, -0.05380000174045563, -0.07999999821186066, 0.07999999821186066, 0.05869999900460243] gripper_raw=2.576 -> gripper_target=0.013m object_grasped=False
[INFO] [1789120528.845088611] [phase2_unclamped_run_node]: [step 30] dist=0.9294 raw_delta(rad)=[0.03680000081658363, 0.01940000057220459, -0.05660000070929527, -0.0794999971985817, 0.028699999675154686, 0.049800001084804535] gripper_raw=2.353 -> gripper_target=0.018m object_grasped=False
[INFO] [1789120531.902861676] [phase2_unclamped_run_node]: [step 31] dist=0.9220 raw_delta(rad)=[0.06469999998807907, 0.0681999996304512, -0.06499999761581421, -0.07779999822378159, 0.07970000058412552, 0.03060000017285347] gripper_raw=2.990 -> gripper_target=0.003m object_grasped=False
[INFO] [1789120535.161215227] [phase2_unclamped_run_node]: [step 32] dist=0.9247 raw_delta(rad)=[-0.037700001150369644, 0.030300000682473183, -0.03220000118017197, -0.07999999821186066, 0.0763000026345253, 0.07159999758005142] gripper_raw=2.106 -> gripper_target=0.023m object_grasped=False
[INFO] [1789120538.470893134] [phase2_unclamped_run_node]: [step 33] dist=0.9355 raw_delta(rad)=[-0.02280000038444996, 0.0421999990940094, -0.041999999433755875, -0.07999999821186066, 0.07280000299215317, 0.05770000070333481] gripper_raw=2.678 -> gripper_target=0.010m object_grasped=False
[INFO] [1789120541.728797717] [phase2_unclamped_run_node]: [step 34] dist=0.9466 raw_delta(rad)=[-0.04470000043511391, 0.03400000184774399, -0.04450000077486038, -0.07999999821186066, 0.07429999858140945, 0.04399999976158142] gripper_raw=0.471 -> gripper_target=0.059m object_grasped=False
[INFO] [1789120545.187499420] [phase2_unclamped_run_node]: [step 35] dist=0.9590 raw_delta(rad)=[-0.04129999876022339, -0.0013000000035390258, -0.043299999088048935, -0.07989999651908875, 0.07800000160932541, 0.06440000236034393] gripper_raw=-2.086 -> gripper_target=0.116m object_grasped=False
[ERROR] [1789120548.845483941] [phase2_unclamped_run_node]: [step 35] Safety mode not NORMAL after step (mode=7) -- stopping immediately.
[INFO] [1789120548.846313344] [phase2_unclamped_run_node]: === UNCLAMPED RUN ENDED ===

[exited with code 0]
