[INFO] [1789121367.857351814] [phase2_unclamped_run_node]: Loading SAC checkpoint: /home/anand/isaac_sac_checkpoints/repo/rl_logs_7hr_final/ur5e_isaac_sac_final.zip (legacy=True)
[INFO] [1789121368.282243452] [phase2_unclamped_run_node]: Checkpoint loaded.
[INFO] [1789121368.983095482] [phase2_unclamped_run_node]: Opening gripper and moving to real_home_position...
[INFO] [1789121379.384880209] [phase2_unclamped_run_node]: move_to_start: reached and verified.
[INFO] [1789121379.385194761] [phase2_unclamped_run_node]: === UNCLAMPED RUN: raw policy deltas (bounded +/-0.08rad), 2.0s/step, max 500 steps, gripper force=1.0 speed=0.3 ===
[INFO] [1789121379.387200972] [phase2_unclamped_run_node]: [step 00] dist=1.2250 raw_delta(rad)=[0.07930000126361847, -0.05510000139474869, -0.07810000330209732, -0.07980000227689743, 0.04390000179409981, 0.06419999897480011] gripper_raw=-1.997 -> gripper_target=0.114m object_grasped=False
[INFO] [1789121382.644984830] [phase2_unclamped_run_node]: [step 01] dist=1.2816 raw_delta(rad)=[0.07980000227689743, 0.06539999693632126, -0.07859999686479568, -0.07890000194311142, 0.020800000056624413, 0.05480000004172325] gripper_raw=0.017 -> gripper_target=0.070m object_grasped=False
[INFO] [1789121386.102894706] [phase2_unclamped_run_node]: [step 02] dist=1.2884 raw_delta(rad)=[0.07999999821186066, -0.027300000190734863, -0.07919999957084656, -0.07999999821186066, -0.07609999924898148, 0.050200000405311584] gripper_raw=-2.407 -> gripper_target=0.124m object_grasped=False
[INFO] [1789121389.760928930] [phase2_unclamped_run_node]: [step 03] dist=1.3125 raw_delta(rad)=[0.07999999821186066, -0.013100000098347664, -0.07559999823570251, -0.07989999651908875, -0.06069999933242798, 0.07779999822378159] gripper_raw=-0.816 -> gripper_target=0.088m object_grasped=False
[INFO] [1789121393.218338194] [phase2_unclamped_run_node]: [step 04] dist=1.3247 raw_delta(rad)=[0.07970000058412552, 0.0502999983727932, -0.07909999787807465, -0.07999999821186066, -0.06830000132322311, 0.07129999995231628] gripper_raw=-3.034 -> gripper_target=0.138m object_grasped=False
[INFO] [1789121396.926817063] [phase2_unclamped_run_node]: [step 05] dist=1.3168 raw_delta(rad)=[0.07989999651908875, -0.02370000071823597, -0.06440000236034393, -0.07999999821186066, -0.07940000295639038, 0.07930000126361847] gripper_raw=-2.885 -> gripper_target=0.134m object_grasped=False
[INFO] [1789121399.983610857] [phase2_unclamped_run_node]: [step 06] dist=1.3148 raw_delta(rad)=[0.07999999821186066, -0.008500000461935997, -0.07999999821186066, -0.07609999924898148, -0.028599999845027924, 0.07989999651908875] gripper_raw=-3.004 -> gripper_target=0.137m object_grasped=False
[INFO] [1789121403.041299173] [phase2_unclamped_run_node]: [step 07] dist=1.3057 raw_delta(rad)=[0.06700000166893005, 0.07840000092983246, -0.07840000092983246, -0.07739999890327454, -0.06610000133514404, 0.07880000025033951] gripper_raw=-3.101 -> gripper_target=0.139m object_grasped=False
[INFO] [1789121406.149092243] [phase2_unclamped_run_node]: [step 08] dist=1.2828 raw_delta(rad)=[0.07199999690055847, 0.04989999905228615, -0.06689999997615814, -0.07739999890327454, -0.06710000336170197, 0.07999999821186066] gripper_raw=-3.088 -> gripper_target=0.139m object_grasped=False
[INFO] [1789121409.208253367] [phase2_unclamped_run_node]: [step 09] dist=1.2601 raw_delta(rad)=[0.07890000194311142, 0.07670000195503235, -0.07810000330209732, -0.07429999858140945, -0.07940000295639038, 0.07999999821186066] gripper_raw=-3.083 -> gripper_target=0.139m object_grasped=False
[INFO] [1789121412.066769513] [phase2_unclamped_run_node]: [step 10] dist=1.2326 raw_delta(rad)=[0.035599999129772186, 0.06390000134706497, -0.07980000227689743, -0.0697999969124794, -0.07980000227689743, 0.07989999651908875] gripper_raw=-3.107 -> gripper_target=0.139m object_grasped=False
[INFO] [1789121415.175237276] [phase2_unclamped_run_node]: [step 11] dist=1.2089 raw_delta(rad)=[-0.00039999998989515007, 0.017100000753998756, -0.07429999858140945, -0.07909999787807465, -0.07540000230073929, 0.07989999651908875] gripper_raw=-3.122 -> gripper_target=0.140m object_grasped=False
[INFO] [1789121418.282133267] [phase2_unclamped_run_node]: [step 12] dist=1.1864 raw_delta(rad)=[0.07400000095367432, 0.04349999874830246, -0.07980000227689743, -0.0722000002861023, -0.07989999651908875, 0.07999999821186066] gripper_raw=-3.032 -> gripper_target=0.138m object_grasped=False
[INFO] [1789121421.389012124] [phase2_unclamped_run_node]: [step 13] dist=1.1520 raw_delta(rad)=[0.06669999659061432, 0.06469999998807907, -0.07689999788999557, -0.07169999927282333, -0.07959999889135361, 0.07989999651908875] gripper_raw=-3.058 -> gripper_target=0.138m object_grasped=False
[INFO] [1789121424.496753446] [phase2_unclamped_run_node]: [step 14] dist=1.1203 raw_delta(rad)=[-0.0632999986410141, 0.0786999985575676, -0.07919999957084656, -0.07400000095367432, -0.07940000295639038, 0.07989999651908875] gripper_raw=-3.114 -> gripper_target=0.139m object_grasped=False
[INFO] [1789121427.554637775] [phase2_unclamped_run_node]: [step 15] dist=1.1069 raw_delta(rad)=[-0.0658000037074089, 0.07779999822378159, -0.07940000295639038, -0.07829999923706055, -0.07980000227689743, 0.07999999821186066] gripper_raw=-3.139 -> gripper_target=0.140m object_grasped=False
[INFO] [1789121430.713710338] [phase2_unclamped_run_node]: [step 16] dist=1.0905 raw_delta(rad)=[-0.06780000030994415, 0.07919999957084656, -0.07540000230073929, -0.07880000025033951, -0.07989999651908875, 0.07999999821186066] gripper_raw=-3.117 -> gripper_target=0.139m object_grasped=False
[INFO] [1789121433.572206279] [phase2_unclamped_run_node]: [step 17] dist=1.0726 raw_delta(rad)=[0.0568000003695488, 0.07970000058412552, -0.07259999960660934, -0.07989999651908875, 0.0763000026345253, 0.07270000129938126] gripper_raw=2.299 -> gripper_target=0.019m object_grasped=False
[INFO] [1789121437.832628057] [phase2_unclamped_run_node]: [step 18] dist=1.0597 raw_delta(rad)=[-0.008500000461935997, -0.03420000150799751, -0.07989999651908875, -0.07980000227689743, -0.05730000138282776, 0.019600000232458115] gripper_raw=2.380 -> gripper_target=0.017m object_grasped=False
[INFO] [1789121440.890305461] [phase2_unclamped_run_node]: [step 19] dist=1.0330 raw_delta(rad)=[0.05490000173449516, 0.07980000227689743, -0.07919999957084656, -0.0794999971985817, 0.07829999923706055, 0.062300000339746475] gripper_raw=3.077 -> gripper_target=0.001m object_grasped=False
[INFO] [1789121444.148241204] [phase2_unclamped_run_node]: [step 20] dist=1.0189 raw_delta(rad)=[0.07050000131130219, -0.07530000060796738, -0.07900000363588333, -0.07999999821186066, -0.039500001817941666, 0.07270000129938126] gripper_raw=3.032 -> gripper_target=0.002m object_grasped=False
[INFO] [1789121447.254829246] [phase2_unclamped_run_node]: [step 21] dist=0.9818 raw_delta(rad)=[0.07940000295639038, -0.0575999990105629, -0.07829999923706055, -0.07989999651908875, 0.057999998331069946, -0.03590000048279762] gripper_raw=3.049 -> gripper_target=0.002m object_grasped=False
[INFO] [1789121450.112323859] [phase2_unclamped_run_node]: [step 22] dist=0.9495 raw_delta(rad)=[0.07760000228881836, 0.06369999796152115, -0.04399999976158142, -0.07999999821186066, 0.025699999183416367, -0.01209999993443489] gripper_raw=3.101 -> gripper_target=0.001m object_grasped=False
[INFO] [1789121453.422126510] [phase2_unclamped_run_node]: [step 23] dist=0.9349 raw_delta(rad)=[0.07720000296831131, 0.02070000022649765, -0.07859999686479568, -0.07999999821186066, 0.07909999787807465, 0.05620000138878822] gripper_raw=3.048 -> gripper_target=0.002m object_grasped=False
[INFO] [1789121456.480128425] [phase2_unclamped_run_node]: [step 24] dist=0.9142 raw_delta(rad)=[0.07590000331401825, 0.04910000041127205, -0.07129999995231628, -0.07999999821186066, 0.07800000160932541, -0.028300000354647636] gripper_raw=2.930 -> gripper_target=0.005m object_grasped=False
[INFO] [1789121459.537197460] [phase2_unclamped_run_node]: [step 25] dist=0.9017 raw_delta(rad)=[0.06440000236034393, 0.07760000228881836, -0.07109999656677246, -0.07989999651908875, 0.011900000274181366, -0.031700000166893005] gripper_raw=2.475 -> gripper_target=0.015m object_grasped=False
[INFO] [1789121462.846655578] [phase2_unclamped_run_node]: [step 26] dist=0.8949 raw_delta(rad)=[0.07680000364780426, 0.053199999034404755, -0.07739999890327454, -0.07989999651908875, 0.07880000025033951, -0.005900000222027302] gripper_raw=2.373 -> gripper_target=0.017m object_grasped=False
[INFO] [1789121465.903313536] [phase2_unclamped_run_node]: [step 27] dist=0.8887 raw_delta(rad)=[0.07180000096559525, 0.07450000196695328, -0.06589999794960022, -0.07999999821186066, 0.07339999824762344, 0.00989999994635582] gripper_raw=1.300 -> gripper_target=0.041m object_grasped=False
[INFO] [1789121469.160801253] [phase2_unclamped_run_node]: [step 28] dist=0.8912 raw_delta(rad)=[0.04490000009536743, 0.06390000134706497, -0.07569999992847443, -0.07680000364780426, 0.0778999999165535, 0.04230000078678131] gripper_raw=2.669 -> gripper_target=0.011m object_grasped=False
[INFO] [1789121472.418463415] [phase2_unclamped_run_node]: [step 29] dist=0.8965 raw_delta(rad)=[0.05829999968409538, 0.02290000021457672, -0.05990000069141388, -0.07999999821186066, 0.06949999928474426, -0.0038999998942017555] gripper_raw=1.232 -> gripper_target=0.043m object_grasped=False
[INFO] [1789121475.926472510] [phase2_unclamped_run_node]: [step 30] dist=0.8980 raw_delta(rad)=[0.04699999839067459, 0.03889999911189079, -0.019600000232458115, -0.07970000058412552, 0.07930000126361847, 0.03009999915957451] gripper_raw=2.926 -> gripper_target=0.005m object_grasped=False
[INFO] [1789121479.385067308] [phase2_unclamped_run_node]: [step 31] dist=0.9081 raw_delta(rad)=[0.0035000001080334187, -0.041999999433755875, -0.005200000014156103, -0.06520000100135803, 0.060499999672174454, 0.06419999897480011] gripper_raw=-0.513 -> gripper_target=0.081m object_grasped=False
[INFO] [1789121483.243722532] [phase2_unclamped_run_node]: [step 32] dist=0.9113 raw_delta(rad)=[0.014800000004470348, 0.03830000013113022, -0.029899999499320984, -0.07919999957084656, 0.07959999889135361, 0.02280000038444996] gripper_raw=2.267 -> gripper_target=0.019m object_grasped=False
[INFO] [1789121486.901435009] [phase2_unclamped_run_node]: [step 33] dist=0.9261 raw_delta(rad)=[-0.04879999905824661, -0.03970000147819519, -0.004900000058114529, -0.07999999821186066, 0.07760000228881836, 0.04349999874830246] gripper_raw=-1.376 -> gripper_target=0.101m object_grasped=False
[INFO] [1789121490.760193979] [phase2_unclamped_run_node]: [step 34] dist=0.9395 raw_delta(rad)=[-0.04280000180006027, -0.060600001364946365, -0.034299999475479126, -0.07320000231266022, 0.0722000002861023, 0.07010000199079514] gripper_raw=0.148 -> gripper_target=0.067m object_grasped=True
[ERROR] [1789121508.789454446] [phase2_unclamped_run_node]: Step failed: Aborted due to path tolerance violation
[ERROR] [1789121508.790430678] [phase2_unclamped_run_node]: [step 34] Step execution failed -- stopping run.
[INFO] [1789121508.790997403] [phase2_unclamped_run_node]: === UNCLAMPED RUN ENDED ===

[exited with code 0]
