[INFO] [1789122773.075847001] [phase2_unclamped_run_node]: Loading SAC checkpoint: /home/anand/isaac_sac_checkpoints/repo/rl_logs_7hr_final/ur5e_isaac_sac_final.zip (legacy=True)
[INFO] [1789122773.495630256] [phase2_unclamped_run_node]: Checkpoint loaded.
[INFO] [1789122774.196669848] [phase2_unclamped_run_node]: Opening gripper and moving to real_home_position...
[INFO] [1789122784.771109464] [phase2_unclamped_run_node]: move_to_start: reached and verified.
[INFO] [1789122784.771425206] [phase2_unclamped_run_node]: === UNCLAMPED RUN: raw policy deltas (bounded +/-0.08rad), 1.0s/step, max 500 steps, gripper force=1.0 speed=0.3 ===
[INFO] [1789122784.783063076] [phase2_unclamped_run_node]: [step 00] dist=1.2251 raw_delta(rad)=[0.04470000043511391, 0.0729999989271164, -0.07850000262260437, -0.07999999821186066, -0.029500000178813934, 0.0729999989271164] gripper_raw=-2.509 -> gripper_target=0.126m object_grasped=False
[INFO] [1789122787.189266125] [phase2_unclamped_run_node]: [step 01] dist=1.2263 raw_delta(rad)=[0.07999999821186066, 0.056699998676776886, -0.07980000227689743, -0.07069999724626541, -0.02500000037252903, -0.05700000002980232] gripper_raw=0.225 -> gripper_target=0.065m object_grasped=False
[INFO] [1789122789.895578045] [phase2_unclamped_run_node]: [step 02] dist=1.2375 raw_delta(rad)=[0.07999999821186066, 0.03709999844431877, -0.07940000295639038, -0.07980000227689743, -0.004699999932199717, 0.006599999964237213] gripper_raw=-1.113 -> gripper_target=0.095m object_grasped=False
[INFO] [1789122792.351533563] [phase2_unclamped_run_node]: [step 03] dist=1.2551 raw_delta(rad)=[0.07959999889135361, 0.07129999995231628, -0.07980000227689743, -0.07989999651908875, 0.06809999793767929, 0.02759999968111515] gripper_raw=-2.150 -> gripper_target=0.118m object_grasped=False
[INFO] [1789122794.708003158] [phase2_unclamped_run_node]: [step 04] dist=1.2660 raw_delta(rad)=[0.07989999651908875, 0.06480000168085098, -0.07720000296831131, -0.07989999651908875, -0.054999999701976776, 0.02280000038444996] gripper_raw=-0.115 -> gripper_target=0.073m object_grasped=False
[INFO] [1789122797.215159323] [phase2_unclamped_run_node]: [step 05] dist=1.2687 raw_delta(rad)=[0.07989999651908875, 0.057999998331069946, -0.05660000070929527, -0.07989999651908875, 0.06960000097751617, 0.07739999890327454] gripper_raw=-2.257 -> gripper_target=0.120m object_grasped=False
[INFO] [1789122799.873337913] [phase2_unclamped_run_node]: [step 06] dist=1.2797 raw_delta(rad)=[0.07909999787807465, 0.07029999792575836, -0.07919999957084656, -0.07989999651908875, 0.03229999914765358, 0.07209999859333038] gripper_raw=-2.630 -> gripper_target=0.129m object_grasped=False
[INFO] [1789122802.179544884] [phase2_unclamped_run_node]: [step 07] dist=1.2856 raw_delta(rad)=[0.07989999651908875, -0.019300000742077827, -0.062199998646974564, -0.07850000262260437, -0.065700002014637, 0.0786999985575676] gripper_raw=-3.088 -> gripper_target=0.139m object_grasped=False
[INFO] [1789122804.486218855] [phase2_unclamped_run_node]: [step 08] dist=1.2894 raw_delta(rad)=[0.07980000227689743, 0.05849999934434891, -0.07819999754428864, -0.07890000194311142, 0.07530000060796738, 0.07639999687671661] gripper_raw=-2.721 -> gripper_target=0.131m object_grasped=False
[INFO] [1789122806.592357894] [phase2_unclamped_run_node]: [step 09] dist=1.2924 raw_delta(rad)=[0.07930000126361847, 0.03500000014901161, -0.057999998331069946, -0.07829999923706055, -0.07660000026226044, 0.07940000295639038] gripper_raw=-2.681 -> gripper_target=0.130m object_grasped=False
[INFO] [1789122808.698817373] [phase2_unclamped_run_node]: [step 10] dist=1.2852 raw_delta(rad)=[0.07940000295639038, 0.0625, -0.07599999755620956, -0.07890000194311142, -0.06629999727010727, 0.07819999754428864] gripper_raw=-3.077 -> gripper_target=0.139m object_grasped=False
[INFO] [1789122810.955205089] [phase2_unclamped_run_node]: [step 11] dist=1.2748 raw_delta(rad)=[0.07670000195503235, 0.07159999758005142, -0.07159999758005142, -0.06400000303983688, 0.032499998807907104, 0.07970000058412552] gripper_raw=-3.060 -> gripper_target=0.138m object_grasped=False
[INFO] [1789122813.061294585] [phase2_unclamped_run_node]: [step 12] dist=1.2724 raw_delta(rad)=[0.07940000295639038, 0.05900000035762787, -0.0794999971985817, -0.07800000160932541, 0.0032999999821186066, 0.07779999822378159] gripper_raw=-3.112 -> gripper_target=0.139m object_grasped=False
[INFO] [1789122815.167369179] [phase2_unclamped_run_node]: [step 13] dist=1.2628 raw_delta(rad)=[0.061799999326467514, 0.04039999842643738, -0.05810000002384186, -0.07270000129938126, -0.07649999856948853, 0.07980000227689743] gripper_raw=-3.076 -> gripper_target=0.139m object_grasped=False
[INFO] [1789122817.273069562] [phase2_unclamped_run_node]: [step 14] dist=1.2474 raw_delta(rad)=[0.06469999998807907, 0.03449999913573265, -0.07029999792575836, -0.07199999690055847, 0.003599999938160181, 0.07989999651908875] gripper_raw=-3.094 -> gripper_target=0.139m object_grasped=False
[INFO] [1789122819.378715112] [phase2_unclamped_run_node]: [step 15] dist=1.2312 raw_delta(rad)=[0.05260000005364418, 0.053599998354911804, -0.05490000173449516, -0.06080000102519989, -0.05429999902844429, 0.07989999651908875] gripper_raw=-3.042 -> gripper_target=0.138m object_grasped=False
[INFO] [1789122821.483713910] [phase2_unclamped_run_node]: [step 16] dist=1.2191 raw_delta(rad)=[-0.021700000390410423, 0.05990000069141388, -0.06599999964237213, -0.07930000126361847, -0.0723000019788742, 0.06880000233650208] gripper_raw=0.533 -> gripper_target=0.058m object_grasped=False
[INFO] [1789122824.340767460] [phase2_unclamped_run_node]: [step 17] dist=1.1987 raw_delta(rad)=[0.008700000122189522, 0.014399999752640724, -0.07590000331401825, -0.0737999975681305, -0.04529999941587448, 0.07519999891519547] gripper_raw=2.770 -> gripper_target=0.008m object_grasped=False
[INFO] [1789122826.847143112] [phase2_unclamped_run_node]: [step 18] dist=1.1678 raw_delta(rad)=[0.02630000002682209, -0.024000000208616257, -0.07959999889135361, -0.07999999821186066, -0.0406000018119812, 0.06880000233650208] gripper_raw=2.880 -> gripper_target=0.006m object_grasped=False
[INFO] [1789122828.952913436] [phase2_unclamped_run_node]: [step 19] dist=1.1264 raw_delta(rad)=[0.07840000092983246, -0.058400001376867294, -0.0786999985575676, -0.07999999821186066, -0.07109999656677246, 0.07199999690055847] gripper_raw=3.118 -> gripper_target=0.001m object_grasped=False
[INFO] [1789122831.259067362] [phase2_unclamped_run_node]: [step 20] dist=1.0704 raw_delta(rad)=[0.054099999368190765, -0.04989999905228615, -0.07479999959468842, -0.07999999821186066, 0.07440000027418137, 0.03240000084042549] gripper_raw=3.008 -> gripper_target=0.003m object_grasped=False
[INFO] [1789122833.314810295] [phase2_unclamped_run_node]: [step 21] dist=1.0279 raw_delta(rad)=[0.053599998354911804, -0.025100000202655792, -0.07779999822378159, -0.07980000227689743, 0.034699998795986176, 0.06549999862909317] gripper_raw=2.557 -> gripper_target=0.013m object_grasped=False
[INFO] [1789122835.620961992] [phase2_unclamped_run_node]: [step 22] dist=0.9875 raw_delta(rad)=[0.07599999755620956, 0.04259999841451645, -0.07500000298023224, -0.07980000227689743, -0.026399999856948853, -0.03629999980330467] gripper_raw=2.650 -> gripper_target=0.011m object_grasped=False
[INFO] [1789122837.726612507] [phase2_unclamped_run_node]: [step 23] dist=0.9598 raw_delta(rad)=[0.06719999760389328, 0.017899999395012856, -0.05079999938607216, -0.07999999821186066, 0.04690000042319298, 0.01140000019222498] gripper_raw=-1.528 -> gripper_target=0.104m object_grasped=False
[INFO] [1789122840.783646982] [phase2_unclamped_run_node]: [step 24] dist=0.9407 raw_delta(rad)=[0.05350000038743019, 0.07029999792575836, -0.07339999824762344, -0.07989999651908875, 0.07739999890327454, -0.013799999840557575] gripper_raw=2.762 -> gripper_target=0.008m object_grasped=False
[INFO] [1789122843.891111059] [phase2_unclamped_run_node]: [step 25] dist=0.9365 raw_delta(rad)=[0.07100000232458115, 0.028200000524520874, 0.029100000858306885, -0.07989999651908875, 0.04859999939799309, 0.07190000265836716] gripper_raw=1.529 -> gripper_target=0.036m object_grasped=False
[INFO] [1789122846.196942476] [phase2_unclamped_run_node]: [step 26] dist=0.9452 raw_delta(rad)=[0.05959999933838844, 0.026200000196695328, -0.06930000334978104, -0.07739999890327454, 0.0794999971985817, -0.051600001752376556] gripper_raw=2.940 -> gripper_target=0.004m object_grasped=False
[INFO] [1789122848.653179700] [phase2_unclamped_run_node]: [step 27] dist=0.9315 raw_delta(rad)=[0.013899999670684338, -0.05609999969601631, -0.032600000500679016, -0.07999999821186066, 0.03700000047683716, 0.06260000169277191] gripper_raw=2.335 -> gripper_target=0.018m object_grasped=False
[INFO] [1789122850.808905031] [phase2_unclamped_run_node]: [step 28] dist=0.9099 raw_delta(rad)=[0.021900000050663948, 0.02370000071823597, -0.0754999965429306, -0.07720000296831131, 0.07959999889135361, -0.0044999998062849045] gripper_raw=2.194 -> gripper_target=0.021m object_grasped=False
[INFO] [1789122852.914767892] [phase2_unclamped_run_node]: [step 29] dist=0.9070 raw_delta(rad)=[-0.0010999999940395355, 0.0015999999595806003, -0.03009999915957451, -0.07840000092983246, 0.07479999959468842, 0.06210000067949295] gripper_raw=2.415 -> gripper_target=0.016m object_grasped=False
[INFO] [1789122855.020982468] [phase2_unclamped_run_node]: [step 30] dist=0.9132 raw_delta(rad)=[0.0010000000474974513, -0.05139999836683273, -0.003100000089034438, -0.07970000058412552, 0.07479999959468842, 0.026399999856948853] gripper_raw=2.484 -> gripper_target=0.015m object_grasped=False
[INFO] [1789122857.127501760] [phase2_unclamped_run_node]: [step 31] dist=0.9125 raw_delta(rad)=[-0.006099999882280827, -0.03240000084042549, 0.004000000189989805, -0.07890000194311142, 0.0005000000237487257, -0.03400000184774399] gripper_raw=-2.191 -> gripper_target=0.119m object_grasped=False
[INFO] [1789122860.186393431] [phase2_unclamped_run_node]: [step 32] dist=0.9129 raw_delta(rad)=[0.021199999377131462, -0.03579999879002571, 0.030300000682473183, -0.03970000147819519, 0.0681999996304512, 0.03200000151991844] gripper_raw=-1.151 -> gripper_target=0.096m object_grasped=False
[INFO] [1789122862.493187392] [phase2_unclamped_run_node]: [step 33] dist=0.9138 raw_delta(rad)=[0.012199999764561653, -0.02759999968111515, 0.02410000003874302, -0.07999999821186066, 0.07349999994039536, 0.034699998795986176] gripper_raw=-2.893 -> gripper_target=0.134m object_grasped=False
[INFO] [1789122865.000420468] [phase2_unclamped_run_node]: [step 34] dist=0.9215 raw_delta(rad)=[-0.002300000051036477, -0.052000001072883606, 0.05299999937415123, -0.0778999999165535, 0.0794999971985817, 0.030500000342726707] gripper_raw=-1.264 -> gripper_target=0.098m object_grasped=False
[INFO] [1789122867.457138711] [phase2_unclamped_run_node]: [step 35] dist=0.9295 raw_delta(rad)=[-0.013700000010430813, -0.05999999865889549, 0.0738999992609024, -0.07829999923706055, 0.05079999938607216, 0.01360000018030405] gripper_raw=-0.070 -> gripper_target=0.072m object_grasped=False
[INFO] [1789122869.763673779] [phase2_unclamped_run_node]: [step 36] dist=0.9372 raw_delta(rad)=[-0.0015999999595806003, -0.06700000166893005, 0.0674000009894371, -0.07509999722242355, 0.047600001096725464, -0.030799999833106995] gripper_raw=-1.601 -> gripper_target=0.106m object_grasped=False
[INFO] [1789122872.271063709] [phase2_unclamped_run_node]: [step 37] dist=0.9390 raw_delta(rad)=[-0.005200000014156103, -0.04340000078082085, 0.05979999899864197, -0.07989999651908875, 0.020400000736117363, -0.011699999682605267] gripper_raw=-1.009 -> gripper_target=0.092m object_grasped=False
[INFO] [1789122874.327333610] [phase2_unclamped_run_node]: [step 38] dist=0.9447 raw_delta(rad)=[-0.005100000184029341, -0.05640000104904175, 0.06859999895095825, -0.07440000027418137, 0.06549999862909317, -0.059300001710653305] gripper_raw=-2.765 -> gripper_target=0.132m object_grasped=False
[INFO] [1789122876.833286720] [phase2_unclamped_run_node]: [step 39] dist=0.9515 raw_delta(rad)=[0.0008999999845400453, -0.06030000001192093, 0.07810000330209732, -0.07989999651908875, -0.030899999663233757, -0.031300000846385956] gripper_raw=-2.335 -> gripper_target=0.122m object_grasped=False
[INFO] [1789122878.938702188] [phase2_unclamped_run_node]: [step 40] dist=0.9483 raw_delta(rad)=[0.031300000846385956, -0.05829999968409538, 0.07020000368356705, -0.07129999995231628, 0.01590000092983246, -0.0681999996304512] gripper_raw=-1.605 -> gripper_target=0.106m object_grasped=False
[INFO] [1789122881.244722764] [phase2_unclamped_run_node]: [step 41] dist=0.9415 raw_delta(rad)=[0.030799999833106995, -0.05820000171661377, 0.0731000006198883, -0.0723000019788742, 0.005499999970197678, -0.06469999998807907] gripper_raw=-2.454 -> gripper_target=0.125m object_grasped=False
[INFO] [1789122883.551336069] [phase2_unclamped_run_node]: [step 42] dist=0.9336 raw_delta(rad)=[0.02199999988079071, -0.07029999792575836, 0.0778999999165535, -0.07500000298023224, 0.014000000432133675, -0.053599998354911804] gripper_raw=-2.991 -> gripper_target=0.137m object_grasped=False
[INFO] [1789122885.807580413] [phase2_unclamped_run_node]: [step 43] dist=0.9242 raw_delta(rad)=[0.020600000396370888, -0.06040000170469284, 0.07739999890327454, -0.008299999870359898, 0.06260000169277191, -0.0560000017285347] gripper_raw=-2.883 -> gripper_target=0.134m object_grasped=False
[INFO] [1789122887.912649315] [phase2_unclamped_run_node]: [step 44] dist=0.9160 raw_delta(rad)=[0.06340000033378601, -0.05990000069141388, 0.0746999979019165, -0.0568000003695488, -0.023800000548362732, -0.0723000019788742] gripper_raw=-2.246 -> gripper_target=0.120m object_grasped=False
[INFO] [1789122890.218430545] [phase2_unclamped_run_node]: [step 45] dist=0.8929 raw_delta(rad)=[0.0625, -0.06430000066757202, 0.0754999965429306, -0.060499999672174454, 0.045899998396635056, -0.06809999793767929] gripper_raw=-2.505 -> gripper_target=0.126m object_grasped=False
[INFO] [1789122892.323294432] [phase2_unclamped_run_node]: [step 46] dist=0.8736 raw_delta(rad)=[0.031599998474121094, -0.0617000013589859, 0.07190000265836716, 0.03440000116825104, 0.025499999523162842, -0.05249999836087227] gripper_raw=-2.372 -> gripper_target=0.123m object_grasped=False
[INFO] [1789122894.429021549] [phase2_unclamped_run_node]: [step 47] dist=0.8499 raw_delta(rad)=[0.0658000037074089, -0.05820000171661377, 0.0722000002861023, -0.021900000050663948, 0.013700000010430813, -0.05339999869465828] gripper_raw=-1.529 -> gripper_target=0.104m object_grasped=False
[INFO] [1789122896.735028564] [phase2_unclamped_run_node]: [step 48] dist=0.8225 raw_delta(rad)=[0.06769999861717224, -0.05130000039935112, 0.07729999721050262, 0.01979999989271164, 0.05169999971985817, -0.06870000064373016] gripper_raw=-1.259 -> gripper_target=0.098m object_grasped=False
[INFO] [1789122898.790611736] [phase2_unclamped_run_node]: [step 49] dist=0.7978 raw_delta(rad)=[0.07509999722242355, -0.03590000048279762, 0.07329999655485153, -0.01860000006854534, -0.014700000174343586, -0.05299999937415123] gripper_raw=-2.792 -> gripper_target=0.132m object_grasped=False
[INFO] [1789122901.296835470] [phase2_unclamped_run_node]: [step 50] dist=0.7769 raw_delta(rad)=[0.07729999721050262, -0.02250000089406967, 0.07289999723434448, -0.009700000286102295, 0.06300000101327896, -0.03750000149011612] gripper_raw=-2.343 -> gripper_target=0.122m object_grasped=False
[INFO] [1789122903.402516549] [phase2_unclamped_run_node]: [step 51] dist=0.7705 raw_delta(rad)=[0.07670000195503235, 0.003100000089034438, 0.0722000002861023, 0.052400000393390656, 0.057100001722574234, -0.04600000008940697] gripper_raw=-2.603 -> gripper_target=0.128m object_grasped=False
[INFO] [1789122905.508970291] [phase2_unclamped_run_node]: [step 52] dist=0.7747 raw_delta(rad)=[0.0754999965429306, 0.033799998462200165, 0.07100000232458115, 0.07280000299215317, 0.03370000049471855, -0.040300000458955765] gripper_raw=-2.209 -> gripper_target=0.119m object_grasped=False
[INFO] [1789122907.615468250] [phase2_unclamped_run_node]: [step 53] dist=0.7965 raw_delta(rad)=[0.07479999959468842, 0.03889999911189079, 0.07180000096559525, 0.05510000139474869, 0.0494999997317791, -0.039400000125169754] gripper_raw=-1.415 -> gripper_target=0.102m object_grasped=False
[INFO] [1789122909.922343668] [phase2_unclamped_run_node]: [step 54] dist=0.8275 raw_delta(rad)=[0.07360000163316727, 0.047200001776218414, 0.07349999994039536, 0.07680000364780426, 0.041200000792741776, -0.05979999899864197] gripper_raw=-2.317 -> gripper_target=0.122m object_grasped=False
[INFO] [1789122912.178876396] [phase2_unclamped_run_node]: [step 55] dist=0.8630 raw_delta(rad)=[0.07479999959468842, 0.040699999779462814, 0.0714000016450882, 0.0020000000949949026, 0.044199999421834946, -0.04650000110268593] gripper_raw=-2.812 -> gripper_target=0.133m object_grasped=False
[INFO] [1789122914.484663945] [phase2_unclamped_run_node]: [step 56] dist=0.9000 raw_delta(rad)=[0.07620000094175339, 0.03180000185966492, 0.06769999861717224, 0.05180000141263008, 0.03849999979138374, -0.04360000044107437] gripper_raw=-2.367 -> gripper_target=0.123m object_grasped=False
[INFO] [1789122916.590603926] [phase2_unclamped_run_node]: [step 57] dist=0.9252 raw_delta(rad)=[0.061500001698732376, 0.03359999880194664, 0.06589999794960022, 0.07540000230073929, 0.05909999832510948, -0.05530000105500221] gripper_raw=-2.804 -> gripper_target=0.132m object_grasped=False
[INFO] [1789122918.896795342] [phase2_unclamped_run_node]: [step 58] dist=0.9518 raw_delta(rad)=[0.06930000334978104, 0.025100000202655792, 0.06080000102519989, 0.07909999787807465, 0.03720000013709068, -0.03739999979734421] gripper_raw=-2.962 -> gripper_target=0.136m object_grasped=False
[INFO] [1789122921.004452065] [phase2_unclamped_run_node]: [step 59] dist=0.9684 raw_delta(rad)=[0.060100000351667404, 0.012900000438094139, 0.05270000174641609, 0.06379999965429306, 0.045499999076128006, -0.04270000010728836] gripper_raw=-2.877 -> gripper_target=0.134m object_grasped=False
[INFO] [1789122923.059754713] [phase2_unclamped_run_node]: [step 60] dist=0.9782 raw_delta(rad)=[0.06639999896287918, 0.008899999782443047, 0.050599999725818634, -0.05900000035762787, 0.027000000700354576, -0.049400001764297485] gripper_raw=-2.879 -> gripper_target=0.134m object_grasped=False
[INFO] [1789122924.965123398] [phase2_unclamped_run_node]: [step 61] dist=0.9863 raw_delta(rad)=[0.06909999996423721, 0.004999999888241291, 0.04800000041723251, 0.0763000026345253, 0.006000000052154064, -0.0430000014603138] gripper_raw=-2.865 -> gripper_target=0.134m object_grasped=False
[INFO] [1789122926.869968079] [phase2_unclamped_run_node]: [step 62] dist=0.9854 raw_delta(rad)=[0.06530000269412994, 0.007499999832361937, 0.04270000010728836, 0.05959999933838844, 0.017999999225139618, -0.038600001484155655] gripper_raw=-3.088 -> gripper_target=0.139m object_grasped=False
[INFO] [1789122928.975611874] [phase2_unclamped_run_node]: [step 63] dist=0.9856 raw_delta(rad)=[0.06719999760389328, -0.010900000110268593, 0.04019999876618385, 0.07320000231266022, -0.04659999907016754, -0.0340999998152256] gripper_raw=-3.092 -> gripper_target=0.139m object_grasped=False
[INFO] [1789122931.080754011] [phase2_unclamped_run_node]: [step 64] dist=0.9775 raw_delta(rad)=[0.05249999836087227, 0.0015999999595806003, 0.017100000753998756, -0.0210999995470047, -0.03550000116229057, -0.04170000180602074] gripper_raw=-2.713 -> gripper_target=0.130m object_grasped=False
[INFO] [1789122933.185742942] [phase2_unclamped_run_node]: [step 65] dist=0.9727 raw_delta(rad)=[0.050599999725818634, 0.011300000362098217, 0.015699999406933784, 0.0625, -0.03880000114440918, -0.04170000180602074] gripper_raw=-2.932 -> gripper_target=0.135m object_grasped=False
[INFO] [1789122935.290990297] [phase2_unclamped_run_node]: [step 66] dist=0.9731 raw_delta(rad)=[0.06430000066757202, 0.01720000058412552, 0.01080000028014183, 0.07199999690055847, 0.0010999999940395355, -0.04540000110864639] gripper_raw=-2.838 -> gripper_target=0.133m object_grasped=False
[INFO] [1789122937.396064405] [phase2_unclamped_run_node]: [step 67] dist=0.9726 raw_delta(rad)=[0.05079999938607216, -0.0003000000142492354, -0.005200000014156103, 0.06689999997615814, -0.057100001722574234, -0.04439999908208847] gripper_raw=-3.035 -> gripper_target=0.138m object_grasped=False
[INFO] [1789122939.505772193] [phase2_unclamped_run_node]: [step 68] dist=0.9690 raw_delta(rad)=[0.06449999660253525, 0.012199999764561653, -0.010599999688565731, -0.016899999231100082, -0.07020000368356705, -0.05900000035762787] gripper_raw=-2.803 -> gripper_target=0.132m object_grasped=False
[INFO] [1789122941.610991104] [phase2_unclamped_run_node]: [step 69] dist=0.9640 raw_delta(rad)=[0.04919999837875366, 0.014499999582767487, -0.01860000006854534, 0.03750000149011612, -0.05389999970793724, -0.0340999998152256] gripper_raw=-3.064 -> gripper_target=0.138m object_grasped=False
[INFO] [1789122943.666838790] [phase2_unclamped_run_node]: [step 70] dist=0.9634 raw_delta(rad)=[0.04639999940991402, 0.02449999935925007, -0.022199999541044235, 0.05770000070333481, -0.05570000037550926, -0.047200001776218414] gripper_raw=-2.355 -> gripper_target=0.122m object_grasped=False
[INFO] [1789122945.973342851] [phase2_unclamped_run_node]: [step 71] dist=0.9669 raw_delta(rad)=[0.04859999939799309, 0.027400000020861626, -0.02810000069439411, 0.06449999660253525, -0.07069999724626541, -0.04540000110864639] gripper_raw=-2.377 -> gripper_target=0.123m object_grasped=False
[INFO] [1789122948.079109612] [phase2_unclamped_run_node]: [step 72] dist=0.9720 raw_delta(rad)=[0.016899999231100082, 0.027699999511241913, -0.035599999129772186, 0.060100000351667404, -0.055799998342990875, -0.02669999934732914] gripper_raw=-2.822 -> gripper_target=0.133m object_grasped=False
[INFO] [1789122950.385618573] [phase2_unclamped_run_node]: [step 73] dist=0.9788 raw_delta(rad)=[0.0044999998062849045, 0.03500000014901161, -0.02419999986886978, -0.019200000911951065, -0.06400000303983688, -0.02969999983906746] gripper_raw=-2.449 -> gripper_target=0.125m object_grasped=False
[INFO] [1789122952.491399044] [phase2_unclamped_run_node]: [step 74] dist=0.9835 raw_delta(rad)=[0.020400000736117363, 0.008200000040233135, -0.023499999195337296, 0.0421999990940094, -0.04500000178813934, -0.017799999564886093] gripper_raw=-1.169 -> gripper_target=0.096m object_grasped=False
[INFO] [1789122954.747603941] [phase2_unclamped_run_node]: [step 75] dist=0.9864 raw_delta(rad)=[0.010200000368058681, 0.026100000366568565, -0.019600000232458115, 0.004600000102072954, -0.049400001764297485, -0.03779999911785126] gripper_raw=-2.078 -> gripper_target=0.116m object_grasped=False
[INFO] [1789122957.053226050] [phase2_unclamped_run_node]: [step 76] dist=0.9902 raw_delta(rad)=[0.010900000110268593, 0.02290000021457672, -0.031199999153614044, 0.028699999675154686, -0.06589999794960022, -0.019600000232458115] gripper_raw=-2.727 -> gripper_target=0.131m object_grasped=False
[INFO] [1789122959.358897972] [phase2_unclamped_run_node]: [step 77] dist=0.9956 raw_delta(rad)=[0.008999999612569809, 0.025100000202655792, -0.001500000013038516, -0.07739999890327454, -0.06700000166893005, -0.011900000274181366] gripper_raw=-2.591 -> gripper_target=0.128m object_grasped=False
[INFO] [1789122961.464833823] [phase2_unclamped_run_node]: [step 78] dist=0.9952 raw_delta(rad)=[-0.05040000006556511, 0.03240000084042549, -0.016200000420212746, 0.04529999941587448, -0.043800000101327896, -0.02280000038444996] gripper_raw=-0.947 -> gripper_target=0.091m object_grasped=False
[INFO] [1789122963.971225470] [phase2_unclamped_run_node]: [step 79] dist=1.0126 raw_delta(rad)=[-0.04490000009536743, 0.009700000286102295, 0.0032999999821186066, -0.0003000000142492354, -0.05889999866485596, -0.025599999353289604] gripper_raw=-0.569 -> gripper_target=0.083m object_grasped=False
[INFO] [1789122966.026714082] [phase2_unclamped_run_node]: [step 80] dist=1.0268 raw_delta(rad)=[0.023600000888109207, 0.02590000070631504, -0.00279999990016222, -0.05510000139474869, -0.05810000002384186, -0.027000000700354576] gripper_raw=0.893 -> gripper_target=0.050m object_grasped=False
[INFO] [1789122968.533072830] [phase2_unclamped_run_node]: [step 81] dist=1.0253 raw_delta(rad)=[0.04450000077486038, 0.009600000455975533, -0.030400000512599945, -0.039900001138448715, -0.06780000030994415, -0.04430000111460686] gripper_raw=-2.099 -> gripper_target=0.117m object_grasped=False
[INFO] [1789122971.239517617] [phase2_unclamped_run_node]: [step 82] dist=1.0155 raw_delta(rad)=[-0.026000000536441803, 0.0284000001847744, -0.04600000008940697, -0.045899998396635056, -0.03700000047683716, -0.027400000020861626] gripper_raw=-0.079 -> gripper_target=0.072m object_grasped=False
[INFO] [1789122973.695780111] [phase2_unclamped_run_node]: [step 83] dist=1.0150 raw_delta(rad)=[-0.07079999893903732, -0.0019000000320374966, -0.03700000047683716, -0.07490000128746033, -0.05299999937415123, -0.0568000003695488] gripper_raw=-0.501 -> gripper_target=0.081m object_grasped=False
[INFO] [1789122976.001342828] [phase2_unclamped_run_node]: [step 84] dist=1.0169 raw_delta(rad)=[-0.07209999859333038, 0.020800000056624413, -0.02969999983906746, -0.04830000177025795, -0.0689999982714653, 0.035599999129772186] gripper_raw=-2.493 -> gripper_target=0.126m object_grasped=False
[INFO] [1789122978.507773967] [phase2_unclamped_run_node]: [step 85] dist=1.0275 raw_delta(rad)=[-0.0026000000070780516, -0.025800000876188278, -0.04699999839067459, -0.0786999985575676, 0.019500000402331352, -0.0038999998942017555] gripper_raw=-0.719 -> gripper_target=0.086m object_grasped=False
[INFO] [1789122981.013737442] [phase2_unclamped_run_node]: [step 86] dist=1.0044 raw_delta(rad)=[-0.0333000011742115, -0.009499999694526196, -0.0544000007212162, -0.0575999990105629, 0.0012000000569969416, -0.019500000402331352] gripper_raw=1.374 -> gripper_target=0.039m object_grasped=False
[INFO] [1789122983.470525534] [phase2_unclamped_run_node]: [step 87] dist=0.9907 raw_delta(rad)=[-0.00570000009611249, 0.012000000104308128, -0.056299999356269836, -0.05180000141263008, 0.01810000091791153, -0.003599999938160181] gripper_raw=0.649 -> gripper_target=0.056m object_grasped=False
[INFO] [1789122985.776763337] [phase2_unclamped_run_node]: [step 88] dist=0.9772 raw_delta(rad)=[-0.05620000138878822, -0.010300000198185444, -0.04149999842047691, -0.026399999856948853, -0.007600000128149986, 0.026900000870227814] gripper_raw=-1.491 -> gripper_target=0.103m object_grasped=False
[INFO] [1789122988.283829514] [phase2_unclamped_run_node]: [step 89] dist=0.9709 raw_delta(rad)=[-0.0575999990105629, -0.009200000204145908, -0.02459999918937683, -0.05939999967813492, -0.03790000081062317, -0.03310000151395798] gripper_raw=-1.119 -> gripper_target=0.095m object_grasped=False
[INFO] [1789122990.440698472] [phase2_unclamped_run_node]: [step 90] dist=0.9679 raw_delta(rad)=[0.006599999964237213, 0.0024999999441206455, -0.026100000366568565, -0.007799999788403511, -0.05900000035762787, -0.040699999779462814] gripper_raw=-0.060 -> gripper_target=0.071m object_grasped=False
[INFO] [1789122992.696558054] [phase2_unclamped_run_node]: [step 91] dist=0.9641 raw_delta(rad)=[-0.05999999865889549, -0.029600000008940697, -0.06030000001192093, 0.05380000174045563, -0.04430000111460686, -0.05480000004172325] gripper_raw=0.130 -> gripper_target=0.067m object_grasped=False
[INFO] [1789122994.802558256] [phase2_unclamped_run_node]: [step 92] dist=0.9497 raw_delta(rad)=[-0.029899999499320984, 0.01489999983459711, -0.06930000334978104, 0.016100000590085983, -0.07150000333786011, -0.0034000000450760126] gripper_raw=0.140 -> gripper_target=0.067m object_grasped=False
[INFO] [1789122996.907959942] [phase2_unclamped_run_node]: [step 93] dist=0.9423 raw_delta(rad)=[-0.04019999876618385, -0.019600000232458115, -0.048900000751018524, 0.011300000362098217, -0.057500001043081284, 0.01590000092983246] gripper_raw=1.534 -> gripper_target=0.036m object_grasped=False
[INFO] [1789122999.213237405] [phase2_unclamped_run_node]: [step 94] dist=0.9276 raw_delta(rad)=[-0.008700000122189522, -0.010999999940395355, -0.05920000001788139, -0.0031999999191612005, 0.016499999910593033, 0.02710000053048134] gripper_raw=2.457 -> gripper_target=0.015m object_grasped=False
[INFO] [1789123001.519145890] [phase2_unclamped_run_node]: [step 95] dist=0.9061 raw_delta(rad)=[-0.024900000542402267, -0.021299999207258224, -0.06109999865293503, -0.06830000132322311, -0.054499998688697815, -0.039500001817941666] gripper_raw=1.980 -> gripper_target=0.026m object_grasped=False
[INFO] [1789123003.777050768] [phase2_unclamped_run_node]: [step 96] dist=0.8838 raw_delta(rad)=[0.01889999955892563, 0.026599999517202377, -0.06870000064373016, 0.06589999794960022, -0.0763000026345253, -0.06319999694824219] gripper_raw=-2.204 -> gripper_target=0.119m object_grasped=False
[INFO] [1789123006.884431959] [phase2_unclamped_run_node]: [step 97] dist=0.8785 raw_delta(rad)=[0.003000000026077032, 0.01899999938905239, -0.07450000196695328, 0.05979999899864197, -0.06750000268220901, -0.05420000106096268] gripper_raw=0.063 -> gripper_target=0.069m object_grasped=False
[INFO] [1789123009.540890179] [phase2_unclamped_run_node]: [step 98] dist=0.8687 raw_delta(rad)=[-0.018699999898672104, -0.007899999618530273, -0.0430000014603138, 0.03799999877810478, -0.060100000351667404, -0.03150000050663948] gripper_raw=-1.990 -> gripper_target=0.114m object_grasped=False
[INFO] [1789123012.047034096] [phase2_unclamped_run_node]: [step 99] dist=0.8579 raw_delta(rad)=[-0.025499999523162842, -0.00989999994635582, -0.041200000792741776, 0.012299999594688416, -0.07129999995231628, -0.05429999902844429] gripper_raw=-2.603 -> gripper_target=0.128m object_grasped=False
[INFO] [1789123014.353109942] [phase2_unclamped_run_node]: [step 100] dist=0.8471 raw_delta(rad)=[-0.0026000000070780516, -0.0010000000474974513, -0.05649999901652336, 0.047200001776218414, -0.07370000332593918, -0.06620000302791595] gripper_raw=-3.012 -> gripper_target=0.137m object_grasped=False
[INFO] [1789123016.658382094] [phase2_unclamped_run_node]: [step 101] dist=0.8361 raw_delta(rad)=[0.05389999970793724, -0.049800001084804535, -0.026900000870227814, 0.012400000356137753, -0.07649999856948853, -0.04349999874830246] gripper_raw=-3.060 -> gripper_target=0.138m object_grasped=False
[INFO] [1789123018.713745705] [phase2_unclamped_run_node]: [step 102] dist=0.8223 raw_delta(rad)=[-0.03840000182390213, -0.02449999935925007, -0.052000001072883606, 0.02239999920129776, -0.07509999722242355, -0.04500000178813934] gripper_raw=-2.816 -> gripper_target=0.133m object_grasped=False
[INFO] [1789123020.819828841] [phase2_unclamped_run_node]: [step 103] dist=0.8032 raw_delta(rad)=[-0.066600002348423, -0.03310000151395798, -0.0502999983727932, 0.04349999874830246, -0.0754999965429306, 0.011900000274181366] gripper_raw=-2.919 -> gripper_target=0.135m object_grasped=False
[INFO] [1789123022.925148945] [phase2_unclamped_run_node]: [step 104] dist=0.7773 raw_delta(rad)=[-0.05460000038146973, -0.032099999487400055, -0.00860000029206276, 0.062300000339746475, -0.06629999727010727, -0.050700001418590546] gripper_raw=-2.762 -> gripper_target=0.132m object_grasped=False
[INFO] [1789123025.033396764] [phase2_unclamped_run_node]: [step 105] dist=0.7612 raw_delta(rad)=[0.024800000712275505, -0.03610000014305115, 0.00800000037997961, 0.023000000044703484, -0.0066999997943639755, -0.038600001484155655] gripper_raw=-2.456 -> gripper_target=0.125m object_grasped=False
[INFO] [1789123027.140349972] [phase2_unclamped_run_node]: [step 106] dist=0.7538 raw_delta(rad)=[-0.07050000131130219, -0.020899999886751175, 0.021199999377131462, 0.03460000082850456, -0.07590000331401825, -0.02070000022649765] gripper_raw=-2.927 -> gripper_target=0.135m object_grasped=False
[INFO] [1789123029.446726606] [phase2_unclamped_run_node]: [step 107] dist=0.7466 raw_delta(rad)=[-0.050200000405311584, 0.02459999918937683, -0.0689999982714653, 0.0689999982714653, -0.04610000178217888, -0.04230000078678131] gripper_raw=-1.521 -> gripper_target=0.104m object_grasped=False
[INFO] [1789123031.903161408] [phase2_unclamped_run_node]: [step 108] dist=0.7331 raw_delta(rad)=[0.05169999971985817, -0.05739999935030937, -0.047600001096725464, 0.014999999664723873, -0.07559999823570251, -0.029400000348687172] gripper_raw=-2.962 -> gripper_target=0.136m object_grasped=False
[INFO] [1789123034.410378629] [phase2_unclamped_run_node]: [step 109] dist=0.7140 raw_delta(rad)=[-0.047600001096725464, -0.008999999612569809, -0.07429999858140945, -0.06629999727010727, -0.07519999891519547, 0.05490000173449516] gripper_raw=2.665 -> gripper_target=0.011m object_grasped=False
[INFO] [1789123037.668783675] [phase2_unclamped_run_node]: [step 110] dist=0.6960 raw_delta(rad)=[-0.0430000014603138, -0.03310000151395798, -0.07580000162124634, -0.06369999796152115, -0.010999999940395355, 0.06989999860525131] gripper_raw=2.100 -> gripper_target=0.023m object_grasped=False
[INFO] [1789123039.975196518] [phase2_unclamped_run_node]: [step 111] dist=0.6680 raw_delta(rad)=[-0.008999999612569809, 0.0052999998442828655, -0.06239999830722809, 0.05270000174641609, -0.07569999992847443, 0.005900000222027302] gripper_raw=3.024 -> gripper_target=0.003m object_grasped=False
[INFO] [1789123042.282533321] [phase2_unclamped_run_node]: [step 112] dist=0.6628 raw_delta(rad)=[0.025800000876188278, 0.04410000145435333, -0.07680000364780426, 0.0478999987244606, -0.03620000183582306, 0.06109999865293503] gripper_raw=1.594 -> gripper_target=0.034m object_grasped=False
[INFO] [1789123044.738812655] [phase2_unclamped_run_node]: [step 113] dist=0.6719 raw_delta(rad)=[-0.06449999660253525, -0.007400000002235174, -0.05559999868273735, -0.030899999663233757, -0.06379999965429306, 0.004999999888241291] gripper_raw=-0.334 -> gripper_target=0.077m object_grasped=False
[INFO] [1789123047.244996847] [phase2_unclamped_run_node]: [step 114] dist=0.6621 raw_delta(rad)=[-0.03720000013709068, 0.004999999888241291, -0.04399999976158142, -0.07039999961853027, -0.05900000035762787, 0.07739999890327454] gripper_raw=0.988 -> gripper_target=0.048m object_grasped=False
[INFO] [1789123049.550881521] [phase2_unclamped_run_node]: [step 115] dist=0.6666 raw_delta(rad)=[-0.06930000334978104, -0.06530000269412994, -0.0763000026345253, -0.04410000145435333, -0.07720000296831131, 0.07940000295639038] gripper_raw=2.898 -> gripper_target=0.005m object_grasped=False
[ERROR] [1789123049.903157095] [phase2_unclamped_run_node]: Step failed: Current goal cancelled during deactivate transition.
[ERROR] [1789123049.904032214] [phase2_unclamped_run_node]: [step 115] Step execution failed -- stopping run.
[INFO] [1789123049.904762773] [phase2_unclamped_run_node]: === UNCLAMPED RUN ENDED ===

[exited with code 0]
