[INFO] [1789119476.400684108] [phase2_unclamped_run_node]: Loading SAC checkpoint: /home/anand/isaac_sac_checkpoints/repo/rl_logs_7hr_final/ur5e_isaac_sac_final.zip (legacy=True)
[INFO] [1789119476.831249649] [phase2_unclamped_run_node]: Checkpoint loaded.
[INFO] [1789119477.732277086] [phase2_unclamped_run_node]: Opening gripper and moving to real_home_position...
[INFO] [1789119486.698700398] [phase2_unclamped_run_node]: move_to_start: reached and verified.
[INFO] [1789119486.699018547] [phase2_unclamped_run_node]: === UNCLAMPED RUN: raw policy deltas (bounded +/-0.08rad), 2.0s/step, max 500 steps, gripper force=1.0 speed=0.3 ===
[INFO] [1789119486.709181823] [phase2_unclamped_run_node]: [step 00] dist=1.2251 raw_delta(rad)=[0.07909999787807465, 0.04470000043511391, -0.0786999985575676, -0.07970000058412552, -0.011300000362098217, 0.04879999905824661] gripper_raw=0.042 -> gripper_target=0.069m object_grasped=False
[INFO] [1789119490.719210625] [phase2_unclamped_run_node]: [step 01] dist=1.2426 raw_delta(rad)=[0.07959999889135361, -0.006899999920278788, -0.07720000296831131, -0.07989999651908875, 0.03700000047683716, 0.021299999207258224] gripper_raw=-2.624 -> gripper_target=0.128m object_grasped=False
[INFO] [1789119494.377546486] [phase2_unclamped_run_node]: [step 02] dist=1.2771 raw_delta(rad)=[0.07999999821186066, 0.06710000336170197, -0.0738999992609024, -0.07999999821186066, -0.05950000137090683, 0.07109999656677246] gripper_raw=2.301 -> gripper_target=0.019m object_grasped=False
[INFO] [1789119498.436886136] [phase2_unclamped_run_node]: [step 03] dist=1.2776 raw_delta(rad)=[0.07989999651908875, 0.019700000062584877, -0.07159999758005142, -0.07980000227689743, -0.06949999928474426, 0.03579999879002571] gripper_raw=-2.361 -> gripper_target=0.123m object_grasped=False
[INFO] [1789119502.445537712] [phase2_unclamped_run_node]: [step 04] dist=1.2870 raw_delta(rad)=[0.07999999821186066, 0.03790000081062317, -0.07020000368356705, -0.07999999821186066, 0.06289999932050705, 0.06109999865293503] gripper_raw=-1.962 -> gripper_target=0.114m object_grasped=False
[INFO] [1789119505.552771600] [phase2_unclamped_run_node]: [step 05] dist=1.2975 raw_delta(rad)=[0.07999999821186066, 0.07050000131130219, -0.07980000227689743, -0.07919999957084656, -0.06870000064373016, 0.06830000132322311] gripper_raw=-3.087 -> gripper_target=0.139m object_grasped=False
[INFO] [1789119508.810379554] [phase2_unclamped_run_node]: [step 06] dist=1.2913 raw_delta(rad)=[0.07769999653100967, 0.0771000012755394, -0.07980000227689743, -0.07859999686479568, -0.06650000065565109, 0.0738999992609024] gripper_raw=-2.861 -> gripper_target=0.134m object_grasped=False
[INFO] [1789119511.867215717] [phase2_unclamped_run_node]: [step 07] dist=1.2832 raw_delta(rad)=[0.07999999821186066, 0.06729999929666519, -0.07729999721050262, -0.0778999999165535, -0.07909999787807465, 0.07900000363588333] gripper_raw=-3.040 -> gripper_target=0.138m object_grasped=False
[INFO] [1789119514.974282617] [phase2_unclamped_run_node]: [step 08] dist=1.2741 raw_delta(rad)=[0.07989999651908875, 0.031300000846385956, -0.0794999971985817, -0.07180000096559525, -0.07829999923706055, 0.07989999651908875] gripper_raw=-3.069 -> gripper_target=0.138m object_grasped=False
[INFO] [1789119518.030955111] [phase2_unclamped_run_node]: [step 09] dist=1.2628 raw_delta(rad)=[0.07999999821186066, -0.057100001722574234, -0.07689999788999557, -0.07639999687671661, 0.07079999893903732, 0.07970000058412552] gripper_raw=-3.073 -> gripper_target=0.138m object_grasped=False
[INFO] [1789119520.938415375] [phase2_unclamped_run_node]: [step 10] dist=1.2544 raw_delta(rad)=[0.07419999688863754, -0.06830000132322311, -0.07970000058412552, -0.07670000195503235, -0.010700000450015068, 0.07989999651908875] gripper_raw=-3.087 -> gripper_target=0.139m object_grasped=False
[INFO] [1789119523.795453775] [phase2_unclamped_run_node]: [step 11] dist=1.2265 raw_delta(rad)=[0.07109999656677246, 0.06790000200271606, -0.06809999793767929, -0.07460000365972519, -0.07940000295639038, 0.07989999651908875] gripper_raw=-3.105 -> gripper_target=0.139m object_grasped=False
[INFO] [1789119526.902605904] [phase2_unclamped_run_node]: [step 12] dist=1.2021 raw_delta(rad)=[0.06719999760389328, 0.0714000016450882, -0.07660000026226044, -0.05790000036358833, -0.06509999930858612, 0.07999999821186066] gripper_raw=-3.124 -> gripper_target=0.140m object_grasped=False
[INFO] [1789119529.959423973] [phase2_unclamped_run_node]: [step 13] dist=1.1788 raw_delta(rad)=[-0.000699999975040555, 0.015300000086426735, -0.07540000230073929, -0.05009999871253967, -0.07289999723434448, 0.07999999821186066] gripper_raw=-3.119 -> gripper_target=0.139m object_grasped=False
[INFO] [1789119532.816440848] [phase2_unclamped_run_node]: [step 14] dist=1.1524 raw_delta(rad)=[0.06499999761581421, 0.07370000332593918, -0.06939999759197235, -0.07699999958276749, -0.006599999964237213, 0.07999999821186066] gripper_raw=-3.044 -> gripper_target=0.138m object_grasped=False
[INFO] [1789119535.923305927] [phase2_unclamped_run_node]: [step 15] dist=1.1340 raw_delta(rad)=[0.00019999999494757503, 0.07129999995231628, -0.03420000150799751, -0.07980000227689743, 0.054499998688697815, -0.006099999882280827] gripper_raw=2.310 -> gripper_target=0.019m object_grasped=False
[INFO] [1789119540.183446945] [phase2_unclamped_run_node]: [step 16] dist=1.1370 raw_delta(rad)=[-0.004800000227987766, -0.07819999754428864, -0.07880000025033951, -0.07980000227689743, -0.03370000049471855, 0.04399999976158142] gripper_raw=2.868 -> gripper_target=0.006m object_grasped=False
[INFO] [1789119543.241141707] [phase2_unclamped_run_node]: [step 17] dist=1.0917 raw_delta(rad)=[0.06419999897480011, -0.07519999891519547, -0.07980000227689743, -0.07970000058412552, -0.06790000200271606, -0.010200000368058681] gripper_raw=2.697 -> gripper_target=0.010m object_grasped=False
[INFO] [1789119546.299071351] [phase2_unclamped_run_node]: [step 18] dist=1.0320 raw_delta(rad)=[0.06830000132322311, -0.06790000200271606, -0.07989999651908875, -0.07980000227689743, -0.05979999899864197, 0.044599998742341995] gripper_raw=2.030 -> gripper_target=0.025m object_grasped=False
[INFO] [1789119549.607051367] [phase2_unclamped_run_node]: [step 19] dist=0.9696 raw_delta(rad)=[0.07720000296831131, -0.016300000250339508, -0.07069999724626541, -0.07930000126361847, 0.03020000085234642, -0.031700000166893005] gripper_raw=2.821 -> gripper_target=0.007m object_grasped=False
[INFO] [1789119552.864728022] [phase2_unclamped_run_node]: [step 20] dist=0.9243 raw_delta(rad)=[0.07880000025033951, -0.04830000177025795, -0.05889999866485596, -0.07989999651908875, -0.011800000444054604, -0.0421999990940094] gripper_raw=2.728 -> gripper_target=0.009m object_grasped=False
[INFO] [1789119555.921649854] [phase2_unclamped_run_node]: [step 21] dist=0.8700 raw_delta(rad)=[0.07919999957084656, -0.04600000008940697, -0.06909999996423721, -0.07880000025033951, 0.05570000037550926, -0.004900000058114529] gripper_raw=2.840 -> gripper_target=0.007m object_grasped=False
[INFO] [1789119559.028682170] [phase2_unclamped_run_node]: [step 22] dist=0.8197 raw_delta(rad)=[0.07569999992847443, -0.06610000133514404, -0.030700000002980232, -0.07689999788999557, 0.07940000295639038, -0.05820000171661377] gripper_raw=2.122 -> gripper_target=0.023m object_grasped=False
[INFO] [1789119562.287037683] [phase2_unclamped_run_node]: [step 23] dist=0.7765 raw_delta(rad)=[0.07959999889135361, 0.04100000113248825, -0.06599999964237213, -0.07569999992847443, 0.07180000096559525, -0.07029999792575836] gripper_raw=0.734 -> gripper_target=0.054m object_grasped=False
[INFO] [1789119565.545591052] [phase2_unclamped_run_node]: [step 24] dist=0.7548 raw_delta(rad)=[0.07460000365972519, 0.03689999878406525, -0.06830000132322311, -0.0778999999165535, 0.07760000228881836, -0.051500000059604645] gripper_raw=1.996 -> gripper_target=0.026m object_grasped=False
[INFO] [1789119568.804218006] [phase2_unclamped_run_node]: [step 25] dist=0.7390 raw_delta(rad)=[0.0786999985575676, -0.011099999770522118, -0.059700001031160355, -0.07959999889135361, 0.07680000364780426, -0.050200000405311584] gripper_raw=1.825 -> gripper_target=0.029m object_grasped=False
[INFO] [1789119571.912440204] [phase2_unclamped_run_node]: [step 26] dist=0.7164 raw_delta(rad)=[0.07859999686479568, 0.0066999997943639755, -0.04050000011920929, -0.0729999989271164, 0.07509999722242355, -0.012900000438094139] gripper_raw=2.904 -> gripper_target=0.005m object_grasped=False
[INFO] [1789119575.170863411] [phase2_unclamped_run_node]: [step 27] dist=0.7034 raw_delta(rad)=[0.07930000126361847, 0.004399999976158142, -0.013100000098347664, -0.07940000295639038, 0.06669999659061432, -0.03629999980330467] gripper_raw=-0.820 -> gripper_target=0.088m object_grasped=False
[INFO] [1789119579.029228391] [phase2_unclamped_run_node]: [step 28] dist=0.6928 raw_delta(rad)=[0.008500000461935997, -0.020500000566244125, 0.013899999670684338, -0.07349999994039536, 0.07940000295639038, -0.040800001472234726] gripper_raw=-0.125 -> gripper_target=0.073m object_grasped=False
[INFO] [1789119582.085581903] [phase2_unclamped_run_node]: [step 29] dist=0.6979 raw_delta(rad)=[0.016300000250339508, -0.06840000301599503, 0.05790000036358833, -0.07620000094175339, 0.06560000032186508, -0.055399999022483826] gripper_raw=0.492 -> gripper_target=0.059m object_grasped=False
[INFO] [1789119585.192626345] [phase2_unclamped_run_node]: [step 30] dist=0.6875 raw_delta(rad)=[0.06809999793767929, -0.07349999994039536, 0.062199998646974564, -0.07119999825954437, 0.065700002014637, 0.000699999975040555] gripper_raw=-1.086 -> gripper_target=0.094m object_grasped=False
[INFO] [1789119588.650123626] [phase2_unclamped_run_node]: [step 31] dist=0.6584 raw_delta(rad)=[0.07209999859333038, -0.06710000336170197, 0.04560000076889992, -0.06360000371932983, 0.05979999899864197, -0.031199999153614044] gripper_raw=-0.389 -> gripper_target=0.079m object_grasped=False
[INFO] [1789119591.906993682] [phase2_unclamped_run_node]: [step 32] dist=0.6275 raw_delta(rad)=[0.0681999996304512, -0.07649999856948853, 0.07249999791383743, -0.03959999978542328, 0.057100001722574234, -0.045099999755620956] gripper_raw=-1.633 -> gripper_target=0.106m object_grasped=False
[INFO] [1789119595.364763373] [phase2_unclamped_run_node]: [step 33] dist=0.5895 raw_delta(rad)=[0.06989999860525131, -0.06920000165700912, 0.05050000175833702, -0.05510000139474869, 0.02410000003874302, -0.012000000104308128] gripper_raw=-2.390 -> gripper_target=0.123m object_grasped=False
[INFO] [1789119598.671868586] [phase2_unclamped_run_node]: [step 34] dist=0.5523 raw_delta(rad)=[0.0778999999165535, -0.06520000100135803, 0.05770000070333481, -0.013399999588727951, 0.07090000063180923, 0.002199999988079071] gripper_raw=-2.745 -> gripper_target=0.131m object_grasped=False
[INFO] [1789119601.929454920] [phase2_unclamped_run_node]: [step 35] dist=0.5111 raw_delta(rad)=[0.07440000027418137, -0.054499998688697815, 0.07410000264644623, 0.029899999499320984, 0.07090000063180923, -0.04390000179409981] gripper_raw=-2.827 -> gripper_target=0.133m object_grasped=False
[INFO] [1789119604.986542730] [phase2_unclamped_run_node]: [step 36] dist=0.4687 raw_delta(rad)=[0.0786999985575676, -0.04879999905824661, 0.07270000129938126, -0.06279999762773514, 0.06080000102519989, 0.010400000028312206] gripper_raw=-2.823 -> gripper_target=0.133m object_grasped=False
[INFO] [1789119608.096382957] [phase2_unclamped_run_node]: [step 37] dist=0.4406 raw_delta(rad)=[0.07400000095367432, -0.024800000712275505, 0.07620000094175339, 0.06859999895095825, 0.06629999727010727, 0.006800000090152025] gripper_raw=-2.803 -> gripper_target=0.132m object_grasped=False
[INFO] [1789119610.953183261] [phase2_unclamped_run_node]: [step 38] dist=0.4123 raw_delta(rad)=[0.07580000162124634, 0.012000000104308128, 0.07689999788999557, -0.04699999839067459, 0.04349999874830246, -0.014800000004470348] gripper_raw=-2.899 -> gripper_target=0.135m object_grasped=False
[INFO] [1789119614.060347321] [phase2_unclamped_run_node]: [step 39] dist=0.4227 raw_delta(rad)=[0.07580000162124634, 0.028200000524520874, 0.07660000026226044, 0.011099999770522118, 0.023399999365210533, -0.03669999912381172] gripper_raw=-3.066 -> gripper_target=0.138m object_grasped=False
[INFO] [1789119617.117018658] [phase2_unclamped_run_node]: [step 40] dist=0.4446 raw_delta(rad)=[0.07450000196695328, 0.043299999088048935, 0.07620000094175339, -0.052400000393390656, 0.0471000000834465, -0.030899999663233757] gripper_raw=-2.828 -> gripper_target=0.133m object_grasped=False
[INFO] [1789119620.173895356] [phase2_unclamped_run_node]: [step 41] dist=0.4913 raw_delta(rad)=[0.0681999996304512, 0.04129999876022339, 0.07569999992847443, -0.023600000888109207, 0.04749999940395355, -0.04089999943971634] gripper_raw=-2.813 -> gripper_target=0.133m object_grasped=False
[INFO] [1789119623.280447910] [phase2_unclamped_run_node]: [step 42] dist=0.5392 raw_delta(rad)=[0.0617000013589859, 0.049800001084804535, 0.07569999992847443, -0.05730000138282776, 0.05000000074505806, -0.03830000013113022] gripper_raw=-2.701 -> gripper_target=0.130m object_grasped=False
[INFO] [1789119626.387613899] [phase2_unclamped_run_node]: [step 43] dist=0.5960 raw_delta(rad)=[0.06909999996423721, 0.0560000017285347, 0.07519999891519547, -0.048700001090765, 0.029600000008940697, -0.030799999833106995] gripper_raw=-2.952 -> gripper_target=0.136m object_grasped=False
[INFO] [1789119629.444843271] [phase2_unclamped_run_node]: [step 44] dist=0.6543 raw_delta(rad)=[0.06069999933242798, 0.04809999838471413, 0.07419999688863754, -0.07119999825954437, 0.07599999755620956, -0.04430000111460686] gripper_raw=-3.035 -> gripper_target=0.138m object_grasped=False
[INFO] [1789119632.602864123] [phase2_unclamped_run_node]: [step 45] dist=0.7086 raw_delta(rad)=[0.05950000137090683, 0.05050000175833702, 0.07180000096559525, 0.06340000033378601, 0.05400000140070915, -0.039500001817941666] gripper_raw=-2.831 -> gripper_target=0.133m object_grasped=False
[INFO] [1789119635.659641246] [phase2_unclamped_run_node]: [step 46] dist=0.7540 raw_delta(rad)=[0.0617000013589859, 0.047600001096725464, 0.07069999724626541, 0.07349999994039536, 0.04809999838471413, -0.02280000038444996] gripper_raw=-2.772 -> gripper_target=0.132m object_grasped=False
[INFO] [1789119638.767101121] [phase2_unclamped_run_node]: [step 47] dist=0.7959 raw_delta(rad)=[0.0608999989926815, 0.03590000048279762, 0.06809999793767929, 0.002099999925121665, -0.004999999888241291, -0.032999999821186066] gripper_raw=-2.894 -> gripper_target=0.134m object_grasped=False
[INFO] [1789119641.824766805] [phase2_unclamped_run_node]: [step 48] dist=0.8297 raw_delta(rad)=[0.05119999870657921, 0.027000000700354576, 0.065700002014637, -0.034299999475479126, 0.05939999967813492, -0.02669999934732914] gripper_raw=-2.850 -> gripper_target=0.134m object_grasped=False
[INFO] [1789119644.881752563] [phase2_unclamped_run_node]: [step 49] dist=0.8572 raw_delta(rad)=[0.04659999907016754, 0.002300000051036477, 0.06620000302791595, -0.0608999989926815, -0.010700000450015068, -0.006300000008195639] gripper_raw=-2.951 -> gripper_target=0.136m object_grasped=False
[INFO] [1789119647.989186163] [phase2_unclamped_run_node]: [step 50] dist=0.8725 raw_delta(rad)=[0.018400000408291817, 0.016300000250339508, 0.06069999933242798, -0.04089999943971634, 0.0052999998442828655, -0.027400000020861626] gripper_raw=-2.365 -> gripper_target=0.123m object_grasped=False
[INFO] [1789119651.046005976] [phase2_unclamped_run_node]: [step 51] dist=0.8915 raw_delta(rad)=[0.053199999034404755, 0.01080000028014183, 0.0494999997317791, 0.06350000202655792, 0.0017999999690800905, -0.019099999219179153] gripper_raw=-2.494 -> gripper_target=0.126m object_grasped=False
[INFO] [1789119654.103024764] [phase2_unclamped_run_node]: [step 52] dist=0.9029 raw_delta(rad)=[0.04430000111460686, 0.0015999999595806003, 0.0575999990105629, 0.010599999688565731, -0.020099999383091927, -0.03550000116229057] gripper_raw=-2.850 -> gripper_target=0.133m object_grasped=False
[INFO] [1789119657.210385949] [phase2_unclamped_run_node]: [step 53] dist=0.9126 raw_delta(rad)=[0.038600001484155655, 0.00559999980032444, 0.05180000141263008, 0.07079999893903732, -0.011800000444054604, -0.037700001150369644] gripper_raw=-2.530 -> gripper_target=0.126m object_grasped=False
[INFO] [1789119660.268370174] [phase2_unclamped_run_node]: [step 54] dist=0.9239 raw_delta(rad)=[0.027300000190734863, 0.008799999952316284, 0.039900001138448715, 0.004000000189989805, -0.0658000037074089, -0.04399999976158142] gripper_raw=-3.019 -> gripper_target=0.137m object_grasped=False
[INFO] [1789119663.576423306] [phase2_unclamped_run_node]: [step 55] dist=0.9338 raw_delta(rad)=[0.04600000008940697, 0.023099999874830246, 0.015699999406933784, -0.0617000013589859, -0.019099999219179153, -0.0494999997317791] gripper_raw=-2.826 -> gripper_target=0.133m object_grasped=False
[INFO] [1789119666.633433594] [phase2_unclamped_run_node]: [step 56] dist=0.9357 raw_delta(rad)=[0.03819999843835831, 0.011699999682605267, 0.03519999980926514, 0.04910000041127205, -0.05689999833703041, -0.034699998795986176] gripper_raw=-2.732 -> gripper_target=0.131m object_grasped=False
[INFO] [1789119669.690730546] [phase2_unclamped_run_node]: [step 57] dist=0.9452 raw_delta(rad)=[0.0348999984562397, 0.031300000846385956, 0.012199999764561653, -0.0032999999821186066, -0.013799999840557575, -0.03959999978542328] gripper_raw=-2.781 -> gripper_target=0.132m object_grasped=False
[INFO] [1789119672.800357922] [phase2_unclamped_run_node]: [step 58] dist=0.9497 raw_delta(rad)=[0.01889999955892563, 0.022299999371170998, 0.006500000134110451, 0.054099999368190765, -0.06800000369548798, -0.04619999974966049] gripper_raw=-2.100 -> gripper_target=0.117m object_grasped=False
[INFO] [1789119676.058256802] [phase2_unclamped_run_node]: [step 59] dist=0.9597 raw_delta(rad)=[0.03200000151991844, 0.0284000001847744, 0.006599999964237213, -0.044599998742341995, -0.065700002014637, -0.050200000405311584] gripper_raw=-1.463 -> gripper_target=0.103m object_grasped=False
[INFO] [1789119679.316889954] [phase2_unclamped_run_node]: [step 60] dist=0.9617 raw_delta(rad)=[0.006500000134110451, 0.0203000009059906, -0.007499999832361937, -0.07329999655485153, -0.06080000102519989, -0.0340999998152256] gripper_raw=-2.244 -> gripper_target=0.120m object_grasped=False
[INFO] [1789119682.574878808] [phase2_unclamped_run_node]: [step 61] dist=0.9611 raw_delta(rad)=[-0.030799999833106995, 0.0272000003606081, 0.02319999970495701, 0.06939999759197235, -0.05510000139474869, -0.048700001090765] gripper_raw=-1.981 -> gripper_target=0.114m object_grasped=False
[INFO] [1789119685.682508483] [phase2_unclamped_run_node]: [step 62] dist=0.9820 raw_delta(rad)=[0.014600000344216824, 0.03189999982714653, -0.03819999843835831, -0.022600000724196434, -0.03830000013113022, -0.04879999905824661] gripper_raw=-1.948 -> gripper_target=0.113m object_grasped=False
[INFO] [1789119688.740954377] [phase2_unclamped_run_node]: [step 63] dist=0.9797 raw_delta(rad)=[0.013799999840557575, 0.02329999953508377, -0.022099999710917473, 0.002899999963119626, -0.05979999899864197, -0.022700000554323196] gripper_raw=-1.283 -> gripper_target=0.099m object_grasped=False
[INFO] [1789119692.000348898] [phase2_unclamped_run_node]: [step 64] dist=0.9817 raw_delta(rad)=[0.0032999999821186066, 0.04179999977350235, 0.006899999920278788, -0.02319999970495701, -0.07240000367164612, -0.0203000009059906] gripper_raw=-0.651 -> gripper_target=0.084m object_grasped=False
[INFO] [1789119695.358640244] [phase2_unclamped_run_node]: [step 65] dist=0.9910 raw_delta(rad)=[-0.04690000042319298, 0.02160000056028366, -0.0044999998062849045, -0.07729999721050262, -0.019500000402331352, -0.031300000846385956] gripper_raw=-1.316 -> gripper_target=0.099m object_grasped=False
[INFO] [1789119698.616685712] [phase2_unclamped_run_node]: [step 66] dist=0.9981 raw_delta(rad)=[-0.061900001019239426, 0.01510000042617321, -0.04399999976158142, -0.0568000003695488, -0.00989999994635582, -0.00419999985024333] gripper_raw=-0.701 -> gripper_target=0.086m object_grasped=False
[INFO] [1789119701.875146316] [phase2_unclamped_run_node]: [step 67] dist=1.0029 raw_delta(rad)=[-0.00570000009611249, 0.006300000008195639, -0.017799999564886093, 0.04989999905228615, -0.02160000056028366, -0.0471000000834465] gripper_raw=-1.279 -> gripper_target=0.099m object_grasped=False
[INFO] [1789119705.133545942] [phase2_unclamped_run_node]: [step 68] dist=1.0071 raw_delta(rad)=[-0.009600000455975533, -0.0034000000450760126, -0.04010000079870224, -0.0560000017285347, -0.0044999998062849045, -0.02539999969303608] gripper_raw=-1.638 -> gripper_target=0.107m object_grasped=False
[INFO] [1789119708.241580760] [phase2_unclamped_run_node]: [step 69] dist=0.9972 raw_delta(rad)=[-0.03150000050663948, 0.027400000020861626, -0.06340000033378601, -0.07360000163316727, 0.009600000455975533, -0.008299999870359898] gripper_raw=-0.852 -> gripper_target=0.089m object_grasped=False
[INFO] [1789119711.499312306] [phase2_unclamped_run_node]: [step 70] dist=0.9923 raw_delta(rad)=[-0.06679999828338623, 0.015699999406933784, -0.04769999906420708, -0.05739999935030937, -0.05389999970793724, -0.0010999999940395355] gripper_raw=-0.075 -> gripper_target=0.072m object_grasped=False
[INFO] [1789119714.757765446] [phase2_unclamped_run_node]: [step 71] dist=0.9994 raw_delta(rad)=[0.05380000174045563, 0.00019999999494757503, -0.03460000082850456, -0.06620000302791595, -0.05350000038743019, -0.00139999995008111] gripper_raw=-1.361 -> gripper_target=0.100m object_grasped=False
[INFO] [1789119718.065001902] [phase2_unclamped_run_node]: [step 72] dist=0.9813 raw_delta(rad)=[0.012400000356137753, 0.01119999960064888, -0.06769999861717224, -0.05609999969601631, 0.026000000536441803, -0.005400000140070915] gripper_raw=-2.080 -> gripper_target=0.116m object_grasped=False
[INFO] [1789119721.322694568] [phase2_unclamped_run_node]: [step 73] dist=0.9650 raw_delta(rad)=[0.029200000688433647, -0.016899999231100082, -0.04580000042915344, -0.0333000011742115, -0.01979999989271164, -0.04430000111460686] gripper_raw=-0.732 -> gripper_target=0.086m object_grasped=False
[INFO] [1789119724.780788644] [phase2_unclamped_run_node]: [step 74] dist=0.9473 raw_delta(rad)=[-0.032999999821186066, 0.000699999975040555, -0.04809999838471413, -0.03929999843239784, -0.023099999874830246, -0.006200000178068876] gripper_raw=-2.510 -> gripper_target=0.126m object_grasped=False
[INFO] [1789119728.239131084] [phase2_unclamped_run_node]: [step 75] dist=0.9438 raw_delta(rad)=[0.0722000002861023, 0.0551999993622303, -0.0778999999165535, 0.05730000138282776, -0.0608999989926815, -0.04670000076293945] gripper_raw=-1.815 -> gripper_target=0.110m object_grasped=False
[INFO] [1789119731.497303470] [phase2_unclamped_run_node]: [step 76] dist=0.9315 raw_delta(rad)=[-0.044599998742341995, -0.04769999906420708, -0.04450000077486038, -0.027499999850988388, 0.0003000000142492354, 0.005499999970197678] gripper_raw=0.761 -> gripper_target=0.053m object_grasped=False
[INFO] [1789119735.205509134] [phase2_unclamped_run_node]: [step 77] dist=0.9197 raw_delta(rad)=[0.07639999687671661, 0.05719999969005585, -0.07169999927282333, 0.061799999326467514, -0.05490000173449516, -0.06260000169277191] gripper_raw=-1.635 -> gripper_target=0.106m object_grasped=False
[INFO] [1789119738.863438172] [phase2_unclamped_run_node]: [step 78] dist=0.9096 raw_delta(rad)=[-0.06759999692440033, -0.03099999949336052, -0.06210000067949295, -0.061799999326467514, 0.023900000378489494, -0.030300000682473183] gripper_raw=-0.449 -> gripper_target=0.080m object_grasped=False
[INFO] [1789119742.121675952] [phase2_unclamped_run_node]: [step 79] dist=0.8978 raw_delta(rad)=[0.06270000338554382, 0.02160000056028366, -0.06889999657869339, 0.0640999972820282, -0.0778999999165535, -0.050599999725818634] gripper_raw=-1.200 -> gripper_target=0.097m object_grasped=False
[INFO] [1789119745.380447630] [phase2_unclamped_run_node]: [step 80] dist=0.8860 raw_delta(rad)=[0.003100000089034438, -0.003800000064074993, -0.06440000236034393, 0.05119999870657921, -0.0729999989271164, -0.07039999961853027] gripper_raw=-2.865 -> gripper_target=0.134m object_grasped=False
[INFO] [1789119748.838930805] [phase2_unclamped_run_node]: [step 81] dist=0.8777 raw_delta(rad)=[-0.02810000069439411, -0.014800000004470348, -0.04600000008940697, 0.05380000174045563, -0.07249999791383743, -0.07190000265836716] gripper_raw=-2.999 -> gripper_target=0.137m object_grasped=False
[INFO] [1789119751.945884472] [phase2_unclamped_run_node]: [step 82] dist=0.8732 raw_delta(rad)=[0.010900000110268593, -0.004000000189989805, -0.056699998676776886, 0.052400000393390656, -0.07329999655485153, -0.049800001084804535] gripper_raw=-2.295 -> gripper_target=0.121m object_grasped=False
[INFO] [1789119755.203618330] [phase2_unclamped_run_node]: [step 83] dist=0.8666 raw_delta(rad)=[-0.05400000140070915, -0.04520000144839287, -0.057500001043081284, 0.03779999911785126, -0.0625, -0.015399999916553497] gripper_raw=-2.920 -> gripper_target=0.135m object_grasped=False
[INFO] [1789119758.461686357] [phase2_unclamped_run_node]: [step 84] dist=0.8524 raw_delta(rad)=[-0.06970000267028809, -0.05389999970793724, -0.059300001710653305, 0.06279999762773514, -0.04690000042319298, -0.014700000174343586] gripper_raw=-2.892 -> gripper_target=0.134m object_grasped=False
[INFO] [1789119761.568403644] [phase2_unclamped_run_node]: [step 85] dist=0.8309 raw_delta(rad)=[-0.07180000096559525, -0.04039999842643738, -0.006300000008195639, 0.0026000000070780516, -0.058800000697374344, -0.048500001430511475] gripper_raw=-2.957 -> gripper_target=0.136m object_grasped=False
[INFO] [1789119764.625161266] [phase2_unclamped_run_node]: [step 86] dist=0.8211 raw_delta(rad)=[-0.04600000008940697, -0.061400000005960464, -0.025699999183416367, 0.0723000019788742, -0.027699999511241913, -0.039400000125169754] gripper_raw=-2.024 -> gripper_target=0.115m object_grasped=False
[INFO] [1789119767.882510911] [phase2_unclamped_run_node]: [step 87] dist=0.7979 raw_delta(rad)=[-0.05490000173449516, -0.03739999979734421, -0.010700000450015068, 0.03669999912381172, -0.07680000364780426, -0.04690000042319298] gripper_raw=-2.926 -> gripper_target=0.135m object_grasped=False
[INFO] [1789119771.190615002] [phase2_unclamped_run_node]: [step 88] dist=0.7856 raw_delta(rad)=[-0.0494999997317791, -0.05590000003576279, -0.034699998795986176, 0.030300000682473183, -0.06560000032186508, 0.0015999999595806003] gripper_raw=-2.624 -> gripper_target=0.128m object_grasped=False
[INFO] [1789119774.298787167] [phase2_unclamped_run_node]: [step 89] dist=0.7602 raw_delta(rad)=[-0.052799999713897705, -0.025699999183416367, -0.018400000408291817, 0.02969999983906746, 0.0071000000461936, 0.04989999905228615] gripper_raw=-1.840 -> gripper_target=0.111m object_grasped=False
[INFO] [1789119777.556615063] [phase2_unclamped_run_node]: [step 90] dist=0.7390 raw_delta(rad)=[-0.04910000041127205, -0.01860000006854534, -0.00279999990016222, 0.004699999932199717, -0.07100000232458115, -0.06319999694824219] gripper_raw=-1.690 -> gripper_target=0.108m object_grasped=False
[INFO] [1789119780.663699498] [phase2_unclamped_run_node]: [step 91] dist=0.7312 raw_delta(rad)=[-0.07050000131130219, -0.0502999983727932, -0.002199999988079071, -0.050999999046325684, -0.06360000371932983, -0.05620000138878822] gripper_raw=-2.636 -> gripper_target=0.129m object_grasped=False
[INFO] [1789119783.921177799] [phase2_unclamped_run_node]: [step 92] dist=0.7106 raw_delta(rad)=[-0.05490000173449516, -0.004100000020116568, 0.007000000216066837, 0.019300000742077827, -0.010099999606609344, -0.06109999865293503] gripper_raw=-2.221 -> gripper_target=0.119m object_grasped=False
[INFO] [1789119786.979065387] [phase2_unclamped_run_node]: [step 93] dist=0.7026 raw_delta(rad)=[-0.03889999911189079, -0.02630000002682209, 0.008700000122189522, 0.00800000037997961, -0.06849999725818634, -0.04729999974370003] gripper_raw=-2.037 -> gripper_target=0.115m object_grasped=False
[INFO] [1789119790.085792977] [phase2_unclamped_run_node]: [step 94] dist=0.6948 raw_delta(rad)=[0.0027000000700354576, 0.01850000023841858, 0.016499999910593033, -0.00570000009611249, -0.06319999694824219, -0.007400000002235174] gripper_raw=-2.282 -> gripper_target=0.121m object_grasped=False
[INFO] [1789119793.143131843] [phase2_unclamped_run_node]: [step 95] dist=0.7126 raw_delta(rad)=[-0.006599999964237213, -0.051899999380111694, -0.01590000092983246, -0.06019999831914902, -0.0723000019788742, -0.03590000048279762] gripper_raw=-2.560 -> gripper_target=0.127m object_grasped=False
[INFO] [1789119796.203704559] [phase2_unclamped_run_node]: [step 96] dist=0.6980 raw_delta(rad)=[-0.06040000170469284, -0.006599999964237213, 0.0017999999690800905, 0.05429999902844429, -0.07810000330209732, 0.0007999999797903001] gripper_raw=-2.422 -> gripper_target=0.124m object_grasped=False
[INFO] [1789119799.311374434] [phase2_unclamped_run_node]: [step 97] dist=0.6909 raw_delta(rad)=[-0.03440000116825104, 0.016300000250339508, -0.0478999987244606, 0.016499999910593033, -0.0723000019788742, -0.01850000023841858] gripper_raw=-2.641 -> gripper_target=0.129m object_grasped=False
[INFO] [1789119802.369646842] [phase2_unclamped_run_node]: [step 98] dist=0.6888 raw_delta(rad)=[-0.04280000180006027, -0.04050000011920929, 0.04089999943971634, -0.010099999606609344, -0.07900000363588333, -0.03700000047683716] gripper_raw=-1.846 -> gripper_target=0.111m object_grasped=False
[INFO] [1789119805.677271863] [phase2_unclamped_run_node]: [step 99] dist=0.6829 raw_delta(rad)=[-0.022600000724196434, -0.017899999395012856, -0.005100000184029341, 0.032499998807907104, -0.0729999989271164, -0.060499999672174454] gripper_raw=-1.865 -> gripper_target=0.112m object_grasped=False
[INFO] [1789119808.785352846] [phase2_unclamped_run_node]: [step 100] dist=0.6756 raw_delta(rad)=[0.006399999838322401, 0.006000000052154064, -0.04050000011920929, 0.004900000058114529, -0.06260000169277191, 0.008500000461935997] gripper_raw=-2.328 -> gripper_target=0.122m object_grasped=False
[INFO] [1789119812.044212459] [phase2_unclamped_run_node]: [step 101] dist=0.6767 raw_delta(rad)=[0.0, -0.06750000268220901, -0.025800000876188278, 0.03610000014305115, -0.049400001764297485, -0.035599999129772186] gripper_raw=-1.336 -> gripper_target=0.100m object_grasped=False
[INFO] [1789119815.301774778] [phase2_unclamped_run_node]: [step 102] dist=0.6446 raw_delta(rad)=[-0.0430000014603138, 0.027899999171495438, -0.0746999979019165, -0.07119999825954437, -0.07880000025033951, 0.05270000174641609] gripper_raw=2.480 -> gripper_target=0.015m object_grasped=False
[ERROR] [1789119815.803668453] [phase2_unclamped_run_node]: Step failed: Current goal cancelled during deactivate transition.
[ERROR] [1789119815.804639264] [phase2_unclamped_run_node]: [step 102] Step execution failed -- stopping run.
[INFO] [1789119815.805337606] [phase2_unclamped_run_node]: === UNCLAMPED RUN ENDED ===

[exited with code 0]
