[INFO] [1789117354.870668712] [phase2_unclamped_run_node]: Loading SAC checkpoint: /home/anand/isaac_sac_checkpoints/repo/rl_logs_7hr_final/ur5e_isaac_sac_final.zip (legacy=True)
[INFO] [1789117355.348795955] [phase2_unclamped_run_node]: Checkpoint loaded.
[INFO] [1789117358.450833184] [phase2_unclamped_run_node]: Opening gripper and moving to real_home_position...
[INFO] [1789117367.769430083] [phase2_unclamped_run_node]: move_to_start: reached and verified.
[INFO] [1789117367.769823708] [phase2_unclamped_run_node]: === UNCLAMPED RUN: raw policy deltas (bounded +/-0.08rad), 3.0s/step, max 80 steps, gripper force=1.0 speed=0.3 ===
[INFO] [1789117367.772771077] [phase2_unclamped_run_node]: [step 00] dist=1.2251 raw_delta(rad)=[0.07970000058412552, 0.03150000050663948, -0.07909999787807465, -0.07989999651908875, 0.033900000154972076, 0.037700001150369644] gripper_raw=-1.206 -> gripper_target=0.097m object_grasped=False
[INFO] [1789117372.183658844] [phase2_unclamped_run_node]: [step 01] dist=1.2506 raw_delta(rad)=[0.07970000058412552, 0.04320000112056732, -0.07909999787807465, -0.07989999651908875, 0.0007999999797903001, 0.04450000077486038] gripper_raw=-1.360 -> gripper_target=0.100m object_grasped=False
[INFO] [1789117376.243437700] [phase2_unclamped_run_node]: [step 02] dist=1.2667 raw_delta(rad)=[0.07980000227689743, 0.045099999755620956, -0.07900000363588333, -0.07989999651908875, -0.01769999973475933, 0.05139999836683273] gripper_raw=-1.711 -> gripper_target=0.108m object_grasped=False
[INFO] [1789117380.303191554] [phase2_unclamped_run_node]: [step 03] dist=1.2781 raw_delta(rad)=[0.07980000227689743, 0.04820000007748604, -0.07880000025033951, -0.07989999651908875, -0.030300000682473183, 0.05649999901652336] gripper_raw=-2.011 -> gripper_target=0.115m object_grasped=False
[INFO] [1789117384.363734367] [phase2_unclamped_run_node]: [step 04] dist=1.2849 raw_delta(rad)=[0.07989999651908875, 0.05009999871253967, -0.0786999985575676, -0.07989999651908875, -0.034699998795986176, 0.06870000064373016] gripper_raw=-2.371 -> gripper_target=0.123m object_grasped=False
[INFO] [1789117388.423435632] [phase2_unclamped_run_node]: [step 05] dist=1.2883 raw_delta(rad)=[0.07989999651908875, 0.05869999900460243, -0.0778999999165535, -0.07970000058412552, -0.04089999943971634, 0.07540000230073929] gripper_raw=-2.635 -> gripper_target=0.129m object_grasped=False
[INFO] [1789117392.484259335] [phase2_unclamped_run_node]: [step 06] dist=1.2872 raw_delta(rad)=[0.07989999651908875, 0.06289999932050705, -0.07750000059604645, -0.07930000126361847, -0.051100000739097595, 0.07769999653100967] gripper_raw=-2.811 -> gripper_target=0.133m object_grasped=False
[INFO] [1789117396.493728965] [phase2_unclamped_run_node]: [step 07] dist=1.2830 raw_delta(rad)=[0.07989999651908875, 0.061400000005960464, -0.07729999721050262, -0.0786999985575676, -0.05810000002384186, 0.07919999957084656] gripper_raw=-2.943 -> gripper_target=0.136m object_grasped=False
[INFO] [1789117400.553382898] [phase2_unclamped_run_node]: [step 08] dist=1.2765 raw_delta(rad)=[0.07980000227689743, 0.05310000106692314, -0.07660000026226044, -0.07859999686479568, -0.06710000336170197, 0.07959999889135361] gripper_raw=-3.033 -> gripper_target=0.138m object_grasped=False
[INFO] [1789117404.664551693] [phase2_unclamped_run_node]: [step 09] dist=1.2671 raw_delta(rad)=[0.0794999971985817, 0.03550000116229057, -0.07580000162124634, -0.07829999923706055, -0.07249999791383743, 0.07970000058412552] gripper_raw=-3.077 -> gripper_target=0.139m object_grasped=False
[INFO] [1789117408.775433112] [phase2_unclamped_run_node]: [step 10] dist=1.2536 raw_delta(rad)=[0.0786999985575676, 0.02370000071823597, -0.0763000026345253, -0.07739999890327454, -0.07500000298023224, 0.07980000227689743] gripper_raw=-3.097 -> gripper_target=0.139m object_grasped=False
[INFO] [1789117412.835647658] [phase2_unclamped_run_node]: [step 11] dist=1.2342 raw_delta(rad)=[0.07609999924898148, 0.03310000151395798, -0.07670000195503235, -0.07599999755620956, -0.07699999958276749, 0.07989999651908875] gripper_raw=-3.105 -> gripper_target=0.139m object_grasped=False
[INFO] [1789117416.694679539] [phase2_unclamped_run_node]: [step 12] dist=1.2112 raw_delta(rad)=[0.07129999995231628, 0.0430000014603138, -0.0771000012755394, -0.07500000298023224, -0.0778999999165535, 0.07989999651908875] gripper_raw=-3.108 -> gripper_target=0.139m object_grasped=False
[INFO] [1789117420.554712281] [phase2_unclamped_run_node]: [step 13] dist=1.1863 raw_delta(rad)=[0.06300000101327896, 0.04839999973773956, -0.07760000228881836, -0.07460000365972519, -0.07840000092983246, 0.07989999651908875] gripper_raw=-3.105 -> gripper_target=0.139m object_grasped=False
[INFO] [1789117424.415143094] [phase2_unclamped_run_node]: [step 14] dist=1.1603 raw_delta(rad)=[0.032499998807907104, 0.05689999833703041, -0.07779999822378159, -0.07479999959468842, -0.07829999923706055, 0.07989999651908875] gripper_raw=-3.091 -> gripper_target=0.139m object_grasped=False
[INFO] [1789117428.274254174] [phase2_unclamped_run_node]: [step 15] dist=1.1357 raw_delta(rad)=[-0.01720000058412552, 0.046300001442432404, -0.07289999723434448, -0.07909999787807465, -0.05490000173449516, 0.06300000101327896] gripper_raw=1.744 -> gripper_target=0.031m object_grasped=False
[INFO] [1789117433.284430287] [phase2_unclamped_run_node]: [step 16] dist=1.1125 raw_delta(rad)=[-0.003800000064074993, -0.013199999928474426, -0.07890000194311142, -0.07970000058412552, -0.03779999911785126, 0.05810000002384186] gripper_raw=2.906 -> gripper_target=0.005m object_grasped=False
[INFO] [1789117437.543617957] [phase2_unclamped_run_node]: [step 17] dist=1.0770 raw_delta(rad)=[0.031300000846385956, -0.012000000104308128, -0.07919999957084656, -0.07989999651908875, -0.01640000008046627, 0.04910000041127205] gripper_raw=3.016 -> gripper_target=0.003m object_grasped=False
[INFO] [1789117441.602497720] [phase2_unclamped_run_node]: [step 18] dist=1.0423 raw_delta(rad)=[0.05559999868273735, 0.004900000058114529, -0.07900000363588333, -0.07989999651908875, 0.006599999964237213, 0.04170000180602074] gripper_raw=3.032 -> gripper_target=0.002m object_grasped=False
[INFO] [1789117445.611292066] [phase2_unclamped_run_node]: [step 19] dist=1.0107 raw_delta(rad)=[0.07020000368356705, 0.01810000091791153, -0.0786999985575676, -0.07989999651908875, 0.02969999983906746, 0.0364999994635582] gripper_raw=3.039 -> gripper_target=0.002m object_grasped=False
[INFO] [1789117449.469068453] [phase2_unclamped_run_node]: [step 20] dist=0.9819 raw_delta(rad)=[0.07259999960660934, 0.02889999933540821, -0.07810000330209732, -0.07989999651908875, 0.048900000751018524, 0.027799999341368675] gripper_raw=3.007 -> gripper_target=0.003m object_grasped=False
[INFO] [1789117453.528752499] [phase2_unclamped_run_node]: [step 21] dist=0.9571 raw_delta(rad)=[0.07329999655485153, 0.03759999945759773, -0.07689999788999557, -0.07989999651908875, 0.06199999898672104, 0.021700000390410423] gripper_raw=2.948 -> gripper_target=0.004m object_grasped=False
[INFO] [1789117457.587407431] [phase2_unclamped_run_node]: [step 22] dist=0.9366 raw_delta(rad)=[0.07259999960660934, 0.04820000007748604, -0.07490000128746033, -0.07989999651908875, 0.06800000369548798, 0.01850000023841858] gripper_raw=2.887 -> gripper_target=0.006m object_grasped=False
[INFO] [1789117461.647066694] [phase2_unclamped_run_node]: [step 23] dist=0.9214 raw_delta(rad)=[0.07050000131130219, 0.05689999833703041, -0.07039999961853027, -0.07980000227689743, 0.07169999927282333, 0.014100000262260437] gripper_raw=2.814 -> gripper_target=0.007m object_grasped=False
[INFO] [1789117465.706790687] [phase2_unclamped_run_node]: [step 24] dist=0.9122 raw_delta(rad)=[0.06639999896287918, 0.056699998676776886, -0.06560000032186508, -0.07980000227689743, 0.07460000365972519, 0.015599999576807022] gripper_raw=2.730 -> gripper_target=0.009m object_grasped=False
[INFO] [1789117469.766803044] [phase2_unclamped_run_node]: [step 25] dist=0.9066 raw_delta(rad)=[0.05920000001788139, 0.05139999836683273, -0.062199998646974564, -0.07980000227689743, 0.0763000026345253, 0.023000000044703484] gripper_raw=2.623 -> gripper_target=0.012m object_grasped=False
[INFO] [1789117473.826556577] [phase2_unclamped_run_node]: [step 26] dist=0.9033 raw_delta(rad)=[0.04540000110864639, 0.04190000146627426, -0.05920000001788139, -0.07970000058412552, 0.07689999788999557, 0.03579999879002571] gripper_raw=2.463 -> gripper_target=0.015m object_grasped=False
[INFO] [1789117477.886094588] [phase2_unclamped_run_node]: [step 27] dist=0.9019 raw_delta(rad)=[0.030799999833106995, 0.028699999675154686, -0.05559999868273735, -0.07970000058412552, 0.07720000296831131, 0.046300001442432404] gripper_raw=2.256 -> gripper_target=0.020m object_grasped=False
[INFO] [1789117481.895749292] [phase2_unclamped_run_node]: [step 28] dist=0.9021 raw_delta(rad)=[0.014000000432133675, 0.012799999676644802, -0.050599999725818634, -0.07970000058412552, 0.07729999721050262, 0.050999999046325684] gripper_raw=1.966 -> gripper_target=0.026m object_grasped=False
[INFO] [1789117485.953879772] [phase2_unclamped_run_node]: [step 29] dist=0.9045 raw_delta(rad)=[-0.002099999925121665, -0.0026000000070780516, -0.043800000101327896, -0.07959999889135361, 0.07720000296831131, 0.05249999836087227] gripper_raw=1.607 -> gripper_target=0.034m object_grasped=False
[INFO] [1789117490.061598489] [phase2_unclamped_run_node]: [step 30] dist=0.9099 raw_delta(rad)=[-0.01679999940097332, -0.01720000058412552, -0.03500000014901161, -0.07959999889135361, 0.07670000195503235, 0.051899999380111694] gripper_raw=1.182 -> gripper_target=0.044m object_grasped=False
[INFO] [1789117494.320033945] [phase2_unclamped_run_node]: [step 31] dist=0.9183 raw_delta(rad)=[-0.02889999933540821, -0.03060000017285347, -0.024299999698996544, -0.07959999889135361, 0.07580000162124634, 0.04969999939203262] gripper_raw=0.706 -> gripper_target=0.054m object_grasped=False
[INFO] [1789117498.632201275] [phase2_unclamped_run_node]: [step 32] dist=0.9293 raw_delta(rad)=[-0.040800001472234726, -0.041099999099969864, -0.008999999612569809, -0.07959999889135361, 0.07419999688863754, 0.04699999839067459] gripper_raw=0.174 -> gripper_target=0.066m object_grasped=False
[INFO] [1789117502.841451693] [phase2_unclamped_run_node]: [step 33] dist=0.9424 raw_delta(rad)=[-0.045899998396635056, -0.04650000110268593, 0.00860000029206276, -0.07959999889135361, 0.07109999656677246, 0.04610000178217888] gripper_raw=-0.358 -> gripper_target=0.078m object_grasped=False
[INFO] [1789117507.101896559] [phase2_unclamped_run_node]: [step 34] dist=0.9561 raw_delta(rad)=[-0.04639999940991402, -0.05079999938607216, 0.02199999988079071, -0.07959999889135361, 0.06499999761581421, 0.04470000043511391] gripper_raw=-0.786 -> gripper_target=0.088m object_grasped=False
[INFO] [1789117511.361502127] [phase2_unclamped_run_node]: [step 35] dist=0.9687 raw_delta(rad)=[-0.045099999755620956, -0.05260000005364418, 0.03500000014901161, -0.07959999889135361, 0.054499998688697815, 0.04280000180006027] gripper_raw=-1.305 -> gripper_target=0.099m object_grasped=False
[INFO] [1789117515.620769365] [phase2_unclamped_run_node]: [step 36] dist=0.9798 raw_delta(rad)=[-0.046300001442432404, -0.04470000043511391, 0.04699999839067459, -0.0794999971985817, 0.03779999911785126, 0.039400000125169754] gripper_raw=-1.823 -> gripper_target=0.111m object_grasped=False
[INFO] [1789117519.879420749] [phase2_unclamped_run_node]: [step 37] dist=0.9904 raw_delta(rad)=[-0.04360000044107437, -0.03539999946951866, 0.05460000038146973, -0.07940000295639038, 0.018200000748038292, 0.03240000084042549] gripper_raw=-2.108 -> gripper_target=0.117m object_grasped=False
[INFO] [1789117523.887348668] [phase2_unclamped_run_node]: [step 38] dist=1.0003 raw_delta(rad)=[-0.03970000147819519, -0.027799999341368675, 0.05990000069141388, -0.07930000126361847, -0.002400000113993883, 0.022700000554323196] gripper_raw=-2.282 -> gripper_target=0.121m object_grasped=False
[INFO] [1789117527.946772369] [phase2_unclamped_run_node]: [step 39] dist=1.0095 raw_delta(rad)=[-0.03739999979734421, -0.019899999722838402, 0.06319999694824219, -0.07930000126361847, -0.01769999973475933, 0.010200000368058681] gripper_raw=-2.423 -> gripper_target=0.124m object_grasped=False
[INFO] [1789117532.005218340] [phase2_unclamped_run_node]: [step 40] dist=1.0187 raw_delta(rad)=[-0.036400001496076584, -0.013299999758601189, 0.06509999930858612, -0.07930000126361847, -0.028999999165534973, -0.0027000000700354576] gripper_raw=-2.541 -> gripper_target=0.127m object_grasped=False
[INFO] [1789117536.063729741] [phase2_unclamped_run_node]: [step 41] dist=1.0283 raw_delta(rad)=[-0.03610000014305115, -0.008899999782443047, 0.06620000302791595, -0.07919999957084656, -0.037300001829862595, -0.015200000256299973] gripper_raw=-2.634 -> gripper_target=0.129m object_grasped=False
[INFO] [1789117540.172165599] [phase2_unclamped_run_node]: [step 42] dist=1.0382 raw_delta(rad)=[-0.03680000081658363, -0.006200000178068876, 0.06700000166893005, -0.07919999957084656, -0.042899999767541885, -0.0272000003606081] gripper_raw=-2.706 -> gripper_target=0.130m object_grasped=False
[INFO] [1789117544.280951394] [phase2_unclamped_run_node]: [step 43] dist=1.0483 raw_delta(rad)=[-0.03869999945163727, -0.004100000020116568, 0.06750000268220901, -0.07919999957084656, -0.047200001776218414, -0.03840000182390213] gripper_raw=-2.763 -> gripper_target=0.132m object_grasped=False
[INFO] [1789117548.340213671] [phase2_unclamped_run_node]: [step 44] dist=1.0586 raw_delta(rad)=[-0.041200000792741776, -0.002300000051036477, 0.06809999793767929, -0.07909999787807465, -0.05040000006556511, -0.04830000177025795] gripper_raw=-2.804 -> gripper_target=0.132m object_grasped=False
[INFO] [1789117552.399291438] [phase2_unclamped_run_node]: [step 45] dist=1.0688 raw_delta(rad)=[-0.043800000101327896, -0.0010999999940395355, 0.06790000200271606, -0.07909999787807465, -0.052400000393390656, -0.05590000003576279] gripper_raw=-2.813 -> gripper_target=0.133m object_grasped=False
[INFO] [1789117556.257264232] [phase2_unclamped_run_node]: [step 46] dist=1.0787 raw_delta(rad)=[-0.04610000178217888, -9.999999747378752e-05, 0.0674000009894371, -0.07909999787807465, -0.05389999970793724, -0.062300000339746475] gripper_raw=-2.801 -> gripper_target=0.132m object_grasped=False
[INFO] [1789117560.266590458] [phase2_unclamped_run_node]: [step 47] dist=1.0877 raw_delta(rad)=[-0.04859999939799309, -0.0, 0.06700000166893005, -0.07909999787807465, -0.054499998688697815, -0.06719999760389328] gripper_raw=-2.786 -> gripper_target=0.132m object_grasped=False
[INFO] [1789117564.125373699] [phase2_unclamped_run_node]: [step 48] dist=1.0956 raw_delta(rad)=[-0.051500000059604645, -0.0038999998942017555, 0.06589999794960022, -0.07900000363588333, -0.055799998342990875, -0.07050000131130219] gripper_raw=-2.779 -> gripper_target=0.132m object_grasped=False
[INFO] [1789117586.565155400] [phase2_unclamped_run_node]: [step 49] dist=1.1014 raw_delta(rad)=[-0.05420000106096268, -0.008200000040233135, 0.0640999972820282, -0.07890000194311142, -0.05739999935030937, -0.07289999723434448] gripper_raw=-2.773 -> gripper_target=0.132m object_grasped=False
[INFO] [1789117590.625777552] [phase2_unclamped_run_node]: [step 50] dist=1.1049 raw_delta(rad)=[-0.05590000003576279, -0.012900000438094139, 0.0617000013589859, -0.07880000025033951, -0.05889999866485596, -0.07500000298023224] gripper_raw=-2.773 -> gripper_target=0.132m object_grasped=False
[ERROR] [1789117675.873346122] [phase2_unclamped_run_node]: [step 50] Safety mode not NORMAL after step (mode=7) -- stopping immediately.
[INFO] [1789117675.873859209] [phase2_unclamped_run_node]: === UNCLAMPED RUN ENDED ===

[exited with code 0]
