[INFO] [1789125551.433676685] [phase2_unclamped_run_node]: Loading SAC checkpoint: /home/anand/isaac_sac_checkpoints/repo/rl_logs_7hr_final/ur5e_isaac_sac_final.zip (legacy=True)
[INFO] [1789125551.861822080] [phase2_unclamped_run_node]: Checkpoint loaded.
[INFO] [1789125552.562606733] [phase2_unclamped_run_node]: Opening gripper and moving to real_home_position...
[INFO] [1789125561.479893875] [phase2_unclamped_run_node]: move_to_start: reached and verified.
[INFO] [1789125561.480211220] [phase2_unclamped_run_node]: === UNCLAMPED RUN: raw policy deltas (bounded +/-0.08rad), 0.3s/step, max 500 steps, gripper force=1.0 speed=0.3 ===
[INFO] [1789125561.482068029] [phase2_unclamped_run_node]: [step 00] dist=1.3256 raw_delta(rad)=[0.03889999911189079, 0.058800000697374344, -0.0697999969124794, -0.07169999927282333, -0.008700000122189522, -0.00989999994635582] gripper_raw=-1.216 -> gripper_target=0.097m object_grasped=False
[INFO] [1789125563.386549265] [phase2_unclamped_run_node]: [step 01] dist=1.3458 raw_delta(rad)=[0.06019999831914902, 0.03280000016093254, -0.07859999686479568, -0.07609999924898148, -0.034299999475479126, 0.06350000202655792] gripper_raw=-0.653 -> gripper_target=0.085m object_grasped=False
[INFO] [1789125565.092103590] [phase2_unclamped_run_node]: [step 02] dist=1.3793 raw_delta(rad)=[0.05739999935030937, 0.06539999693632126, -0.07810000330209732, -0.07320000231266022, -0.04820000007748604, 0.07150000333786011] gripper_raw=-0.882 -> gripper_target=0.090m object_grasped=False
[INFO] [1789125566.596335542] [phase2_unclamped_run_node]: [step 03] dist=1.3951 raw_delta(rad)=[0.04809999838471413, -0.012000000104308128, -0.07840000092983246, -0.07859999686479568, -0.03200000151991844, 0.07880000025033951] gripper_raw=-0.861 -> gripper_target=0.089m object_grasped=False
[INFO] [1789125567.700280810] [phase2_unclamped_run_node]: [step 04] dist=1.4345 raw_delta(rad)=[0.07580000162124634, -0.06700000166893005, -0.07959999889135361, -0.07540000230073929, -0.039799999445676804, 0.06939999759197235] gripper_raw=-0.211 -> gripper_target=0.075m object_grasped=False
[INFO] [1789125569.254765640] [phase2_unclamped_run_node]: [step 05] dist=1.4837 raw_delta(rad)=[0.0778999999165535, -0.03009999915957451, -0.07909999787807465, -0.07859999686479568, -0.07270000129938126, 0.07599999755620956] gripper_raw=0.436 -> gripper_target=0.060m object_grasped=False
[INFO] [1789125570.759073245] [phase2_unclamped_run_node]: [step 06] dist=1.5046 raw_delta(rad)=[0.07069999724626541, -0.05429999902844429, -0.07609999924898148, -0.07880000025033951, -0.0575999990105629, 0.07930000126361847] gripper_raw=0.918 -> gripper_target=0.050m object_grasped=False
[INFO] [1789125572.262935973] [phase2_unclamped_run_node]: [step 07] dist=1.5183 raw_delta(rad)=[0.07429999858140945, -0.026499999687075615, -0.03629999980330467, -0.07980000227689743, -0.07880000025033951, 0.07450000196695328] gripper_raw=1.699 -> gripper_target=0.032m object_grasped=False
[INFO] [1789125573.766700834] [phase2_unclamped_run_node]: [step 08] dist=1.5097 raw_delta(rad)=[0.06849999725818634, 0.06449999660253525, -0.07859999686479568, -0.07959999889135361, -0.07880000025033951, 0.0786999985575676] gripper_raw=0.915 -> gripper_target=0.050m object_grasped=False
[INFO] [1789125575.273179005] [phase2_unclamped_run_node]: [step 09] dist=1.4827 raw_delta(rad)=[0.07479999959468842, 0.05920000001788139, -0.07840000092983246, -0.07999999821186066, -0.07779999822378159, 0.0786999985575676] gripper_raw=1.854 -> gripper_target=0.029m object_grasped=False
[INFO] [1789125576.827056937] [phase2_unclamped_run_node]: [step 10] dist=1.4509 raw_delta(rad)=[0.07940000295639038, 0.011300000362098217, -0.07989999651908875, -0.07670000195503235, -0.06310000270605087, 0.07940000295639038] gripper_raw=1.203 -> gripper_target=0.043m object_grasped=False
[INFO] [1789125578.531629427] [phase2_unclamped_run_node]: [step 11] dist=1.4126 raw_delta(rad)=[0.07970000058412552, 0.052000001072883606, -0.07530000060796738, -0.07970000058412552, -0.054999999701976776, 0.07810000330209732] gripper_raw=2.244 -> gripper_target=0.020m object_grasped=False
[INFO] [1789125580.236341954] [phase2_unclamped_run_node]: [step 12] dist=1.3718 raw_delta(rad)=[0.07989999651908875, 0.041600000113248825, -0.07840000092983246, -0.07989999651908875, -0.07720000296831131, 0.04729999974370003] gripper_raw=1.956 -> gripper_target=0.026m object_grasped=False
[INFO] [1789125581.541107493] [phase2_unclamped_run_node]: [step 13] dist=1.3165 raw_delta(rad)=[0.07980000227689743, 0.056699998676776886, -0.07829999923706055, -0.07850000262260437, -0.02710000053048134, 0.06520000100135803] gripper_raw=1.852 -> gripper_target=0.029m object_grasped=False
[INFO] [1789125582.845343571] [phase2_unclamped_run_node]: [step 14] dist=1.2724 raw_delta(rad)=[0.07940000295639038, -0.05009999871253967, -0.07769999653100967, -0.07959999889135361, -0.07240000367164612, 0.06430000066757202] gripper_raw=-0.291 -> gripper_target=0.076m object_grasped=False
[INFO] [1789125584.550963723] [phase2_unclamped_run_node]: [step 15] dist=1.1866 raw_delta(rad)=[0.07970000058412552, 0.04280000180006027, -0.07919999957084656, -0.07970000058412552, -0.0649000033736229, 0.07320000231266022] gripper_raw=-0.399 -> gripper_target=0.079m object_grasped=False
[INFO] [1789125585.955903086] [phase2_unclamped_run_node]: [step 16] dist=1.1184 raw_delta(rad)=[0.07999999821186066, 0.04520000144839287, -0.07980000227689743, -0.07980000227689743, -0.032499998807907104, 0.05260000005364418] gripper_raw=1.267 -> gripper_target=0.042m object_grasped=False
[INFO] [1789125587.862093235] [phase2_unclamped_run_node]: [step 17] dist=1.0577 raw_delta(rad)=[0.07909999787807465, -0.05719999969005585, -0.07500000298023224, -0.07259999960660934, -0.04270000010728836, 0.07569999992847443] gripper_raw=-2.409 -> gripper_target=0.124m object_grasped=False
[INFO] [1789125590.118667973] [phase2_unclamped_run_node]: [step 18] dist=0.9633 raw_delta(rad)=[0.07930000126361847, 0.0544000007212162, -0.07980000227689743, -0.0794999971985817, -0.06669999659061432, -0.010900000110268593] gripper_raw=-3.006 -> gripper_target=0.137m object_grasped=False
[INFO] [1789125591.624130913] [phase2_unclamped_run_node]: [step 19] dist=0.9005 raw_delta(rad)=[0.07980000227689743, -0.009999999776482582, -0.06270000338554382, -0.0786999985575676, -0.009800000116229057, 0.07020000368356705] gripper_raw=-3.110 -> gripper_target=0.139m object_grasped=False
[INFO] [1789125592.978031732] [phase2_unclamped_run_node]: [step 20] dist=0.8339 raw_delta(rad)=[0.07989999651908875, 0.010200000368058681, -0.04809999838471413, -0.07980000227689743, -0.07689999788999557, 0.044599998742341995] gripper_raw=-3.113 -> gripper_target=0.139m object_grasped=False
[INFO] [1789125594.285862834] [phase2_unclamped_run_node]: [step 21] dist=0.7775 raw_delta(rad)=[0.07999999821186066, 0.0568000003695488, -0.07639999687671661, -0.07940000295639038, -0.0778999999165535, 0.004600000102072954] gripper_raw=-3.104 -> gripper_target=0.139m object_grasped=False
[INFO] [1789125595.389069786] [phase2_unclamped_run_node]: [step 22] dist=0.7416 raw_delta(rad)=[0.07970000058412552, 0.07909999787807465, -0.07850000262260437, -0.05730000138282776, -0.039500001817941666, 0.0494999997317791] gripper_raw=-3.028 -> gripper_target=0.137m object_grasped=False
[INFO] [1789125596.743089677] [phase2_unclamped_run_node]: [step 23] dist=0.7306 raw_delta(rad)=[0.07339999824762344, 0.07360000163316727, -0.05950000137090683, -0.06750000268220901, -0.06210000067949295, 0.06859999895095825] gripper_raw=-3.066 -> gripper_target=0.138m object_grasped=False
[INFO] [1789125598.047880030] [phase2_unclamped_run_node]: [step 24] dist=0.7367 raw_delta(rad)=[0.0608999989926815, 0.06629999727010727, -0.04809999838471413, -0.07970000058412552, -0.011300000362098217, 0.07769999653100967] gripper_raw=-3.110 -> gripper_target=0.139m object_grasped=False
[INFO] [1789125599.351944258] [phase2_unclamped_run_node]: [step 25] dist=0.7469 raw_delta(rad)=[-0.042399998754262924, 0.07919999957084656, -0.07970000058412552, -0.0364999994635582, -0.06270000338554382, 0.07940000295639038] gripper_raw=-1.339 -> gripper_target=0.100m object_grasped=False
[INFO] [1789125601.256514476] [phase2_unclamped_run_node]: [step 26] dist=0.7546 raw_delta(rad)=[-0.03840000182390213, 0.07739999890327454, -0.07999999821186066, -0.06780000030994415, -0.06520000100135803, 0.07970000058412552] gripper_raw=-2.178 -> gripper_target=0.119m object_grasped=False
[INFO] [1789125602.811297814] [phase2_unclamped_run_node]: [step 27] dist=0.7732 raw_delta(rad)=[-0.023399999365210533, 0.05829999968409538, -0.07980000227689743, -0.035999998450279236, -0.027400000020861626, 0.07940000295639038] gripper_raw=-0.502 -> gripper_target=0.081m object_grasped=False
[INFO] [1789125604.516471509] [phase2_unclamped_run_node]: [step 28] dist=0.7719 raw_delta(rad)=[-0.04439999908208847, 0.07249999791383743, -0.07999999821186066, -0.042500000447034836, -0.05959999933838844, 0.07729999721050262] gripper_raw=-1.354 -> gripper_target=0.100m object_grasped=False
[INFO] [1789125606.071756405] [phase2_unclamped_run_node]: [step 29] dist=0.7881 raw_delta(rad)=[0.0035000001080334187, 0.0794999971985817, -0.07959999889135361, -0.05310000106692314, -0.021299999207258224, 0.07410000264644623] gripper_raw=0.532 -> gripper_target=0.058m object_grasped=False
[ERROR] [1789125607.976163288] [phase2_unclamped_run_node]: [step 29] Safety mode not NORMAL after step (mode=3) -- stopping immediately.
[INFO] [1789125607.976907903] [phase2_unclamped_run_node]: === UNCLAMPED RUN ENDED ===

[exited with code 0]
