Initializing UR5e Isaac Sim Environment for SAC (1 parallel instance(s))...
Starting kit application with the following args:  ['/venv/isaac51/lib/python3.11/site-packages/isaacsim/exts/isaacsim.simulation_app/isaacsim/simulation_app/simulation_app.py', '/venv/isaac51/lib/python3.11/site-packages/isaacsim/apps/isaacsim.exp.base.python.kit', '--/app/tokens/exe-path=/venv/isaac51/lib/python3.11/site-packages/isaacsim/kit', '--/persistent/app/viewport/displayOptions=3094', '--/rtx/materialDb/syncLoads=True', '--/rtx/hydra/materialSyncLoads=True', '--/omni.kit.plugin/syncUsdLoads=True', '--/app/renderer/resolution/width=1280', '--/app/renderer/resolution/height=720', '--/app/window/width=1440', '--/app/window/height=900', '--/renderer/multiGpu/enabled=True', '--/app/fastShutdown=True', '--/app/installSignalHandlers=0', '--ext-folder', '/venv/isaac51/lib/python3.11/site-packages/isaacsim/exts', '--ext-folder', '/venv/isaac51/lib/python3.11/site-packages/isaacsim/apps', '--/physics/cudaDevice=0', '--/plugins/carb.tasking.plugin/threadCount=32', '--/plugins/omni.tbb.globalcontrol/maxThreadCount=32', '--portable', '--no-window', '--/app/window/hideUi=1', '--allow-root']
Passing the following args to the base kit application:  ['--num-envs', '1', '--total-timesteps', '20000', '--device', 'cuda', '--log-dir', '/root/trial_coldstart2', '--resume', '/root/coldstart2_resume/ur5e_isaac_sac_10000_steps.zip', '--headless']
[Info] [carb] Logging to file: /venv/isaac51/lib/python3.11/site-packages/isaacsim/kit/logs/Kit/Isaac-Sim Python/5.1/kit_20260910_124510.log
[0.089s] [ext: omni.kit.async_engine-0.0.3] startup
[0.335s] [ext: omni.metrics.core-0.0.3] startup
[0.336s] [ext: omni.client.lib-1.1.0] startup
[0.355s] [ext: omni.blobkey-1.1.2] startup
[0.355s] [ext: omni.stats-1.0.1] startup
[0.356s] [ext: omni.datastore-0.0.0] startup
[0.363s] [ext: omni.client-1.3.0] startup
[0.370s] [ext: omni.ujitso.default-1.0.0] startup
[0.373s] [ext: omni.hsscclient-1.1.2] startup
[0.382s] [ext: omni.gpu_foundation.shadercache.vulkan-1.0.0] startup
[0.384s] [ext: omni.assets.plugins-0.0.0] startup
[0.387s] [ext: omni.gpu_foundation-0.0.0] startup
[0.399s] [ext: carb.windowing.plugins-1.0.0] startup
2026-09-10T12:45:10Z [364ms] [Warning] [carb.windowing-glfw.plugin] GLFW initialization failed.
2026-09-10T12:45:10Z [364ms] [Warning] [carb] Failed to startup plugin carb.windowing-glfw.plugin (interfaces: [carb::windowing::IGLContext v1.0],[carb::windowing::IWindowing v1.5]) (impl: carb.windowing-glfw.plugin)
[0.401s] [ext: omni.kit.renderer.init-0.0.0] startup
2026-09-10T12:45:10Z [434ms] [Warning] [omni.platforminfo.plugin] failed to open the default display.  Can't verify X Server version.

|---------------------------------------------------------------------------------------------|
| Driver Version: 590.48.01     | Graphics API: Vulkan
|=============================================================================================|
| GPU | Name                             | Active | LDA | GPU Memory | Vendor-ID | LUID       |
|     |                                  |        |     |            | Device-ID | UUID       |
|     |                                  |        |     |            | Bus-ID    |            |
|---------------------------------------------------------------------------------------------|
| 0   | NVIDIA GeForce RTX 3070          | Yes: 0 |     | 8438    MB | 10de      | 0          |
|     |                                  |        |     |            | 2488      | 1f65d118.. |
|     |                                  |        |     |            | 81        |            |
|=============================================================================================|
| OS: 24.04.4 LTS (Noble Numbat) ubuntu, Version: 24.04.4, Kernel: 6.8.0-136-generic
| Processor: AMD EPYC 7402 24-Core Processor
| Bare Metal Cores: 24 | Bare Metal Logical Cores: 48
| Core Usage Quota: 15.36
|---------------------------------------------------------------------------------------------|
| Total Memory (MB): 142771 | Free Memory: 142061
| Total Page/Swap (MB): 32767 | Free Page/Swap: 32765
|---------------------------------------------------------------------------------------------|
[1.614s] [ext: omni.materialx.libs-1.0.7] startup
[1.625s] [ext: omni.kit.telemetry-0.5.2] startup
[1.678s] [ext: omni.usd.config-1.0.6] startup
[1.687s] [ext: omni.gpucompute.plugins-0.0.0] startup
[1.688s] [ext: omni.usd.libs-1.0.1] startup
[1.834s] [ext: omni.kit.loop-isaac-1.3.7] startup
[1.836s] [ext: omni.kit.test-2.0.1] startup
[1.884s] [ext: omni.mdl-56.0.3] startup
[1.915s] [ext: omni.iray.libs-0.0.0] startup
[1.924s] [ext: omni.mdl.neuraylib-0.2.12] startup
[1.927s] [ext: omni.kit.usd.mdl-1.1.5] startup
[2.085s] [ext: omni.kit.pipapi-0.0.0] startup
[2.086s] [ext: omni.appwindow-1.1.10] startup
2026-09-10T12:45:12Z [2,051ms] [Warning] [carb.windowing-glfw.plugin] GLFW initialization failed.
2026-09-10T12:45:12Z [2,051ms] [Warning] [carb] Failed to startup plugin carb.windowing-glfw.plugin (interfaces: [carb::windowing::IGLContext v1.0],[carb::windowing::IWindowing v1.5]) (impl: carb.windowing-glfw.plugin)
[2.090s] [ext: omni.kit.renderer.core-1.1.0] startup
2026-09-10T12:45:12Z [2,073ms] [Warning] [carb.windowing-glfw.plugin] GLFW initialization failed.
2026-09-10T12:45:12Z [2,073ms] [Warning] [carb] Failed to startup plugin carb.windowing-glfw.plugin (interfaces: [carb::windowing::IGLContext v1.0],[carb::windowing::IWindowing v1.5]) (impl: carb.windowing-glfw.plugin)
2026-09-10T12:45:12Z [2,085ms] [Warning] [carb.windowing-glfw.plugin] GLFW initialization failed.
2026-09-10T12:45:12Z [2,085ms] [Warning] [carb] Failed to startup plugin carb.windowing-glfw.plugin (interfaces: [carb::windowing::IGLContext v1.0],[carb::windowing::IWindowing v1.5]) (impl: carb.windowing-glfw.plugin)
[2.125s] [ext: omni.kit.renderer.capture-0.0.0] startup
[2.129s] [ext: omni.kit.renderer.imgui-2.0.5] startup
2026-09-10T12:45:12Z [2,101ms] [Warning] [carb.windowing-glfw.plugin] GLFW initialization failed.
2026-09-10T12:45:12Z [2,101ms] [Warning] [carb] Failed to startup plugin carb.windowing-glfw.plugin (interfaces: [carb::windowing::IGLContext v1.0],[carb::windowing::IWindowing v1.5]) (impl: carb.windowing-glfw.plugin)
2026-09-10T12:45:12Z [2,103ms] [Warning] [carb.windowing-glfw.plugin] GLFW initialization failed.
2026-09-10T12:45:12Z [2,103ms] [Warning] [carb] Failed to startup plugin carb.windowing-glfw.plugin (interfaces: [carb::windowing::IGLContext v1.0],[carb::windowing::IWindowing v1.5]) (impl: carb.windowing-glfw.plugin)
2026-09-10T12:45:12Z [2,104ms] [Warning] [carb.windowing-glfw.plugin] GLFW initialization failed.
2026-09-10T12:45:12Z [2,104ms] [Warning] [carb] Failed to startup plugin carb.windowing-glfw.plugin (interfaces: [carb::windowing::IGLContext v1.0],[carb::windowing::IWindowing v1.5]) (impl: carb.windowing-glfw.plugin)
[2.219s] [ext: omni.ui-2.27.1] startup
[2.234s] [ext: omni.kit.mainwindow-1.0.3] startup
[2.235s] [ext: carb.audio-0.1.0] startup
[2.247s] [ext: omni.uiaudio-1.0.0] startup
[2.249s] [ext: omni.kit.uiapp-0.0.0] startup
[2.249s] [ext: omni.usd.schema.metrics.assembler-107.3.1] startup
[2.253s] [ext: omni.usd.schema.physx-107.3.26] startup
[2.306s] [ext: omni.usd.schema.geospatial-0.0.0] startup
[2.309s] [ext: omni.usd.schema.audio-0.0.0] startup
[2.314s] [ext: omni.usd.schema.anim-0.0.0] startup
[2.340s] [ext: omni.usd.schema.flow-107.1.1] startup
[2.341s] [ext: omni.usd_resolver-1.0.0] startup
[2.347s] [ext: omni.usd.core-1.5.3] startup
[2.350s] [ext: omni.usd.schema.omni_sensors-0.0.0] startup
[2.375s] [ext: omni.usd.schema.semantics-0.0.0] startup
[2.379s] [ext: omni.usd.schema.omniscripting-1.0.0] startup
[2.384s] [ext: omni.usd.schema.omni_lens_distortion-0.0.0] startup
[2.385s] [ext: omni.usd.schema.omnigraph-1.0.0] startup
[2.392s] [ext: omni.kit.window.popup_dialog-2.0.24] startup
[2.399s] [ext: omni.graph.exec-0.9.6] startup
[2.400s] [ext: omni.kit.widget.nucleus_connector-2.0.1] startup
[2.403s] [ext: omni.kit.usd_undo-0.1.8] startup
[2.403s] [ext: omni.kit.exec.core-0.13.4] startup
[2.406s] [ext: omni.kit.actions.core-1.0.0] startup
[2.409s] [ext: omni.resourcemonitor-107.0.1] startup
[2.412s] [ext: omni.activity.core-1.0.3] startup
[2.414s] [ext: omni.timeline-1.0.14] startup
[2.417s] [ext: omni.kit.commands-1.4.10] startup
[2.422s] [ext: usdrt.scenegraph-7.6.1] startup
[2.485s] [ext: omni.kit.audiodeviceenum-1.0.2] startup
[2.487s] [ext: omni.hydra.usdrt_delegate-7.5.1] startup
[2.499s] [ext: omni.hydra.scene_delegate-0.3.4] startup
[2.506s] [ext: omni.usd-1.13.10] startup
[2.546s] [ext: omni.inspect-1.0.2] startup
[2.547s] [ext: omni.kit.notification_manager-1.0.10] startup
[2.549s] [ext: omni.graph.core-2.184.5] startup
[2.553s] [ext: isaacsim.core.deprecation_manager-0.2.7] startup
[2.554s] [ext: omni.anim.graph.schema-107.3.3] startup
[2.567s] [ext: omni.usd.schema.isaac-3.0.5] startup
[2.567s] [ext: omni.anim.navigation.schema-107.3.3] startup
[2.572s] [ext: omni.kit.asset_converter-5.0.17] startup
[2.587s] [ext: isaacsim.robot.schema-3.6.0] startup
[2.598s] [ext: omni.usd.schema.render_settings.rtx-0.0.0] startup
[2.599s] [ext: omni.kit.menu.core-1.1.2] startup
[2.600s] [ext: omni.kit.widget.path_field-2.0.11] startup
[2.601s] [ext: omni.kit.widget.context_menu-1.2.5] startup
[2.602s] [ext: omni.kit.widget.browser_bar-2.0.10] startup
[2.603s] [ext: omni.kit.clipboard-1.0.5] startup
[2.604s] [ext: omni.kit.numpy.common-0.1.3] startup
[2.606s] [ext: omni.kit.widget.options_menu-1.1.6] startup
[2.610s] [ext: omni.kit.helper.file_utils-0.1.9] startup
[2.611s] [ext: omni.ui.scene-1.11.5] startup
[2.618s] [ext: omni.kit.widget.options_button-1.0.3] startup
[2.619s] [ext: omni.kit.widget.filebrowser-2.12.3] startup
[2.624s] [ext: omni.kit.usd.layers-2.2.11] startup
[2.635s] [ext: omni.kit.window.filepicker-2.13.4] startup
[2.655s] [ext: omni.kit.hotkeys.core-1.3.10] startup
[2.660s] [ext: omni.kit.context_menu-1.8.6] startup
[2.663s] [ext: omni.kit.property.adapter.core-1.0.2] startup
[2.667s] [ext: omni.kit.window.file_exporter-1.0.33] startup
[2.670s] [ext: omni.kit.widget.searchfield-1.1.8] startup
[2.672s] [ext: omni.kit.widget.filter-1.1.4] startup
[2.673s] [ext: omni.kit.widget.graph-2.0.0] startup
[2.680s] [ext: omni.kit.widget.stage-3.1.4] startup
[2.696s] [ext: omni.kit.property.adapter.usd-1.0.2] startup
[2.697s] [ext: omni.kit.property.adapter.fabric-1.0.3] startup
[2.698s] [ext: omni.kit.graph.delegate.default-1.2.3] startup
[2.699s] [ext: omni.kit.window.file_importer-1.1.18] startup
[2.700s] [ext: omni.kit.stage_template.core-1.1.22] startup
[2.701s] [ext: omni.kit.menu.utils-2.0.5] startup
[2.707s] [ext: omni.kit.window.file-2.0.5] startup
[2.710s] [ext: omni.kit.widget.highlight_label-1.0.3] startup
[2.711s] [ext: omni.kit.window.drop_support-1.0.5] startup
[2.711s] [ext: omni.kit.window.content_browser_registry-0.0.6] startup
[2.712s] [ext: omni.kit.window.property-1.12.1] startup
[2.716s] [ext: omni.kit.window.content_browser-3.1.3] startup
[2.734s] [ext: isaacsim.core.version-2.0.6] startup
[2.735s] [ext: omni.kit.property.usd-4.5.12] startup
[2.750s] [ext: omni.kit.graph.editor.core-1.5.3] startup
[2.754s] [ext: omni.kit.material.library-2.0.7] startup
[2.760s] [ext: omni.kit.graph.usd.commands-1.3.1] startup
[2.761s] [ext: omni.kvdb-107.3.26] startup
[2.766s] [ext: omni.usdphysics-107.3.26] startup
[2.769s] [ext: omni.physx.foundation-107.3.26] startup
[2.772s] [ext: omni.localcache-107.3.26] startup
[2.774s] [ext: omni.convexdecomposition-107.3.26] startup
[2.778s] [ext: omni.physics-107.3.26] startup
[2.782s] [ext: omni.physx.cooking-107.3.26] startup
[2.787s] [ext: omni.physics.stageupdate-107.3.26] startup
[2.790s] [ext: omni.physx-107.3.26] startup
[2.807s] [ext: omni.index.libs-380600.8087.0] startup
[2.807s] [ext: omni.physics.physx-107.3.26] startup
2026-09-10T12:45:13Z [2,773ms] [Warning] [carb] Acquiring non optional plugin interface which is not listed as dependency: [omni::physx::IPhysxBenchmarks v1.0] (plugin: <default plugin>), by client: omni.physics.physx.plugin. Add it to CARB_PLUGIN_IMPL_DEPS() macro of a client.
[2.810s] [ext: omni.index-1.0.1] startup
[2.811s] [ext: omni.volume-0.5.2] startup
[2.814s] [ext: omni.ujitso.client-0.0.0] startup
[2.815s] [ext: omni.hydra.rtx.shadercache.vulkan-1.0.0] startup
[2.816s] [ext: omni.kit.widget.searchable_combobox-1.0.6] startup
[2.818s] [ext: omni.hydra.rtx-1.0.0] startup
2026-09-10T12:45:13Z [2,806ms] [Warning] [omni.log] Source: omni.hydra was already registered.
[2.871s] [ext: omni.kit.widget.settings-1.2.6] startup
[2.875s] [ext: omni.kit.hydra_texture-1.4.6] startup
[2.881s] [ext: omni.graph.tools-1.79.2] startup
[2.913s] [ext: omni.kit.window.preferences-1.8.0] startup
[2.919s] [ext: omni.kit.widget.material_preview-1.0.16] startup
[2.921s] [ext: omni.graph-1.141.2] startup
[2.981s] [ext: omni.kit.window.material_graph-1.9.1] startup
[2.995s] [ext: omni.isaac.dynamic_control-2.0.7] startup
2026-09-10T12:45:13Z [2,968ms] [Warning] [omni.isaac.dynamic_control] omni.isaac.dynamic_control is deprecated as of Isaac Sim 4.5. No action is needed from end-users.
[3.005s] [ext: isaacsim.storage.native-1.5.1] startup
[3.009s] [ext: omni.graph.scriptnode-1.50.0] startup
[3.012s] [ext: omni.hydra.engine.stats-1.0.3] startup
[3.020s] [ext: omni.kit.viewport.legacy_gizmos-1.0.19] startup
[3.023s] [ext: omni.kit.raycast.query-1.1.0] startup
[3.031s] [ext: omni.graph.action_core-1.1.7] startup
[3.038s] [ext: omni.kit.viewport.scene_camera_model-1.0.6] startup
[3.045s] [ext: omni.graph.image.core-0.6.1] startup
[3.047s] [ext: omni.kit.widget.viewport-107.1.3] startup
[3.057s] [ext: omni.kit.viewport.registry-104.0.6] startup
[3.059s] [ext: omni.usd.metrics.assembler-107.3.1] startup
[3.067s] [ext: omni.kit.viewport.window-107.2.0] startup
[3.094s] [ext: omni.kit.viewport.menubar.core-107.2.1] startup
[3.115s] [ext: omni.graph.image.nodes-1.3.1] startup
[3.117s] [ext: omni.usd.metrics.assembler.physics-107.3.26] startup
[3.120s] [ext: omni.warp.core-1.8.2] startup
[3.407s] [ext: omni.kit.viewport.utility-1.1.2] startup
[3.410s] [ext: omni.physics.tensors-107.3.26] startup
[3.418s] [ext: omni.syntheticdata-0.6.13] startup
[3.459s] [ext: isaacsim.test.docstring-1.1.0] startup
[3.468s] [ext: isaacsim.core.utils-3.5.1] startup
[3.477s] [ext: omni.physx.tensors-107.3.26] startup
[3.489s] [ext: omni.graph.nodes-1.170.10] startup
[3.506s] [ext: omni.graph.action_nodes-1.50.4] startup
[3.512s] [ext: omni.kit.primitive.mesh-1.0.17] startup
[3.528s] [ext: isaacsim.core.simulation_manager-1.4.4] startup
[3.970s] [ext: omni.graph.ui_nodes-1.50.5] startup
[3.979s] [ext: omni.graph.action-1.130.0] startup
[3.979s] [ext: omni.kit.stage_templates-2.0.0] startup
[3.988s] [ext: isaacsim.core.prims-0.6.1] startup
[4.039s] [ext: omni.warp-1.8.2] startup
[4.051s] [ext: omni.videoencoding-0.1.2] startup
[4.058s] [ext: isaacsim.core.api-4.8.0] startup
[4.101s] [ext: isaacsim.core.experimental.utils-0.3.0] startup
[4.113s] [ext: omni.replicator.core-1.12.27] startup
2026-09-10T12:45:14Z [4,109ms] [Warning] [pxr.Semantics] pxr.Semantics is deprecated - please use Semantics instead
Warp 1.8.2 initialized:
   CUDA Toolkit 12.8, Driver 13.1
   Devices:
     "cpu"      : "x86_64"
     "cuda:0"   : "NVIDIA GeForce RTX 3070" (8 GiB, sm_86, mempool enabled)
   Kernel cache:
     /root/.cache/warp/1.8.2
2026-09-10T12:45:14Z [4,364ms] [Warning] [omni.graph.core.plugin] Found duplicate of category 'Replicator' - was 'Annotators', adding 'Fabric Reader'
2026-09-10T12:45:14Z [4,364ms] [Warning] [omni.graph.core.plugin] Category 'Replicator' not accepted on node type 'omni.replicator.core.FabricReader' in extension 'omni.replicator.core'
2026-09-10T12:45:14Z [4,365ms] [Warning] [omni.replicator.core.scripts.extension] No material configuration file, adding configuration to material settings directly.
[4.407s] [ext: isaacsim.core.experimental.prims-0.8.1] startup
[4.485s] [ext: omni.kit.window.extensions-1.4.27] startup
[4.503s] [ext: isaacsim.core.experimental.objects-0.4.0] startup
[4.512s] [ext: omni.ui_query-1.1.8] startup
[4.518s] [ext: omni.kit.manipulator.viewport-107.0.1] startup
[4.521s] [ext: isaacsim.robot.surface_gripper-3.3.1] startup
[4.534s] [ext: omni.kit.ui_test-1.3.7] startup
[4.544s] [ext: omni.graph.visualization.nodes-2.1.3] startup
[4.587s] [ext: isaacsim.robot_motion.lula-4.0.8] startup
[4.611s] [ext: isaacsim.core.nodes-3.4.3] startup
[4.657s] [ext: isaacsim.gui.components-1.2.1] startup
[4.697s] [ext: isaacsim.robot_motion.motion_generation-8.0.26] startup
[4.780s] [ext: isaacsim.robot.manipulators-3.3.6] startup
[4.805s] [ext: isaacsim.core.experimental.materials-0.4.0] startup
[4.827s] [ext: isaacsim.robot.manipulators.examples-1.1.2] startup
[4.835s] [ext: isaacsim.cortex.framework-1.0.12] startup
[4.847s] [ext: isaacsim.cortex.behaviors-2.0.14] startup
[4.849s] [ext: omni.isaac.cortex.sample_behaviors-2.0.5] startup
2026-09-10T12:45:15Z [4,817ms] [Warning] [omni.isaac.cortex] omni.isaac.cortex has been deprecated in favor of isaacsim.cortex.framework. Please update your code accordingly.
2026-09-10T12:45:15Z [4,819ms] [Warning] [omni.isaac.cortex.sample_behaviors] omni.isaac.cortex.sample_behaviors has been deprecated in favor of isaacsim.cortex.behaviors. Please update your code accordingly.
[4.857s] [ext: omni.kit.widget.zoombar-1.0.6] startup
[4.877s] [ext: isaacsim.gui.content_browser-0.1.11] startup
[4.906s] [ext: omni.kit.browser.core-2.3.13] startup
[4.963s] [ext: omni.kit.widget.stage_icons-1.0.8] startup
[4.970s] [ext: omni.kit.widget.prompt-1.0.7] startup
[4.974s] [ext: omni.kit.usd.collect-2.4.5] startup
[4.998s] [ext: omni.kit.browser.folder.core-1.10.9] startup
[5.102s] [ext: omni.kit.window.stage-2.6.1] startup
[5.132s] [ext: omni.kit.usdz_export-1.0.9] startup
[5.145s] [ext: omni.kit.tool.collect-2.2.18] startup
[5.187s] [ext: omni.kit.menu.stage-1.2.7] startup
[5.231s] [ext: omni.kit.tool.asset_importer-4.3.2] startup
[5.302s] [ext: isaacsim.robot.wheeled_robots-4.0.24] startup
[5.368s] [ext: isaacsim.examples.browser-0.2.1] startup
[5.431s] [ext: isaacsim.asset.importer.urdf-2.4.30] startup
Warp DeprecationWarning: The `warp.sim` module is deprecated and will be removed in v1.10. Please transition to using the forthcoming Newton library instead.
[5.756s] [ext: omni.isaac.wheeled_robots-3.0.7] startup
2026-09-10T12:45:16Z [5,723ms] [Warning] [omni.isaac.wheeled_robots] omni.isaac.wheeled_robots has been deprecated in favor of isaacsim.robot.wheeled_robots. Please update your code accordingly.
2026-09-10T12:45:16Z [5,724ms] [Warning] [omni.isaac.wheeled_robots.controllers] omni.isaac.wheeled_robots has been deprecated in favor of isaacsim.robot.wheeled_robots. Please update your code accordingly.
2026-09-10T12:45:16Z [5,724ms] [Warning] [omni.isaac.wheeled_robots.controllers.ackermann_controller] omni.isaac.wheeled_robots has been deprecated in favor of isaacsim.robot.wheeled_robots. Please update your code accordingly.
2026-09-10T12:45:16Z [5,725ms] [Warning] [omni.isaac.wheeled_robots.controllers.differential_controller] omni.isaac.wheeled_robots has been deprecated in favor of isaacsim.robot.wheeled_robots. Please update your code accordingly.
2026-09-10T12:45:16Z [5,726ms] [Warning] [omni.isaac.wheeled_robots.controllers.holonomic_controller] omni.isaac.wheeled_robots has been deprecated in favor of isaacsim.robot.wheeled_robots. Please update your code accordingly.
2026-09-10T12:45:16Z [5,727ms] [Warning] [omni.isaac.wheeled_robots.controllers.quintic_path_planner] omni.isaac.wheeled_robots has been deprecated in favor of isaacsim.robot.wheeled_robots. Please update your code accordingly.
2026-09-10T12:45:16Z [5,728ms] [Warning] [omni.isaac.wheeled_robots.controllers.stanley_control] omni.isaac.wheeled_robots has been deprecated in favor of isaacsim.robot.wheeled_robots. Please update your code accordingly.
2026-09-10T12:45:16Z [5,729ms] [Warning] [omni.isaac.wheeled_robots.controllers.wheel_base_pose_controller] omni.isaac.wheeled_robots has been deprecated in favor of isaacsim.robot.wheeled_robots. Please update your code accordingly.
2026-09-10T12:45:16Z [5,731ms] [Warning] [omni.isaac.wheeled_robots.impl] omni.isaac.wheeled_robots has been deprecated in favor of isaacsim.robot.wheeled_robots. Please update your code accordingly.
2026-09-10T12:45:16Z [5,731ms] [Warning] [omni.isaac.wheeled_robots.robots] omni.isaac.wheeled_robots has been deprecated in favor of isaacsim.robot.wheeled_robots. Please update your code accordingly.
2026-09-10T12:45:16Z [5,732ms] [Warning] [omni.isaac.wheeled_robots.robots.holonomic_robot_usd_setup] omni.isaac.wheeled_robots has been deprecated in favor of isaacsim.robot.wheeled_robots. Please update your code accordingly.
2026-09-10T12:45:16Z [5,744ms] [Warning] [omni.isaac.wheeled_robots.robots.wheeled_robot] omni.isaac.wheeled_robots has been deprecated in favor of isaacsim.robot.wheeled_robots. Please update your code accordingly.
[5.784s] [ext: isaacsim.simulation_app-2.12.2] startup
[5.790s] [ext: omni.isaac.franka-1.0.7] startup
2026-09-10T12:45:16Z [5,757ms] [Warning] [omni.isaac.franka] omni.isaac.franka has been deprecated in favor of isaacsim.robot.manipulators.examples.franka. Please update your code accordingly.
2026-09-10T12:45:16Z [5,758ms] [Warning] [omni.isaac.franka.franka] omni.isaac.franka has been deprecated in favor of isaacsim.robot.manipulators.examples.franka. Please update your code accordingly.
2026-09-10T12:45:16Z [5,809ms] [Warning] [omni.isaac.franka.kinematics_solver] omni.isaac.franka has been deprecated in favor of isaacsim.robot.manipulators.examples.franka. Please update your code accordingly.
[5.846s] [ext: omni.isaac.kit-2.0.6] startup
2026-09-10T12:45:16Z [5,814ms] [Warning] [omni.isaac.kit] omni.isaac.kit has been deprecated in favor of isaacsim.simulation_app. Please update your code accordingly.
[5.851s] [ext: omni.kit.selection-0.1.6] startup
[5.856s] [ext: omni.isaac.lula-4.0.6] startup
2026-09-10T12:45:16Z [5,821ms] [Warning] [omni.isaac.lula] omni.isaac.lula has been deprecated in favor of isaacsim.robot_motion.lula. Please update your code accordingly.
[5.859s] [ext: isaacsim.robot_motion.lula_test_widget-1.0.12] startup
[5.864s] [ext: isaacsim.asset.browser-1.3.23] startup
[5.980s] [ext: omni.kit.viewport.actions-107.0.2] startup
[5.990s] [ext: isaacsim.gui.menu-2.4.4] startup
[5.999s] [ext: omni.isaac.manipulators-3.0.7] startup
2026-09-10T12:45:16Z [5,965ms] [Warning] [omni.isaac.manipulators] omni.isaac.manipulators has been deprecated in favor of isaacsim.robot.manipulators. Please update your code accordingly.
2026-09-10T12:45:16Z [5,965ms] [Warning] [omni.isaac.manipulators.controllers] omni.isaac.manipulators has been deprecated in favor of isaacsim.robot.manipulators. Please update your code accordingly.
2026-09-10T12:45:16Z [5,965ms] [Warning] [omni.isaac.manipulators.controllers.pick_place_controller] omni.isaac.manipulators has been deprecated in favor of isaacsim.robot.manipulators. Please update your code accordingly.
2026-09-10T12:45:16Z [5,967ms] [Warning] [omni.isaac.manipulators.controllers.stacking_controller] omni.isaac.manipulators has been deprecated in favor of isaacsim.robot.manipulators. Please update your code accordingly.
2026-09-10T12:45:16Z [5,969ms] [Warning] [omni.isaac.manipulators.grippers] omni.isaac.manipulators has been deprecated in favor of isaacsim.robot.manipulators. Please update your code accordingly.
2026-09-10T12:45:16Z [5,969ms] [Warning] [omni.isaac.manipulators.grippers.gripper] omni.isaac.manipulators has been deprecated in favor of isaacsim.robot.manipulators. Please update your code accordingly.
2026-09-10T12:45:16Z [5,969ms] [Warning] [omni.isaac.manipulators.grippers.parallel_gripper] omni.isaac.manipulators has been deprecated in favor of isaacsim.robot.manipulators. Please update your code accordingly.
2026-09-10T12:45:16Z [5,969ms] [Warning] [omni.isaac.manipulators.grippers.surface_gripper] omni.isaac.manipulators has been deprecated in favor of isaacsim.robot.manipulators. Please update your code accordingly.
2026-09-10T12:45:16Z [5,970ms] [Warning] [omni.isaac.manipulators.manipulators] omni.isaac.manipulators has been deprecated in favor of isaacsim.robot.manipulators. Please update your code accordingly.
2026-09-10T12:45:16Z [5,970ms] [Warning] [omni.isaac.manipulators.manipulators.single_manipulator] omni.isaac.manipulators has been deprecated in favor of isaacsim.robot.manipulators. Please update your code accordingly.
[6.007s] [ext: omni.isaac.lula_test_widget-1.0.6] startup
2026-09-10T12:45:16Z [5,977ms] [Warning] [omni.isaac.lula_test_widget] omni.isaac.lula_test_widget has been deprecated in favor of isaacsim.robot_motion.lula_test_widget. Please update your code accordingly.
[6.014s] [ext: omni.isaac.asset_browser-1.0.6] startup
2026-09-10T12:45:16Z [5,982ms] [Warning] [omni.isaac.asset_browser] omni.isaac.asset_browser has been deprecated in favor of isaacsim.asset.browser. Please update your code accordingly.
[6.019s] [ext: omni.kit.viewport.menubar.display-107.0.3] startup
[6.027s] [ext: omni.isaac.menu-1.0.6] startup
2026-09-10T12:45:16Z [5,993ms] [Warning] [omni.isaac.menu] omni.isaac.menu has been deprecated in favor of isaacsim.gui.menu. Please update your code accordingly.
[6.030s] [ext: omni.isaac.motion_generation-8.0.7] startup
2026-09-10T12:45:16Z [5,997ms] [Warning] [omni.isaac.motion_generation] omni.isaac.motion_generation has been deprecated in favor of isaacsim.robot_motion.motion_generation. Please update your code accordingly.
2026-09-10T12:45:16Z [5,998ms] [Warning] [omni.isaac.motion_generation.articulation_kinematics_solver] omni.isaac.motion_generation has been deprecated in favor of isaacsim.robot_motion.motion_generation. Please update your code accordingly.
2026-09-10T12:45:16Z [5,998ms] [Warning] [omni.isaac.motion_generation.articulation_motion_policy] omni.isaac.motion_generation has been deprecated in favor of isaacsim.robot_motion.motion_generation. Please update your code accordingly.
2026-09-10T12:45:16Z [5,998ms] [Warning] [omni.isaac.motion_generation.articulation_trajectory] omni.isaac.motion_generation has been deprecated in favor of isaacsim.robot_motion.motion_generation. Please update your code accordingly.
2026-09-10T12:45:16Z [6,001ms] [Warning] [omni.isaac.motion_generation.kinematics_interface] omni.isaac.motion_generation has been deprecated in favor of isaacsim.robot_motion.motion_generation. Please update your code accordingly.
2026-09-10T12:45:16Z [6,001ms] [Warning] [omni.isaac.motion_generation.lula] omni.isaac.motion_generation has been deprecated in favor of isaacsim.robot_motion.motion_generation. Please update your code accordingly.
2026-09-10T12:45:16Z [6,001ms] [Warning] [omni.isaac.motion_generation.lula.kinematics] omni.isaac.motion_generation has been deprecated in favor of isaacsim.robot_motion.motion_generation. Please update your code accordingly.
2026-09-10T12:45:16Z [6,002ms] [Warning] [omni.isaac.motion_generation.lula.motion_policies] omni.isaac.motion_generation has been deprecated in favor of isaacsim.robot_motion.motion_generation. Please update your code accordingly.
2026-09-10T12:45:16Z [6,002ms] [Warning] [omni.isaac.motion_generation.lula.path_planners] omni.isaac.motion_generation has been deprecated in favor of isaacsim.robot_motion.motion_generation. Please update your code accordingly.
2026-09-10T12:45:16Z [6,007ms] [Warning] [omni.isaac.motion_generation.lula.trajectory_generator] omni.isaac.motion_generation has been deprecated in favor of isaacsim.robot_motion.motion_generation. Please update your code accordingly.
2026-09-10T12:45:16Z [6,008ms] [Warning] [omni.isaac.motion_generation.motion_policy_controller] omni.isaac.motion_generation has been deprecated in favor of isaacsim.robot_motion.motion_generation. Please update your code accordingly.
2026-09-10T12:45:16Z [6,008ms] [Warning] [omni.isaac.motion_generation.motion_policy_interface] omni.isaac.motion_generation has been deprecated in favor of isaacsim.robot_motion.motion_generation. Please update your code accordingly.
2026-09-10T12:45:16Z [6,008ms] [Warning] [omni.isaac.motion_generation.path_planner_visualizer] omni.isaac.motion_generation has been deprecated in favor of isaacsim.robot_motion.motion_generation. Please update your code accordingly.
2026-09-10T12:45:16Z [6,009ms] [Warning] [omni.isaac.motion_generation.path_planning_interface] omni.isaac.motion_generation has been deprecated in favor of isaacsim.robot_motion.motion_generation. Please update your code accordingly.
2026-09-10T12:45:16Z [6,009ms] [Warning] [omni.isaac.motion_generation.trajectory] omni.isaac.motion_generation has been deprecated in favor of isaacsim.robot_motion.motion_generation. Please update your code accordingly.
2026-09-10T12:45:16Z [6,009ms] [Warning] [omni.isaac.motion_generation.world_interface] omni.isaac.motion_generation has been deprecated in favor of isaacsim.robot_motion.motion_generation. Please update your code accordingly.
[6.046s] [ext: omni.isaac.assets_check-0.3.13] startup
2026-09-10T12:45:16Z [6,012ms] [Warning] [omni.isaac.assets_check] omni.isaac.assets_check has been deprecated in favor of isaacsim.asset.browser. Please update your code accordingly.
[6.049s] [ext: isaacsim.gui.sensors.icon-2.0.3] startup
[6.071s] [ext: isaacsim.asset.importer.mjcf-2.5.13] startup
[6.082s] [ext: omni.sensors.nv.common-3.0.0] startup
[6.102s] [ext: isaacsim.sensors.physics-0.4.3] startup
[6.116s] [ext: omni.sensors.net-1.0.0] startup
[6.123s] [ext: omni.isaac.nucleus-1.0.6] startup
2026-09-10T12:45:16Z [6,089ms] [Warning] [omni.isaac.nucleus] omni.isaac.nucleus has been deprecated in favor of isaacsim.storage.native. Please update your code accordingly.
2026-09-10T12:45:16Z [6,089ms] [Warning] [omni.isaac.nucleus.nucleus] omni.isaac.nucleus.nucleus has been deprecated in favor of isaacsim.storage.native. Please update your code accordingly.
[6.127s] [ext: omni.sensors.nv.materials-2.0.0] startup
[6.140s] [ext: isaacsim.robot.policy.examples-4.1.11] startup
[6.144s] [ext: omni.sensors.nv.wpm-3.0.0] startup
[6.150s] [ext: omni.sensors.nv.lidar-3.0.0] startup
[6.161s] [ext: isaacsim.util.debug_draw-3.1.0] startup
[6.166s] [ext: omni.sensors.nv.radar-3.0.0] startup
[6.174s] [ext: omni.sensors.nv.ids-2.0.0] startup
[6.177s] [ext: isaacsim.core.cloner-1.4.10] startup
[6.181s] [ext: isaacsim.sensors.physx-2.3.2] startup
[6.189s] [ext: isaacsim.sensors.rtx-15.8.4] startup
[6.208s] [ext: isaacsim.sensors.camera-1.3.6] startup
[6.226s] [ext: omni.isaac.quadruped-3.0.7] startup
2026-09-10T12:45:16Z [6,190ms] [Warning] [omni.isaac.quadruped] omni.isaac.quadruped has been deprecated in favor of isaacsim.robot.policy.examples. Please update your code accordingly.
[6.227s] [ext: omni.isaac.cloner-1.0.7] startup
2026-09-10T12:45:16Z [6,194ms] [Warning] [omni.isaac.cloner] omni.isaac.cloner has been deprecated in favor of isaacsim.core.cloner. Please update your code accordingly.
[6.239s] [ext: omni.isaac.range_sensor-4.0.6] startup
2026-09-10T12:45:16Z [6,209ms] [Warning] [omni.isaac.range_sensor] omni.isaac.range_sensor has been deprecated in favor of isaacsim.sensors.physx. Please update your code accordingly.
2026-09-10T12:45:16Z [6,218ms] [Warning] [omni.isaac.range_sensor.commands] omni.isaac.range_sensor.commands has been deprecated in favor of isaacsim.sensors.physx.commands. Please update your code accordingly.
[6.256s] [ext: omni.isaac.sensor-13.0.7] startup
2026-09-10T12:45:16Z [6,222ms] [Warning] [omni.isaac.sensor] omni.isaac.sensor has been deprecated in favor of isaacsim.sensors.camera, isaacsim.sensors.physics, isaacsim.sensors.physx, and isaacsim.sensors.rtx. Please update your code accordingly.
2026-09-10T12:45:16Z [6,226ms] [Warning] [omni.isaac.sensor.camera] omni.isaac.sensor.camera has been deprecated in favor of isaacsim.sensors.camera.camera. Please update your code accordingly.
2026-09-10T12:45:16Z [6,227ms] [Warning] [omni.isaac.sensor.camera_view] omni.isaac.sensor.camera_view has been deprecated in favor of isaacsim.sensors.camera.camera_view. Please update your code accordingly.
2026-09-10T12:45:16Z [6,228ms] [Warning] [omni.isaac.sensor.commands] omni.isaac.sensor.commands has been deprecated in favor of isaacsim.sensors.physics.commands, isaacsim.sensors.physx.commands, and isaacsim.sensors.rtx.commands. Please update your code accordingly.
2026-09-10T12:45:16Z [6,232ms] [Warning] [omni.isaac.sensor.contact_sensor] omni.isaac.sensor.contact_sensor has been deprecated in favor of isaacsim.sensors.physics.contact_sensor. Please update your code accordingly.
2026-09-10T12:45:16Z [6,233ms] [Warning] [omni.isaac.sensor.imu_sensor] omni.isaac.sensor.imu_sensor has been deprecated in favor of isaacsim.sensors.physics.imu_sensor. Please update your code accordingly.
2026-09-10T12:45:16Z [6,233ms] [Warning] [omni.isaac.sensor.lidar_rtx] omni.isaac.sensor.lidar_rtx has been deprecated in favor of isaacsim.sensors.rtx.lidar_rtx. Please update your code accordingly.
2026-09-10T12:45:16Z [6,233ms] [Warning] [omni.isaac.sensor.rotating_lidar_physX] omni.isaac.sensor.imu_sensor has been deprecated in favor of isaacsim.sensors.physix.rotating_lidar_physX. Please update your code accordingly.
2026-09-10T12:45:16Z [6,235ms] [Warning] [omni.isaac.sensor.scripts.samples.contact_sensor] omni.isaac.sensor.scripts.samples.contact_sensor has been deprecated in favor of isaacsim.sensors.physics.scripts.samples.contact_sensor. Please update your code accordingly.
2026-09-10T12:45:16Z [6,235ms] [Warning] [omni.isaac.sensor.scripts.samples.imu_sensor] omni.isaac.sensor.scripts.samples.imu_sensor has been deprecated in favor of isaacsim.sensors.physics.scripts.samples.imu_sensor. Please update your code accordingly.
2026-09-10T12:45:16Z [6,235ms] [Warning] [omni.isaac.sensor.scripts.samples.lightbeam_sensor] omni.isaac.sensor.scripts.samples.lightbeam_sensor has been deprecated in favor of isaacsim.sensors.physx.scripts.samples.lightbeam_sensor. Please update your code accordingly.
[6.272s] [ext: omni.kit.menu.create-2.0.1] startup
[6.279s] [ext: omni.kit.widget.toolbar-2.0.1] startup
[6.302s] [ext: omni.kit.manipulator.transform-107.0.0] startup
[6.311s] [ext: omni.isaac.core-4.0.7] startup
2026-09-10T12:45:16Z [6,276ms] [Warning] [omni.isaac.core.physics_context.physics_context] omni.isaac.core.physics_context.physics_context has been deprecated in favor of isaacsim.core.api.physics_context.physics_context. Please update your code accordingly.
2026-09-10T12:45:16Z [6,276ms] [Warning] [omni.isaac.core.simulation_context.simulation_context] omni.isaac.core.simulation_context.simulation_context has been deprecated in favor of isaacsim.core.api.simulation_context.simulation_context. Please update your code accordingly.
2026-09-10T12:45:16Z [6,276ms] [Warning] [omni.isaac.core.world.world] omni.isaac.core.world.world has been deprecated in favor of isaacsim.core.api.world.world. Please update your code accordingly.
2026-09-10T12:45:16Z [6,276ms] [Warning] [omni.isaac.core] omni.isaac.core has been deprecated in favor of isaacsim.core.api. Please update your code accordingly.
[6.314s] [ext: omni.kit.scripting-107.3.2] startup
[6.325s] [ext: omni.kit.manipulator.tool.snap-1.5.13] startup
[6.332s] [ext: omni.kit.manipulator.selector-1.1.3] startup
[6.334s] [ext: isaacsim.app.about-2.0.11] startup
[6.343s] [ext: isaacsim.replicator.behavior-1.1.16] startup
[6.346s] [ext: omni.kit.viewport.manipulator.transform-107.0.4] startup
[6.351s] [ext: omni.isaac.window.about-2.0.7] startup
2026-09-10T12:45:16Z [6,318ms] [Warning] [omni.isaac.window.about] omni.isaac.window.about has been deprecated in favor of isaacsim.app.about. Please update your code accordingly.
2026-09-10T12:45:16Z [6,318ms] [Warning] [omni.isaac.window.about.about] omni.isaac.window.about.about has been deprecated in favor of isaacsim.app.about.about. Please update your code accordingly.
[6.355s] [ext: omni.fabric.commands-1.1.6] startup
[6.359s] [ext: omni.kit.manipulator.prim.core-107.0.8] startup
[6.370s] [ext: omni.kit.property.audio-1.0.16] startup
[6.374s] [ext: omni.kit.property.camera-1.0.10] startup
[6.378s] [ext: omni.kit.property.geometry-2.0.4] startup
[6.384s] [ext: omni.hydra.scene_api-0.1.2] startup
[6.392s] [ext: omni.kit.property.light-1.0.12] startup
[6.417s] [ext: omni.kit.manipulator.prim.fabric-107.0.4] startup
[6.422s] [ext: omni.kit.manipulator.prim.usd-107.0.3] startup
[6.426s] [ext: omni.kit.property.material-1.11.9] startup
[6.435s] [ext: omni.kit.property.render-1.2.1] startup
[6.439s] [ext: omni.kit.property.transform-1.5.13] startup
[6.444s] [ext: isaacsim.gui.property-1.1.3] startup
[6.449s] [ext: omni.kit.manipulator.camera-106.0.4] startup
[6.457s] [ext: omni.kit.manipulator.prim-107.0.0] startup
[6.457s] [ext: omni.isaac.surface_gripper-2.0.6] startup
2026-09-10T12:45:16Z [6,421ms] [Warning] [omni.isaac.surface_gripper] omni.isaac.surface_gripper has been deprecated in favor of isaacsim.robot.surface_gripper. Please update your code accordingly.
[6.458s] [ext: omni.kit.manipulator.selection-106.0.1] startup
[6.465s] [ext: omni.kit.property.bundle-1.4.1] startup
[6.470s] [ext: omni.kit.property.isaac-1.0.6] startup
2026-09-10T12:45:16Z [6,437ms] [Warning] [omni.kit.property.isaac] omni.kit.property.isaac has been deprecated in favor of isaacsim.gui.property. Please update your code accordingly.
2026-09-10T12:45:16Z [6,437ms] [Warning] [omni.kit.property.isaac.widgets] omni.kit.property.isaac.widgets has been deprecated in favor of isaacsim.gui.property.widgets. Please update your code accordingly.
[6.474s] [ext: omni.isaac.universal_robots-1.0.6] startup
2026-09-10T12:45:16Z [6,440ms] [Warning] [omni.isaac.universal_robots] omni.isaac.universal_robots has been deprecated in favor of isaacsim.robot.manipulators.examples.universal_robots. Please update your code accordingly.
2026-09-10T12:45:16Z [6,441ms] [Warning] [omni.isaac.universal_robots.kinematics_solver] omni.isaac.franka has been deprecated in favor of isaacsim.robot.manipulators.examples.universal_robots. Please update your code accordingly.
2026-09-10T12:45:16Z [6,443ms] [Warning] [omni.isaac.universal_robots.ur10] omni.isaac.franka has been deprecated in favor of isaacsim.robot.manipulators.examples.universal_robots. Please update your code accordingly.
[6.480s] [ext: omni.isaac.core_nodes-2.0.6] startup
2026-09-10T12:45:16Z [6,449ms] [Warning] [omni.isaac.core_nodes] omni.isaac.core_nodes has been deprecated in favor of isaacsim.core.nodes. Please update your code accordingly.
[6.486s] [ext: omni.kit.viewport.menubar.camera-107.0.6] startup
[6.506s] [ext: omni.kit.viewport.menubar.lighting-107.3.1] startup
[6.511s] [ext: isaacsim.replicator.writers-1.0.17] startup
[6.536s] [ext: omni.kit.viewport.menubar.render-107.0.10] startup
[6.547s] [ext: omni.kit.viewport.menubar.settings-107.0.3] startup
[6.558s] [ext: omni.kit.window.console-1.1.4] startup
[6.572s] [ext: isaacsim.replicator.domain_randomization-1.0.16] startup
[6.575s] [ext: isaacsim.replicator.examples-1.3.6] startup
[6.579s] [ext: omni.ocio-0.1.1] startup
[6.587s] [ext: omni.rtx.window.settings-0.6.19] startup
[6.603s] [ext: omni.kit.window.status_bar-0.1.9] startup
[6.611s] [ext: omni.kit.window.toolbar-2.0.0] startup
[6.632s] [ext: omni.replicator.isaac-2.0.8] startup
2026-09-10T12:45:16Z [6,598ms] [Warning] [omni.replicator.isaac] omni.replicator.isaac has been deprecated in favor of isaacsim.replicator.domain_randomization, isaacsim.replicator.examples, isaacsim.replicator.writers. Please update your code accordingly.
[6.636s] [ext: omni.replicator.replicator_yaml-2.0.11] startup
[6.681s] [ext: omni.rtx.settings.core-0.6.5] startup
[6.689s] [ext: omni.usd.metrics.assembler.ui-107.3.1] startup
[6.715s] [ext: omni.isaac.utils-2.0.6] startup
[6.718s] [ext: semantics.schema.editor-2.0.2] startup
[6.726s] [ext: omni.kit.ui.actions-1.0.5] startup
[6.730s] [ext: semantics.schema.property-2.0.1] startup
[6.733s] [ext: omni.isaac.version-2.0.7] startup
2026-09-10T12:45:17Z [6,699ms] [Warning] [omni.isaac.version] omni.isaac.version has been deprecated in favor of isaacsim.core.version. Please update your code accordingly.
[6.737s] [ext: omni.isaac.cortex-1.0.5] startup
[6.740s] [ext: omni.anim.curve.core-1.3.1] startup
[6.755s] [ext: isaacsim.core.throttling-2.2.2] startup
[6.760s] [ext: omni.kit.menu.common-2.0.1] startup
[6.765s] [ext: isaacsim.exp.base-5.1.0] startup
[6.767s] [ext: isaacsim.exp.base.python-5.1.0] startup
[6.771s] Simulation App Starting
2026-09-10T12:45:17Z [6,860ms] [Warning] [carb.audio.device] audio device is misconfigured or broken {deviceIndex = 0, name = 'default'} (The device is likely misconfigured, check your $HOME/.asoundrc)
2026-09-10T12:45:17Z [6,860ms] [Warning] [carb.audio.output] failed to retrieve the capabilities for device 0 {result = eDeviceLost (2)}
2026-09-10T12:45:17Z [6,860ms] [Warning] [carb.audio.context] failed to set the requested output during context creation.  Using a null streamer instead {result = eDeviceLost (2)}
2026-09-10T12:45:17Z [6,895ms] [Warning] [omni.fabric.plugin] Warning: attribute viewPickingId not found for bucket id 9

2026-09-10T12:45:17Z [6,940ms] [Warning] [usdrt.population.plugin] [UsdNoticeHandler] Unhandled attribute type VtArray<std::string> (prim attribute: omni:rtx:material:db:flattener:reflection_roughness_constant)
2026-09-10T12:45:17Z [6,941ms] [Warning] [usdrt.population.plugin] [UsdNoticeHandler] Unhandled attribute type VtArray<std::string> (prim attribute: omni:rtx:material:db:flattener:transmittance_color)
2026-09-10T12:45:17Z [6,941ms] [Warning] [usdrt.population.plugin] [UsdNoticeHandler] Unhandled attribute type VtArray<std::string> (prim attribute: omni:rtx:material:db:flattener:ior_constant)
[6.994s] app ready
[10.457s] Simulation App Startup Complete
2026-09-10T12:45:20Z [10,452ms] [Warning] [omni.usd] Warning: in _ReportErrors at line 3172 of /builds/omniverse/usd-ci/USD/pxr/usd/usd/stage.cpp -- In </World/UR5e/ft_frame/visuals>: Unresolved reference prim path @/root/.cache/isaacsimtraining/usd/configuration/ur5e_robotiq140_physics.usd@</visuals/ft_frame> introduced by @/root/.cache/isaacsimtraining/usd/configuration/ur5e_robotiq140_base.usd@</ur/ft_frame/visuals> (recomposing stage on stage @anon:0x5f96f85782c0:World0.usd@ <0x5f96f86e37e0>)

2026-09-10T12:45:20Z [10,452ms] [Warning] [omni.usd] Warning: in _ReportErrors at line 3172 of /builds/omniverse/usd-ci/USD/pxr/usd/usd/stage.cpp -- In </World/UR5e/base_link/visuals>: Unresolved reference prim path @/root/.cache/isaacsimtraining/usd/configuration/ur5e_robotiq140_physics.usd@</visuals/base_link> introduced by @/root/.cache/isaacsimtraining/usd/configuration/ur5e_robotiq140_base.usd@</ur/base_link/visuals> (recomposing stage on stage @anon:0x5f96f85782c0:World0.usd@ <0x5f96f86e37e0>)

2026-09-10T12:45:20Z [10,452ms] [Warning] [omni.usd] Warning: in _ReportErrors at line 3172 of /builds/omniverse/usd-ci/USD/pxr/usd/usd/stage.cpp -- In </World/UR5e/world/visuals>: Unresolved reference prim path @/root/.cache/isaacsimtraining/usd/configuration/ur5e_robotiq140_physics.usd@</visuals/world> introduced by @/root/.cache/isaacsimtraining/usd/configuration/ur5e_robotiq140_base.usd@</ur/world/visuals> (recomposing stage on stage @anon:0x5f96f85782c0:World0.usd@ <0x5f96f86e37e0>)

2026-09-10T12:45:20Z [10,452ms] [Warning] [omni.usd] Warning: in _ReportErrors at line 3172 of /builds/omniverse/usd-ci/USD/pxr/usd/usd/stage.cpp -- In </World/UR5e/base/visuals>: Unresolved reference prim path @/root/.cache/isaacsimtraining/usd/configuration/ur5e_robotiq140_physics.usd@</visuals/base> introduced by @/root/.cache/isaacsimtraining/usd/configuration/ur5e_robotiq140_base.usd@</ur/base/visuals> (recomposing stage on stage @anon:0x5f96f85782c0:World0.usd@ <0x5f96f86e37e0>)

2026-09-10T12:45:20Z [10,452ms] [Warning] [omni.usd] Warning: in _ReportErrors at line 3172 of /builds/omniverse/usd-ci/USD/pxr/usd/usd/stage.cpp -- In </World/UR5e/tool0/visuals>: Unresolved reference prim path @/root/.cache/isaacsimtraining/usd/configuration/ur5e_robotiq140_physics.usd@</visuals/tool0> introduced by @/root/.cache/isaacsimtraining/usd/configuration/ur5e_robotiq140_base.usd@</ur/tool0/visuals> (recomposing stage on stage @anon:0x5f96f85782c0:World0.usd@ <0x5f96f86e37e0>)

2026-09-10T12:45:20Z [10,452ms] [Warning] [omni.usd] Warning: in _ReportErrors at line 3172 of /builds/omniverse/usd-ci/USD/pxr/usd/usd/stage.cpp -- In </World/UR5e/flange/visuals>: Unresolved reference prim path @/root/.cache/isaacsimtraining/usd/configuration/ur5e_robotiq140_physics.usd@</visuals/flange> introduced by @/root/.cache/isaacsimtraining/usd/configuration/ur5e_robotiq140_base.usd@</ur/flange/visuals> (recomposing stage on stage @anon:0x5f96f85782c0:World0.usd@ <0x5f96f86e37e0>)

2026-09-10T12:45:21Z [10,855ms] [Warning] [omni.fabric.plugin] getAttributeCount called on non-existent path /World/UR5e/right_outer_knuckle/collisions/mesh_0
2026-09-10T12:45:21Z [10,855ms] [Warning] [omni.fabric.plugin] getTypes called on non-existent path /World/UR5e/right_outer_knuckle/collisions/mesh_0
Resuming SAC Agent from checkpoint: /root/coldstart2_resume/ur5e_isaac_sac_10000_steps.zip
[WARNING] No matching replay buffer at /root/coldstart2_resume/ur5e_isaac_sac_replay_buffer_10000_steps.pkl -- resuming with an empty one.
Starting Training Loop...
---------------------------------
| rollout/           |          |
|    success_rate    | 0        |
| time/              |          |
|    episodes        | 20       |
|    fps             | 12       |
|    time_elapsed    | 39       |
|    total_timesteps | 10500    |
| train/             |          |
|    actor_loss      | -114     |
|    critic_loss     | 0.0614   |
|    ent_coef        | 0.354    |
|    ent_coef_loss   | -8.54    |
|    learning_rate   | 0.0001   |
|    n_updates       | 10398    |
---------------------------------
---------------------------------
| rollout/           |          |
|    success_rate    | 0        |
| time/              |          |
|    episodes        | 24       |
|    fps             | 13       |
|    time_elapsed    | 186      |
|    total_timesteps | 12500    |
| train/             |          |
|    actor_loss      | -120     |
|    critic_loss     | 0.0516   |
|    ent_coef        | 0.29     |
|    ent_coef_loss   | -10.2    |
|    learning_rate   | 0.0001   |
|    n_updates       | 12398    |
---------------------------------
---------------------------------
| rollout/           |          |
|    success_rate    | 0        |
| time/              |          |
|    episodes        | 28       |
|    fps             | 13       |
|    time_elapsed    | 327      |
|    total_timesteps | 14500    |
| train/             |          |
|    actor_loss      | -118     |
|    critic_loss     | 0.0833   |
|    ent_coef        | 0.237    |
|    ent_coef_loss   | -11.8    |
|    learning_rate   | 0.0001   |
|    n_updates       | 14398    |
---------------------------------
---------------------------------
| rollout/           |          |
|    success_rate    | 0        |
| time/              |          |
|    episodes        | 32       |
|    fps             | 13       |
|    time_elapsed    | 471      |
|    total_timesteps | 16500    |
| train/             |          |
|    actor_loss      | -116     |
|    critic_loss     | 0.0492   |
|    ent_coef        | 0.194    |
|    ent_coef_loss   | -13.4    |
|    learning_rate   | 0.0001   |
|    n_updates       | 16398    |
---------------------------------
---------------------------------
| rollout/           |          |
|    success_rate    | 0        |
| time/              |          |
|    episodes        | 36       |
|    fps             | 13       |
|    time_elapsed    | 616      |
|    total_timesteps | 18500    |
| train/             |          |
|    actor_loss      | -112     |
|    critic_loss     | 0.022    |
|    ent_coef        | 0.159    |
|    ent_coef_loss   | -15      |
|    learning_rate   | 0.0001   |
|    n_updates       | 18398    |
---------------------------------
---------------------------------
| rollout/           |          |
|    success_rate    | 0        |
| time/              |          |
|    episodes        | 40       |
|    fps             | 13       |
|    time_elapsed    | 762      |
|    total_timesteps | 20500    |
| train/             |          |
|    actor_loss      | -108     |
|    critic_loss     | 0.0283   |
|    ent_coef        | 0.13     |
|    ent_coef_loss   | -16.7    |
|    learning_rate   | 0.0001   |
|    n_updates       | 20398    |
---------------------------------
---------------------------------
| rollout/           |          |
|    success_rate    | 0        |
| time/              |          |
|    episodes        | 44       |
|    fps             | 13       |
|    time_elapsed    | 907      |
|    total_timesteps | 22500    |
| train/             |          |
|    actor_loss      | -103     |
|    critic_loss     | 0.0217   |
|    ent_coef        | 0.107    |
|    ent_coef_loss   | -18.1    |
|    learning_rate   | 0.0001   |
|    n_updates       | 22398    |
---------------------------------
---------------------------------
| rollout/           |          |
|    success_rate    | 0        |
| time/              |          |
|    episodes        | 48       |
|    fps             | 13       |
|    time_elapsed    | 1053     |
|    total_timesteps | 24500    |
| train/             |          |
|    actor_loss      | -97      |
|    critic_loss     | 0.031    |
|    ent_coef        | 0.0873   |
|    ent_coef_loss   | -19.8    |
|    learning_rate   | 0.0001   |
|    n_updates       | 24398    |
---------------------------------
---------------------------------
| rollout/           |          |
|    success_rate    | 0        |
| time/              |          |
|    episodes        | 52       |
|    fps             | 13       |
|    time_elapsed    | 1197     |
|    total_timesteps | 26500    |
| train/             |          |
|    actor_loss      | -91.1    |
|    critic_loss     | 0.0101   |
|    ent_coef        | 0.0716   |
|    ent_coef_loss   | -21.3    |
|    learning_rate   | 0.0001   |
|    n_updates       | 26398    |
---------------------------------
---------------------------------
| rollout/           |          |
|    success_rate    | 0        |
| time/              |          |
|    episodes        | 56       |
|    fps             | 13       |
|    time_elapsed    | 1341     |
|    total_timesteps | 28500    |
| train/             |          |
|    actor_loss      | -85.6    |
|    critic_loss     | 0.00876  |
|    ent_coef        | 0.0586   |
|    ent_coef_loss   | -22.9    |
|    learning_rate   | 0.0001   |
|    n_updates       | 28398    |
---------------------------------
Training Completed and Model Saved!
[1458.389s] Simulation App Shutting Down
