Initializing UR5e Isaac Sim Environment for SAC (1 parallel instance(s))...
Starting kit application with the following args:  ['/venv/isaac51/lib/python3.11/site-packages/isaacsim/exts/isaacsim.simulation_app/isaacsim/simulation_app/simulation_app.py', '/venv/isaac51/lib/python3.11/site-packages/isaacsim/apps/isaacsim.exp.base.python.kit', '--/app/tokens/exe-path=/venv/isaac51/lib/python3.11/site-packages/isaacsim/kit', '--/persistent/app/viewport/displayOptions=3094', '--/rtx/materialDb/syncLoads=True', '--/rtx/hydra/materialSyncLoads=True', '--/omni.kit.plugin/syncUsdLoads=True', '--/app/renderer/resolution/width=1280', '--/app/renderer/resolution/height=720', '--/app/window/width=1440', '--/app/window/height=900', '--/renderer/multiGpu/enabled=True', '--/app/fastShutdown=True', '--/app/installSignalHandlers=0', '--ext-folder', '/venv/isaac51/lib/python3.11/site-packages/isaacsim/exts', '--ext-folder', '/venv/isaac51/lib/python3.11/site-packages/isaacsim/apps', '--/physics/cudaDevice=0', '--/plugins/carb.tasking.plugin/threadCount=32', '--/plugins/omni.tbb.globalcontrol/maxThreadCount=32', '--portable', '--no-window', '--/app/window/hideUi=1', '--allow-root']
Passing the following args to the base kit application:  ['--num-envs', '1', '--total-timesteps', '30000', '--device', 'cuda', '--log-dir', '/root/trial_coldstart2', '--headless']
[Info] [carb] Logging to file: /venv/isaac51/lib/python3.11/site-packages/isaacsim/kit/logs/Kit/Isaac-Sim Python/5.1/kit_20260910_112444.log
[0.091s] [ext: omni.kit.async_engine-0.0.3] startup
[0.290s] [ext: omni.metrics.core-0.0.3] startup
[0.290s] [ext: omni.client.lib-1.1.0] startup
[0.308s] [ext: omni.blobkey-1.1.2] startup
[0.308s] [ext: omni.stats-1.0.1] startup
[0.309s] [ext: omni.datastore-0.0.0] startup
[0.317s] [ext: omni.client-1.3.0] startup
[0.324s] [ext: omni.ujitso.default-1.0.0] startup
[0.328s] [ext: omni.hsscclient-1.1.2] startup
[0.335s] [ext: omni.gpu_foundation.shadercache.vulkan-1.0.0] startup
[0.338s] [ext: omni.assets.plugins-0.0.0] startup
[0.340s] [ext: omni.gpu_foundation-0.0.0] startup
[0.354s] [ext: carb.windowing.plugins-1.0.0] startup
2026-09-10T11:24:44Z [319ms] [Warning] [carb.windowing-glfw.plugin] GLFW initialization failed.
2026-09-10T11:24:44Z [319ms] [Warning] [carb] Failed to startup plugin carb.windowing-glfw.plugin (interfaces: [carb::windowing::IGLContext v1.0],[carb::windowing::IWindowing v1.5]) (impl: carb.windowing-glfw.plugin)
[0.356s] [ext: omni.kit.renderer.init-0.0.0] startup
2026-09-10T11:24:44Z [390ms] [Warning] [omni.platforminfo.plugin] failed to open the default display.  Can't verify X Server version.

|---------------------------------------------------------------------------------------------|
| Driver Version: 590.48.01     | Graphics API: Vulkan
|=============================================================================================|
| GPU | Name                             | Active | LDA | GPU Memory | Vendor-ID | LUID       |
|     |                                  |        |     |            | Device-ID | UUID       |
|     |                                  |        |     |            | Bus-ID    |            |
|---------------------------------------------------------------------------------------------|
| 0   | NVIDIA GeForce RTX 3070          | Yes: 0 |     | 8438    MB | 10de      | 0          |
|     |                                  |        |     |            | 2488      | 1f65d118.. |
|     |                                  |        |     |            | 81        |            |
|=============================================================================================|
| OS: 24.04.4 LTS (Noble Numbat) ubuntu, Version: 24.04.4, Kernel: 6.8.0-136-generic
| Processor: AMD EPYC 7402 24-Core Processor
| Bare Metal Cores: 24 | Bare Metal Logical Cores: 48
| Core Usage Quota: 15.36
|---------------------------------------------------------------------------------------------|
| Total Memory (MB): 142771 | Free Memory: 129333
| Total Page/Swap (MB): 32767 | Free Page/Swap: 32765
|---------------------------------------------------------------------------------------------|
[1.612s] [ext: omni.materialx.libs-1.0.7] startup
[1.629s] [ext: omni.kit.telemetry-0.5.2] startup
[1.679s] [ext: omni.usd.config-1.0.6] startup
[1.688s] [ext: omni.gpucompute.plugins-0.0.0] startup
[1.689s] [ext: omni.usd.libs-1.0.1] startup
[1.848s] [ext: omni.kit.loop-isaac-1.3.7] startup
[1.850s] [ext: omni.kit.test-2.0.1] startup
[1.895s] [ext: omni.mdl-56.0.3] startup
[1.925s] [ext: omni.iray.libs-0.0.0] startup
[1.934s] [ext: omni.mdl.neuraylib-0.2.12] startup
[1.938s] [ext: omni.kit.usd.mdl-1.1.5] startup
[2.071s] [ext: omni.kit.pipapi-0.0.0] startup
[2.072s] [ext: omni.appwindow-1.1.10] startup
2026-09-10T11:24:46Z [2,037ms] [Warning] [carb.windowing-glfw.plugin] GLFW initialization failed.
2026-09-10T11:24:46Z [2,037ms] [Warning] [carb] Failed to startup plugin carb.windowing-glfw.plugin (interfaces: [carb::windowing::IGLContext v1.0],[carb::windowing::IWindowing v1.5]) (impl: carb.windowing-glfw.plugin)
[2.076s] [ext: omni.kit.renderer.core-1.1.0] startup
2026-09-10T11:24:46Z [2,057ms] [Warning] [carb.windowing-glfw.plugin] GLFW initialization failed.
2026-09-10T11:24:46Z [2,057ms] [Warning] [carb] Failed to startup plugin carb.windowing-glfw.plugin (interfaces: [carb::windowing::IGLContext v1.0],[carb::windowing::IWindowing v1.5]) (impl: carb.windowing-glfw.plugin)
2026-09-10T11:24:46Z [2,066ms] [Warning] [carb.windowing-glfw.plugin] GLFW initialization failed.
2026-09-10T11:24:46Z [2,066ms] [Warning] [carb] Failed to startup plugin carb.windowing-glfw.plugin (interfaces: [carb::windowing::IGLContext v1.0],[carb::windowing::IWindowing v1.5]) (impl: carb.windowing-glfw.plugin)
[2.106s] [ext: omni.kit.renderer.capture-0.0.0] startup
[2.109s] [ext: omni.kit.renderer.imgui-2.0.5] startup
2026-09-10T11:24:46Z [2,080ms] [Warning] [carb.windowing-glfw.plugin] GLFW initialization failed.
2026-09-10T11:24:46Z [2,080ms] [Warning] [carb] Failed to startup plugin carb.windowing-glfw.plugin (interfaces: [carb::windowing::IGLContext v1.0],[carb::windowing::IWindowing v1.5]) (impl: carb.windowing-glfw.plugin)
2026-09-10T11:24:46Z [2,082ms] [Warning] [carb.windowing-glfw.plugin] GLFW initialization failed.
2026-09-10T11:24:46Z [2,082ms] [Warning] [carb] Failed to startup plugin carb.windowing-glfw.plugin (interfaces: [carb::windowing::IGLContext v1.0],[carb::windowing::IWindowing v1.5]) (impl: carb.windowing-glfw.plugin)
2026-09-10T11:24:46Z [2,084ms] [Warning] [carb.windowing-glfw.plugin] GLFW initialization failed.
2026-09-10T11:24:46Z [2,084ms] [Warning] [carb] Failed to startup plugin carb.windowing-glfw.plugin (interfaces: [carb::windowing::IGLContext v1.0],[carb::windowing::IWindowing v1.5]) (impl: carb.windowing-glfw.plugin)
[2.211s] [ext: omni.ui-2.27.1] startup
[2.228s] [ext: omni.kit.mainwindow-1.0.3] startup
[2.229s] [ext: carb.audio-0.1.0] startup
[2.240s] [ext: omni.uiaudio-1.0.0] startup
[2.243s] [ext: omni.kit.uiapp-0.0.0] startup
[2.243s] [ext: omni.usd.schema.metrics.assembler-107.3.1] startup
[2.246s] [ext: omni.usd.schema.physx-107.3.26] startup
[2.289s] [ext: omni.usd.schema.geospatial-0.0.0] startup
[2.293s] [ext: omni.usd.schema.audio-0.0.0] startup
[2.296s] [ext: omni.usd.schema.anim-0.0.0] startup
[2.323s] [ext: omni.usd.schema.flow-107.1.1] startup
[2.324s] [ext: omni.usd_resolver-1.0.0] startup
[2.329s] [ext: omni.usd.core-1.5.3] startup
[2.333s] [ext: omni.usd.schema.omni_sensors-0.0.0] startup
[2.362s] [ext: omni.usd.schema.semantics-0.0.0] startup
[2.366s] [ext: omni.usd.schema.omniscripting-1.0.0] startup
[2.372s] [ext: omni.usd.schema.omni_lens_distortion-0.0.0] startup
[2.372s] [ext: omni.usd.schema.omnigraph-1.0.0] startup
[2.379s] [ext: omni.kit.window.popup_dialog-2.0.24] startup
[2.383s] [ext: omni.graph.exec-0.9.6] startup
[2.384s] [ext: omni.kit.widget.nucleus_connector-2.0.1] startup
[2.386s] [ext: omni.kit.usd_undo-0.1.8] startup
[2.387s] [ext: omni.kit.exec.core-0.13.4] startup
[2.389s] [ext: omni.kit.actions.core-1.0.0] startup
[2.392s] [ext: omni.resourcemonitor-107.0.1] startup
[2.395s] [ext: omni.activity.core-1.0.3] startup
[2.397s] [ext: omni.timeline-1.0.14] startup
[2.399s] [ext: omni.kit.commands-1.4.10] startup
[2.403s] [ext: usdrt.scenegraph-7.6.1] startup
[2.460s] [ext: omni.kit.audiodeviceenum-1.0.2] startup
[2.463s] [ext: omni.hydra.usdrt_delegate-7.5.1] startup
[2.473s] [ext: omni.hydra.scene_delegate-0.3.4] startup
[2.479s] [ext: omni.usd-1.13.10] startup
[2.518s] [ext: omni.inspect-1.0.2] startup
[2.520s] [ext: omni.kit.notification_manager-1.0.10] startup
[2.523s] [ext: omni.graph.core-2.184.5] startup
[2.528s] [ext: isaacsim.core.deprecation_manager-0.2.7] startup
[2.529s] [ext: omni.anim.graph.schema-107.3.3] startup
[2.540s] [ext: omni.usd.schema.isaac-3.0.5] startup
[2.540s] [ext: omni.anim.navigation.schema-107.3.3] startup
[2.545s] [ext: omni.kit.asset_converter-5.0.17] startup
[2.564s] [ext: isaacsim.robot.schema-3.6.0] startup
[2.575s] [ext: omni.usd.schema.render_settings.rtx-0.0.0] startup
[2.576s] [ext: omni.kit.menu.core-1.1.2] startup
[2.577s] [ext: omni.kit.widget.path_field-2.0.11] startup
[2.578s] [ext: omni.kit.widget.context_menu-1.2.5] startup
[2.579s] [ext: omni.kit.widget.browser_bar-2.0.10] startup
[2.580s] [ext: omni.kit.clipboard-1.0.5] startup
[2.581s] [ext: omni.kit.numpy.common-0.1.3] startup
[2.583s] [ext: omni.kit.widget.options_menu-1.1.6] startup
[2.587s] [ext: omni.kit.helper.file_utils-0.1.9] startup
[2.589s] [ext: omni.ui.scene-1.11.5] startup
[2.595s] [ext: omni.kit.widget.options_button-1.0.3] startup
[2.596s] [ext: omni.kit.widget.filebrowser-2.12.3] startup
[2.601s] [ext: omni.kit.usd.layers-2.2.11] startup
[2.612s] [ext: omni.kit.window.filepicker-2.13.4] startup
[2.634s] [ext: omni.kit.hotkeys.core-1.3.10] startup
[2.639s] [ext: omni.kit.context_menu-1.8.6] startup
[2.642s] [ext: omni.kit.property.adapter.core-1.0.2] startup
[2.645s] [ext: omni.kit.window.file_exporter-1.0.33] startup
[2.648s] [ext: omni.kit.widget.searchfield-1.1.8] startup
[2.649s] [ext: omni.kit.widget.filter-1.1.4] startup
[2.650s] [ext: omni.kit.widget.graph-2.0.0] startup
[2.658s] [ext: omni.kit.widget.stage-3.1.4] startup
[2.672s] [ext: omni.kit.property.adapter.usd-1.0.2] startup
[2.674s] [ext: omni.kit.property.adapter.fabric-1.0.3] startup
[2.675s] [ext: omni.kit.graph.delegate.default-1.2.3] startup
[2.676s] [ext: omni.kit.window.file_importer-1.1.18] startup
[2.677s] [ext: omni.kit.stage_template.core-1.1.22] startup
[2.677s] [ext: omni.kit.menu.utils-2.0.5] startup
[2.683s] [ext: omni.kit.window.file-2.0.5] startup
[2.687s] [ext: omni.kit.widget.highlight_label-1.0.3] startup
[2.688s] [ext: omni.kit.window.drop_support-1.0.5] startup
[2.688s] [ext: omni.kit.window.content_browser_registry-0.0.6] startup
[2.689s] [ext: omni.kit.window.property-1.12.1] startup
[2.692s] [ext: omni.kit.window.content_browser-3.1.3] startup
[2.708s] [ext: isaacsim.core.version-2.0.6] startup
[2.709s] [ext: omni.kit.property.usd-4.5.12] startup
[2.725s] [ext: omni.kit.graph.editor.core-1.5.3] startup
[2.728s] [ext: omni.kit.material.library-2.0.7] startup
[2.734s] [ext: omni.kit.graph.usd.commands-1.3.1] startup
[2.735s] [ext: omni.kvdb-107.3.26] startup
[2.738s] [ext: omni.usdphysics-107.3.26] startup
[2.741s] [ext: omni.physx.foundation-107.3.26] startup
[2.744s] [ext: omni.localcache-107.3.26] startup
[2.746s] [ext: omni.convexdecomposition-107.3.26] startup
[2.750s] [ext: omni.physics-107.3.26] startup
[2.754s] [ext: omni.physx.cooking-107.3.26] startup
[2.759s] [ext: omni.physics.stageupdate-107.3.26] startup
[2.762s] [ext: omni.physx-107.3.26] startup
[2.779s] [ext: omni.index.libs-380600.8087.0] startup
[2.779s] [ext: omni.physics.physx-107.3.26] startup
2026-09-10T11:24:46Z [2,744ms] [Warning] [carb] Acquiring non optional plugin interface which is not listed as dependency: [omni::physx::IPhysxBenchmarks v1.0] (plugin: <default plugin>), by client: omni.physics.physx.plugin. Add it to CARB_PLUGIN_IMPL_DEPS() macro of a client.
[2.782s] [ext: omni.index-1.0.1] startup
[2.782s] [ext: omni.volume-0.5.2] startup
[2.786s] [ext: omni.ujitso.client-0.0.0] startup
[2.786s] [ext: omni.hydra.rtx.shadercache.vulkan-1.0.0] startup
[2.788s] [ext: omni.kit.widget.searchable_combobox-1.0.6] startup
[2.789s] [ext: omni.hydra.rtx-1.0.0] startup
2026-09-10T11:24:46Z [2,778ms] [Warning] [omni.log] Source: omni.hydra was already registered.
[2.847s] [ext: omni.kit.widget.settings-1.2.6] startup
[2.850s] [ext: omni.kit.hydra_texture-1.4.6] startup
[2.856s] [ext: omni.graph.tools-1.79.2] startup
[2.888s] [ext: omni.kit.window.preferences-1.8.0] startup
[2.894s] [ext: omni.kit.widget.material_preview-1.0.16] startup
[2.896s] [ext: omni.graph-1.141.2] startup
[2.958s] [ext: omni.kit.window.material_graph-1.9.1] startup
[2.972s] [ext: omni.isaac.dynamic_control-2.0.7] startup
2026-09-10T11:24:47Z [2,942ms] [Warning] [omni.isaac.dynamic_control] omni.isaac.dynamic_control is deprecated as of Isaac Sim 4.5. No action is needed from end-users.
[2.979s] [ext: isaacsim.storage.native-1.5.1] startup
[2.983s] [ext: omni.graph.scriptnode-1.50.0] startup
[2.986s] [ext: omni.hydra.engine.stats-1.0.3] startup
[2.993s] [ext: omni.kit.viewport.legacy_gizmos-1.0.19] startup
[2.997s] [ext: omni.kit.raycast.query-1.1.0] startup
[3.007s] [ext: omni.graph.action_core-1.1.7] startup
[3.012s] [ext: omni.kit.viewport.scene_camera_model-1.0.6] startup
[3.021s] [ext: omni.graph.image.core-0.6.1] startup
[3.023s] [ext: omni.kit.widget.viewport-107.1.3] startup
[3.038s] [ext: omni.kit.viewport.registry-104.0.6] startup
[3.041s] [ext: omni.usd.metrics.assembler-107.3.1] startup
[3.047s] [ext: omni.kit.viewport.window-107.2.0] startup
[3.076s] [ext: omni.kit.viewport.menubar.core-107.2.1] startup
[3.094s] [ext: omni.graph.image.nodes-1.3.1] startup
[3.095s] [ext: omni.usd.metrics.assembler.physics-107.3.26] startup
[3.098s] [ext: omni.warp.core-1.8.2] startup
[3.393s] [ext: omni.kit.viewport.utility-1.1.2] startup
[3.395s] [ext: omni.physics.tensors-107.3.26] startup
[3.404s] [ext: omni.syntheticdata-0.6.13] startup
[3.442s] [ext: isaacsim.test.docstring-1.1.0] startup
[3.451s] [ext: isaacsim.core.utils-3.5.1] startup
[3.458s] [ext: omni.physx.tensors-107.3.26] startup
[3.465s] [ext: omni.graph.nodes-1.170.10] startup
[3.491s] [ext: omni.graph.action_nodes-1.50.4] startup
[3.496s] [ext: omni.kit.primitive.mesh-1.0.17] startup
[3.511s] [ext: isaacsim.core.simulation_manager-1.4.4] startup
[3.941s] [ext: omni.graph.ui_nodes-1.50.5] startup
[3.948s] [ext: omni.graph.action-1.130.0] startup
[3.951s] [ext: omni.kit.stage_templates-2.0.0] startup
[3.959s] [ext: isaacsim.core.prims-0.6.1] startup
[4.004s] [ext: omni.warp-1.8.2] startup
[4.020s] [ext: omni.videoencoding-0.1.2] startup
[4.031s] [ext: isaacsim.core.api-4.8.0] startup
[4.069s] [ext: isaacsim.core.experimental.utils-0.3.0] startup
[4.079s] [ext: omni.replicator.core-1.12.27] startup
2026-09-10T11:24:48Z [4,069ms] [Warning] [pxr.Semantics] pxr.Semantics is deprecated - please use Semantics instead
Warp 1.8.2 initialized:
   CUDA Toolkit 12.8, Driver 13.1
   Devices:
     "cpu"      : "x86_64"
     "cuda:0"   : "NVIDIA GeForce RTX 3070" (8 GiB, sm_86, mempool enabled)
   Kernel cache:
     /root/.cache/warp/1.8.2
2026-09-10T11:24:48Z [4,378ms] [Warning] [omni.graph.core.plugin] Found duplicate of category 'Replicator' - was 'Annotators', adding 'Fabric Reader'
2026-09-10T11:24:48Z [4,378ms] [Warning] [omni.graph.core.plugin] Category 'Replicator' not accepted on node type 'omni.replicator.core.FabricReader' in extension 'omni.replicator.core'
2026-09-10T11:24:48Z [4,379ms] [Warning] [omni.replicator.core.scripts.extension] No material configuration file, adding configuration to material settings directly.
[4.423s] [ext: isaacsim.core.experimental.prims-0.8.1] startup
[4.498s] [ext: omni.kit.window.extensions-1.4.27] startup
[4.516s] [ext: isaacsim.core.experimental.objects-0.4.0] startup
[4.527s] [ext: omni.ui_query-1.1.8] startup
[4.532s] [ext: omni.kit.manipulator.viewport-107.0.1] startup
[4.535s] [ext: isaacsim.robot.surface_gripper-3.3.1] startup
[4.541s] [ext: omni.kit.ui_test-1.3.7] startup
[4.552s] [ext: omni.graph.visualization.nodes-2.1.3] startup
[4.615s] [ext: isaacsim.robot_motion.lula-4.0.8] startup
[4.641s] [ext: isaacsim.core.nodes-3.4.3] startup
[4.675s] [ext: isaacsim.gui.components-1.2.1] startup
[4.724s] [ext: isaacsim.robot_motion.motion_generation-8.0.26] startup
[4.801s] [ext: isaacsim.robot.manipulators-3.3.6] startup
[4.847s] [ext: isaacsim.core.experimental.materials-0.4.0] startup
[4.894s] [ext: isaacsim.robot.manipulators.examples-1.1.2] startup
[4.906s] [ext: isaacsim.cortex.framework-1.0.12] startup
[4.922s] [ext: isaacsim.cortex.behaviors-2.0.14] startup
[4.930s] [ext: omni.isaac.cortex.sample_behaviors-2.0.5] startup
2026-09-10T11:24:49Z [4,899ms] [Warning] [omni.isaac.cortex] omni.isaac.cortex has been deprecated in favor of isaacsim.cortex.framework. Please update your code accordingly.
2026-09-10T11:24:49Z [4,909ms] [Warning] [omni.isaac.cortex.sample_behaviors] omni.isaac.cortex.sample_behaviors has been deprecated in favor of isaacsim.cortex.behaviors. Please update your code accordingly.
[4.957s] [ext: omni.kit.widget.zoombar-1.0.6] startup
[4.963s] [ext: isaacsim.gui.content_browser-0.1.11] startup
[4.980s] [ext: omni.kit.browser.core-2.3.13] startup
[4.993s] [ext: omni.kit.widget.stage_icons-1.0.8] startup
[4.996s] [ext: omni.kit.widget.prompt-1.0.7] startup
[4.998s] [ext: omni.kit.usd.collect-2.4.5] startup
[5.004s] [ext: omni.kit.browser.folder.core-1.10.9] startup
[5.015s] [ext: omni.kit.window.stage-2.6.1] startup
[5.025s] [ext: omni.kit.usdz_export-1.0.9] startup
[5.030s] [ext: omni.kit.tool.collect-2.2.18] startup
[5.037s] [ext: omni.kit.menu.stage-1.2.7] startup
[5.041s] [ext: omni.kit.tool.asset_importer-4.3.2] startup
[5.074s] [ext: isaacsim.robot.wheeled_robots-4.0.24] startup
[5.179s] [ext: isaacsim.examples.browser-0.2.1] startup
[5.234s] [ext: isaacsim.asset.importer.urdf-2.4.30] startup
Warp DeprecationWarning: The `warp.sim` module is deprecated and will be removed in v1.10. Please transition to using the forthcoming Newton library instead.
[5.968s] [ext: omni.isaac.wheeled_robots-3.0.7] startup
2026-09-10T11:24:50Z [5,936ms] [Warning] [omni.isaac.wheeled_robots] omni.isaac.wheeled_robots has been deprecated in favor of isaacsim.robot.wheeled_robots. Please update your code accordingly.
2026-09-10T11:24:50Z [5,937ms] [Warning] [omni.isaac.wheeled_robots.controllers] omni.isaac.wheeled_robots has been deprecated in favor of isaacsim.robot.wheeled_robots. Please update your code accordingly.
2026-09-10T11:24:50Z [5,937ms] [Warning] [omni.isaac.wheeled_robots.controllers.ackermann_controller] omni.isaac.wheeled_robots has been deprecated in favor of isaacsim.robot.wheeled_robots. Please update your code accordingly.
2026-09-10T11:24:50Z [5,938ms] [Warning] [omni.isaac.wheeled_robots.controllers.differential_controller] omni.isaac.wheeled_robots has been deprecated in favor of isaacsim.robot.wheeled_robots. Please update your code accordingly.
2026-09-10T11:24:50Z [5,939ms] [Warning] [omni.isaac.wheeled_robots.controllers.holonomic_controller] omni.isaac.wheeled_robots has been deprecated in favor of isaacsim.robot.wheeled_robots. Please update your code accordingly.
2026-09-10T11:24:50Z [5,940ms] [Warning] [omni.isaac.wheeled_robots.controllers.quintic_path_planner] omni.isaac.wheeled_robots has been deprecated in favor of isaacsim.robot.wheeled_robots. Please update your code accordingly.
2026-09-10T11:24:50Z [5,940ms] [Warning] [omni.isaac.wheeled_robots.controllers.stanley_control] omni.isaac.wheeled_robots has been deprecated in favor of isaacsim.robot.wheeled_robots. Please update your code accordingly.
2026-09-10T11:24:50Z [5,942ms] [Warning] [omni.isaac.wheeled_robots.controllers.wheel_base_pose_controller] omni.isaac.wheeled_robots has been deprecated in favor of isaacsim.robot.wheeled_robots. Please update your code accordingly.
2026-09-10T11:24:50Z [5,943ms] [Warning] [omni.isaac.wheeled_robots.impl] omni.isaac.wheeled_robots has been deprecated in favor of isaacsim.robot.wheeled_robots. Please update your code accordingly.
2026-09-10T11:24:50Z [5,943ms] [Warning] [omni.isaac.wheeled_robots.robots] omni.isaac.wheeled_robots has been deprecated in favor of isaacsim.robot.wheeled_robots. Please update your code accordingly.
2026-09-10T11:24:50Z [5,944ms] [Warning] [omni.isaac.wheeled_robots.robots.holonomic_robot_usd_setup] omni.isaac.wheeled_robots has been deprecated in favor of isaacsim.robot.wheeled_robots. Please update your code accordingly.
2026-09-10T11:24:50Z [5,945ms] [Warning] [omni.isaac.wheeled_robots.robots.wheeled_robot] omni.isaac.wheeled_robots has been deprecated in favor of isaacsim.robot.wheeled_robots. Please update your code accordingly.
[6.000s] [ext: isaacsim.simulation_app-2.12.2] startup
[6.000s] [ext: omni.isaac.franka-1.0.7] startup
2026-09-10T11:24:50Z [5,974ms] [Warning] [omni.isaac.franka] omni.isaac.franka has been deprecated in favor of isaacsim.robot.manipulators.examples.franka. Please update your code accordingly.
2026-09-10T11:24:50Z [5,982ms] [Warning] [omni.isaac.franka.franka] omni.isaac.franka has been deprecated in favor of isaacsim.robot.manipulators.examples.franka. Please update your code accordingly.
2026-09-10T11:24:50Z [6,067ms] [Warning] [omni.isaac.franka.kinematics_solver] omni.isaac.franka has been deprecated in favor of isaacsim.robot.manipulators.examples.franka. Please update your code accordingly.
[6.104s] [ext: omni.isaac.kit-2.0.6] startup
2026-09-10T11:24:50Z [6,074ms] [Warning] [omni.isaac.kit] omni.isaac.kit has been deprecated in favor of isaacsim.simulation_app. Please update your code accordingly.
[6.111s] [ext: omni.kit.selection-0.1.6] startup
[6.117s] [ext: omni.isaac.lula-4.0.6] startup
2026-09-10T11:24:50Z [6,082ms] [Warning] [omni.isaac.lula] omni.isaac.lula has been deprecated in favor of isaacsim.robot_motion.lula. Please update your code accordingly.
[6.120s] [ext: isaacsim.robot_motion.lula_test_widget-1.0.12] startup
[6.126s] [ext: isaacsim.asset.browser-1.3.23] startup
[6.247s] [ext: omni.kit.viewport.actions-107.0.2] startup
[6.258s] [ext: isaacsim.gui.menu-2.4.4] startup
[6.269s] [ext: omni.isaac.manipulators-3.0.7] startup
2026-09-10T11:24:50Z [6,236ms] [Warning] [omni.isaac.manipulators] omni.isaac.manipulators has been deprecated in favor of isaacsim.robot.manipulators. Please update your code accordingly.
2026-09-10T11:24:50Z [6,237ms] [Warning] [omni.isaac.manipulators.controllers] omni.isaac.manipulators has been deprecated in favor of isaacsim.robot.manipulators. Please update your code accordingly.
2026-09-10T11:24:50Z [6,237ms] [Warning] [omni.isaac.manipulators.controllers.pick_place_controller] omni.isaac.manipulators has been deprecated in favor of isaacsim.robot.manipulators. Please update your code accordingly.
2026-09-10T11:24:50Z [6,238ms] [Warning] [omni.isaac.manipulators.controllers.stacking_controller] omni.isaac.manipulators has been deprecated in favor of isaacsim.robot.manipulators. Please update your code accordingly.
2026-09-10T11:24:50Z [6,238ms] [Warning] [omni.isaac.manipulators.grippers] omni.isaac.manipulators has been deprecated in favor of isaacsim.robot.manipulators. Please update your code accordingly.
2026-09-10T11:24:50Z [6,239ms] [Warning] [omni.isaac.manipulators.grippers.gripper] omni.isaac.manipulators has been deprecated in favor of isaacsim.robot.manipulators. Please update your code accordingly.
2026-09-10T11:24:50Z [6,239ms] [Warning] [omni.isaac.manipulators.grippers.parallel_gripper] omni.isaac.manipulators has been deprecated in favor of isaacsim.robot.manipulators. Please update your code accordingly.
2026-09-10T11:24:50Z [6,239ms] [Warning] [omni.isaac.manipulators.grippers.surface_gripper] omni.isaac.manipulators has been deprecated in favor of isaacsim.robot.manipulators. Please update your code accordingly.
2026-09-10T11:24:50Z [6,240ms] [Warning] [omni.isaac.manipulators.manipulators] omni.isaac.manipulators has been deprecated in favor of isaacsim.robot.manipulators. Please update your code accordingly.
2026-09-10T11:24:50Z [6,240ms] [Warning] [omni.isaac.manipulators.manipulators.single_manipulator] omni.isaac.manipulators has been deprecated in favor of isaacsim.robot.manipulators. Please update your code accordingly.
[6.281s] [ext: omni.isaac.lula_test_widget-1.0.6] startup
2026-09-10T11:24:50Z [6,251ms] [Warning] [omni.isaac.lula_test_widget] omni.isaac.lula_test_widget has been deprecated in favor of isaacsim.robot_motion.lula_test_widget. Please update your code accordingly.
[6.288s] [ext: omni.isaac.asset_browser-1.0.6] startup
2026-09-10T11:24:50Z [6,255ms] [Warning] [omni.isaac.asset_browser] omni.isaac.asset_browser has been deprecated in favor of isaacsim.asset.browser. Please update your code accordingly.
[6.293s] [ext: omni.kit.viewport.menubar.display-107.0.3] startup
[6.299s] [ext: omni.isaac.menu-1.0.6] startup
2026-09-10T11:24:50Z [6,268ms] [Warning] [omni.isaac.menu] omni.isaac.menu has been deprecated in favor of isaacsim.gui.menu. Please update your code accordingly.
[6.306s] [ext: omni.isaac.motion_generation-8.0.7] startup
2026-09-10T11:24:50Z [6,272ms] [Warning] [omni.isaac.motion_generation] omni.isaac.motion_generation has been deprecated in favor of isaacsim.robot_motion.motion_generation. Please update your code accordingly.
2026-09-10T11:24:50Z [6,274ms] [Warning] [omni.isaac.motion_generation.articulation_kinematics_solver] omni.isaac.motion_generation has been deprecated in favor of isaacsim.robot_motion.motion_generation. Please update your code accordingly.
2026-09-10T11:24:50Z [6,275ms] [Warning] [omni.isaac.motion_generation.articulation_motion_policy] omni.isaac.motion_generation has been deprecated in favor of isaacsim.robot_motion.motion_generation. Please update your code accordingly.
2026-09-10T11:24:50Z [6,275ms] [Warning] [omni.isaac.motion_generation.articulation_trajectory] omni.isaac.motion_generation has been deprecated in favor of isaacsim.robot_motion.motion_generation. Please update your code accordingly.
2026-09-10T11:24:50Z [6,275ms] [Warning] [omni.isaac.motion_generation.kinematics_interface] omni.isaac.motion_generation has been deprecated in favor of isaacsim.robot_motion.motion_generation. Please update your code accordingly.
2026-09-10T11:24:50Z [6,275ms] [Warning] [omni.isaac.motion_generation.lula] omni.isaac.motion_generation has been deprecated in favor of isaacsim.robot_motion.motion_generation. Please update your code accordingly.
2026-09-10T11:24:50Z [6,275ms] [Warning] [omni.isaac.motion_generation.lula.kinematics] omni.isaac.motion_generation has been deprecated in favor of isaacsim.robot_motion.motion_generation. Please update your code accordingly.
2026-09-10T11:24:50Z [6,276ms] [Warning] [omni.isaac.motion_generation.lula.motion_policies] omni.isaac.motion_generation has been deprecated in favor of isaacsim.robot_motion.motion_generation. Please update your code accordingly.
2026-09-10T11:24:50Z [6,276ms] [Warning] [omni.isaac.motion_generation.lula.path_planners] omni.isaac.motion_generation has been deprecated in favor of isaacsim.robot_motion.motion_generation. Please update your code accordingly.
2026-09-10T11:24:50Z [6,276ms] [Warning] [omni.isaac.motion_generation.lula.trajectory_generator] omni.isaac.motion_generation has been deprecated in favor of isaacsim.robot_motion.motion_generation. Please update your code accordingly.
2026-09-10T11:24:50Z [6,276ms] [Warning] [omni.isaac.motion_generation.motion_policy_controller] omni.isaac.motion_generation has been deprecated in favor of isaacsim.robot_motion.motion_generation. Please update your code accordingly.
2026-09-10T11:24:50Z [6,277ms] [Warning] [omni.isaac.motion_generation.motion_policy_interface] omni.isaac.motion_generation has been deprecated in favor of isaacsim.robot_motion.motion_generation. Please update your code accordingly.
2026-09-10T11:24:50Z [6,277ms] [Warning] [omni.isaac.motion_generation.path_planner_visualizer] omni.isaac.motion_generation has been deprecated in favor of isaacsim.robot_motion.motion_generation. Please update your code accordingly.
2026-09-10T11:24:50Z [6,277ms] [Warning] [omni.isaac.motion_generation.path_planning_interface] omni.isaac.motion_generation has been deprecated in favor of isaacsim.robot_motion.motion_generation. Please update your code accordingly.
2026-09-10T11:24:50Z [6,277ms] [Warning] [omni.isaac.motion_generation.trajectory] omni.isaac.motion_generation has been deprecated in favor of isaacsim.robot_motion.motion_generation. Please update your code accordingly.
2026-09-10T11:24:50Z [6,277ms] [Warning] [omni.isaac.motion_generation.world_interface] omni.isaac.motion_generation has been deprecated in favor of isaacsim.robot_motion.motion_generation. Please update your code accordingly.
[6.319s] [ext: omni.isaac.assets_check-0.3.13] startup
2026-09-10T11:24:50Z [6,283ms] [Warning] [omni.isaac.assets_check] omni.isaac.assets_check has been deprecated in favor of isaacsim.asset.browser. Please update your code accordingly.
[6.320s] [ext: isaacsim.gui.sensors.icon-2.0.3] startup
[6.348s] [ext: isaacsim.asset.importer.mjcf-2.5.13] startup
[6.359s] [ext: omni.sensors.nv.common-3.0.0] startup
[6.379s] [ext: isaacsim.sensors.physics-0.4.3] startup
[6.387s] [ext: omni.sensors.net-1.0.0] startup
[6.394s] [ext: omni.isaac.nucleus-1.0.6] startup
2026-09-10T11:24:50Z [6,358ms] [Warning] [omni.isaac.nucleus] omni.isaac.nucleus has been deprecated in favor of isaacsim.storage.native. Please update your code accordingly.
2026-09-10T11:24:50Z [6,358ms] [Warning] [omni.isaac.nucleus.nucleus] omni.isaac.nucleus.nucleus has been deprecated in favor of isaacsim.storage.native. Please update your code accordingly.
[6.396s] [ext: omni.sensors.nv.materials-2.0.0] startup
[6.405s] [ext: isaacsim.robot.policy.examples-4.1.11] startup
[6.409s] [ext: omni.sensors.nv.wpm-3.0.0] startup
[6.417s] [ext: omni.sensors.nv.lidar-3.0.0] startup
[6.433s] [ext: isaacsim.util.debug_draw-3.1.0] startup
[6.439s] [ext: omni.sensors.nv.radar-3.0.0] startup
[6.447s] [ext: omni.sensors.nv.ids-2.0.0] startup
[6.450s] [ext: isaacsim.core.cloner-1.4.10] startup
[6.453s] [ext: isaacsim.sensors.physx-2.3.2] startup
[6.460s] [ext: isaacsim.sensors.rtx-15.8.4] startup
[6.475s] [ext: isaacsim.sensors.camera-1.3.6] startup
[6.488s] [ext: omni.isaac.quadruped-3.0.7] startup
2026-09-10T11:24:50Z [6,456ms] [Warning] [omni.isaac.quadruped] omni.isaac.quadruped has been deprecated in favor of isaacsim.robot.policy.examples. Please update your code accordingly.
[6.493s] [ext: omni.isaac.cloner-1.0.7] startup
2026-09-10T11:24:50Z [6,466ms] [Warning] [omni.isaac.cloner] omni.isaac.cloner has been deprecated in favor of isaacsim.core.cloner. Please update your code accordingly.
[6.505s] [ext: omni.isaac.range_sensor-4.0.6] startup
2026-09-10T11:24:50Z [6,477ms] [Warning] [omni.isaac.range_sensor] omni.isaac.range_sensor has been deprecated in favor of isaacsim.sensors.physx. Please update your code accordingly.
2026-09-10T11:24:50Z [6,477ms] [Warning] [omni.isaac.range_sensor.commands] omni.isaac.range_sensor.commands has been deprecated in favor of isaacsim.sensors.physx.commands. Please update your code accordingly.
[6.515s] [ext: omni.isaac.sensor-13.0.7] startup
2026-09-10T11:24:50Z [6,482ms] [Warning] [omni.isaac.sensor] omni.isaac.sensor has been deprecated in favor of isaacsim.sensors.camera, isaacsim.sensors.physics, isaacsim.sensors.physx, and isaacsim.sensors.rtx. Please update your code accordingly.
2026-09-10T11:24:50Z [6,483ms] [Warning] [omni.isaac.sensor.camera] omni.isaac.sensor.camera has been deprecated in favor of isaacsim.sensors.camera.camera. Please update your code accordingly.
2026-09-10T11:24:50Z [6,483ms] [Warning] [omni.isaac.sensor.camera_view] omni.isaac.sensor.camera_view has been deprecated in favor of isaacsim.sensors.camera.camera_view. Please update your code accordingly.
2026-09-10T11:24:50Z [6,483ms] [Warning] [omni.isaac.sensor.commands] omni.isaac.sensor.commands has been deprecated in favor of isaacsim.sensors.physics.commands, isaacsim.sensors.physx.commands, and isaacsim.sensors.rtx.commands. Please update your code accordingly.
2026-09-10T11:24:50Z [6,484ms] [Warning] [omni.isaac.sensor.contact_sensor] omni.isaac.sensor.contact_sensor has been deprecated in favor of isaacsim.sensors.physics.contact_sensor. Please update your code accordingly.
2026-09-10T11:24:50Z [6,487ms] [Warning] [omni.isaac.sensor.imu_sensor] omni.isaac.sensor.imu_sensor has been deprecated in favor of isaacsim.sensors.physics.imu_sensor. Please update your code accordingly.
2026-09-10T11:24:50Z [6,487ms] [Warning] [omni.isaac.sensor.lidar_rtx] omni.isaac.sensor.lidar_rtx has been deprecated in favor of isaacsim.sensors.rtx.lidar_rtx. Please update your code accordingly.
2026-09-10T11:24:50Z [6,488ms] [Warning] [omni.isaac.sensor.rotating_lidar_physX] omni.isaac.sensor.imu_sensor has been deprecated in favor of isaacsim.sensors.physix.rotating_lidar_physX. Please update your code accordingly.
2026-09-10T11:24:50Z [6,494ms] [Warning] [omni.isaac.sensor.scripts.samples.contact_sensor] omni.isaac.sensor.scripts.samples.contact_sensor has been deprecated in favor of isaacsim.sensors.physics.scripts.samples.contact_sensor. Please update your code accordingly.
2026-09-10T11:24:50Z [6,494ms] [Warning] [omni.isaac.sensor.scripts.samples.imu_sensor] omni.isaac.sensor.scripts.samples.imu_sensor has been deprecated in favor of isaacsim.sensors.physics.scripts.samples.imu_sensor. Please update your code accordingly.
2026-09-10T11:24:50Z [6,494ms] [Warning] [omni.isaac.sensor.scripts.samples.lightbeam_sensor] omni.isaac.sensor.scripts.samples.lightbeam_sensor has been deprecated in favor of isaacsim.sensors.physx.scripts.samples.lightbeam_sensor. Please update your code accordingly.
[6.532s] [ext: omni.kit.menu.create-2.0.1] startup
[6.539s] [ext: omni.kit.widget.toolbar-2.0.1] startup
[6.563s] [ext: omni.kit.manipulator.transform-107.0.0] startup
[6.570s] [ext: omni.isaac.core-4.0.7] startup
2026-09-10T11:24:50Z [6,535ms] [Warning] [omni.isaac.core.physics_context.physics_context] omni.isaac.core.physics_context.physics_context has been deprecated in favor of isaacsim.core.api.physics_context.physics_context. Please update your code accordingly.
2026-09-10T11:24:50Z [6,535ms] [Warning] [omni.isaac.core.simulation_context.simulation_context] omni.isaac.core.simulation_context.simulation_context has been deprecated in favor of isaacsim.core.api.simulation_context.simulation_context. Please update your code accordingly.
2026-09-10T11:24:50Z [6,536ms] [Warning] [omni.isaac.core.world.world] omni.isaac.core.world.world has been deprecated in favor of isaacsim.core.api.world.world. Please update your code accordingly.
2026-09-10T11:24:50Z [6,536ms] [Warning] [omni.isaac.core] omni.isaac.core has been deprecated in favor of isaacsim.core.api. Please update your code accordingly.
[6.573s] [ext: omni.kit.scripting-107.3.2] startup
[6.585s] [ext: omni.kit.manipulator.tool.snap-1.5.13] startup
[6.595s] [ext: omni.kit.manipulator.selector-1.1.3] startup
[6.599s] [ext: isaacsim.app.about-2.0.11] startup
[6.610s] [ext: isaacsim.replicator.behavior-1.1.16] startup
[6.612s] [ext: omni.kit.viewport.manipulator.transform-107.0.4] startup
[6.618s] [ext: omni.isaac.window.about-2.0.7] startup
2026-09-10T11:24:50Z [6,586ms] [Warning] [omni.isaac.window.about] omni.isaac.window.about has been deprecated in favor of isaacsim.app.about. Please update your code accordingly.
2026-09-10T11:24:50Z [6,586ms] [Warning] [omni.isaac.window.about.about] omni.isaac.window.about.about has been deprecated in favor of isaacsim.app.about.about. Please update your code accordingly.
[6.623s] [ext: omni.fabric.commands-1.1.6] startup
[6.630s] [ext: omni.kit.manipulator.prim.core-107.0.8] startup
[6.643s] [ext: omni.kit.property.audio-1.0.16] startup
[6.647s] [ext: omni.kit.property.camera-1.0.10] startup
[6.650s] [ext: omni.kit.property.geometry-2.0.4] startup
[6.655s] [ext: omni.hydra.scene_api-0.1.2] startup
[6.664s] [ext: omni.kit.property.light-1.0.12] startup
[6.690s] [ext: omni.kit.manipulator.prim.fabric-107.0.4] startup
[6.694s] [ext: omni.kit.manipulator.prim.usd-107.0.3] startup
[6.697s] [ext: omni.kit.property.material-1.11.9] startup
[6.706s] [ext: omni.kit.property.render-1.2.1] startup
[6.708s] [ext: omni.kit.property.transform-1.5.13] startup
[6.714s] [ext: isaacsim.gui.property-1.1.3] startup
[6.718s] [ext: omni.kit.manipulator.camera-106.0.4] startup
[6.725s] [ext: omni.kit.manipulator.prim-107.0.0] startup
[6.725s] [ext: omni.isaac.surface_gripper-2.0.6] startup
2026-09-10T11:24:50Z [6,689ms] [Warning] [omni.isaac.surface_gripper] omni.isaac.surface_gripper has been deprecated in favor of isaacsim.robot.surface_gripper. Please update your code accordingly.
[6.726s] [ext: omni.kit.manipulator.selection-106.0.1] startup
[6.731s] [ext: omni.kit.property.bundle-1.4.1] startup
[6.734s] [ext: omni.kit.property.isaac-1.0.6] startup
2026-09-10T11:24:50Z [6,700ms] [Warning] [omni.kit.property.isaac] omni.kit.property.isaac has been deprecated in favor of isaacsim.gui.property. Please update your code accordingly.
2026-09-10T11:24:50Z [6,700ms] [Warning] [omni.kit.property.isaac.widgets] omni.kit.property.isaac.widgets has been deprecated in favor of isaacsim.gui.property.widgets. Please update your code accordingly.
[6.737s] [ext: omni.isaac.universal_robots-1.0.6] startup
2026-09-10T11:24:50Z [6,702ms] [Warning] [omni.isaac.universal_robots] omni.isaac.universal_robots has been deprecated in favor of isaacsim.robot.manipulators.examples.universal_robots. Please update your code accordingly.
2026-09-10T11:24:50Z [6,702ms] [Warning] [omni.isaac.universal_robots.kinematics_solver] omni.isaac.franka has been deprecated in favor of isaacsim.robot.manipulators.examples.universal_robots. Please update your code accordingly.
2026-09-10T11:24:50Z [6,703ms] [Warning] [omni.isaac.universal_robots.ur10] omni.isaac.franka has been deprecated in favor of isaacsim.robot.manipulators.examples.universal_robots. Please update your code accordingly.
[6.740s] [ext: omni.isaac.core_nodes-2.0.6] startup
2026-09-10T11:24:50Z [6,707ms] [Warning] [omni.isaac.core_nodes] omni.isaac.core_nodes has been deprecated in favor of isaacsim.core.nodes. Please update your code accordingly.
[6.745s] [ext: omni.kit.viewport.menubar.camera-107.0.6] startup
[6.757s] [ext: omni.kit.viewport.menubar.lighting-107.3.1] startup
[6.762s] [ext: isaacsim.replicator.writers-1.0.17] startup
[6.785s] [ext: omni.kit.viewport.menubar.render-107.0.10] startup
[6.794s] [ext: omni.kit.viewport.menubar.settings-107.0.3] startup
[6.804s] [ext: omni.kit.window.console-1.1.4] startup
[6.818s] [ext: isaacsim.replicator.domain_randomization-1.0.16] startup
[6.822s] [ext: isaacsim.replicator.examples-1.3.6] startup
[6.827s] [ext: omni.ocio-0.1.1] startup
[6.833s] [ext: omni.rtx.window.settings-0.6.19] startup
[6.846s] [ext: omni.kit.window.status_bar-0.1.9] startup
[6.857s] [ext: omni.kit.window.toolbar-2.0.0] startup
[6.870s] [ext: omni.replicator.isaac-2.0.8] startup
2026-09-10T11:24:50Z [6,838ms] [Warning] [omni.replicator.isaac] omni.replicator.isaac has been deprecated in favor of isaacsim.replicator.domain_randomization, isaacsim.replicator.examples, isaacsim.replicator.writers. Please update your code accordingly.
[6.877s] [ext: omni.replicator.replicator_yaml-2.0.11] startup
[6.921s] [ext: omni.rtx.settings.core-0.6.5] startup
[6.929s] [ext: omni.usd.metrics.assembler.ui-107.3.1] startup
[6.956s] [ext: omni.isaac.utils-2.0.6] startup
[6.962s] [ext: semantics.schema.editor-2.0.2] startup
[6.966s] [ext: omni.kit.ui.actions-1.0.5] startup
[6.970s] [ext: semantics.schema.property-2.0.1] startup
[6.973s] [ext: omni.isaac.version-2.0.7] startup
2026-09-10T11:24:51Z [6,938ms] [Warning] [omni.isaac.version] omni.isaac.version has been deprecated in favor of isaacsim.core.version. Please update your code accordingly.
[6.975s] [ext: omni.isaac.cortex-1.0.5] startup
[6.978s] [ext: omni.anim.curve.core-1.3.1] startup
[6.995s] [ext: isaacsim.core.throttling-2.2.2] startup
[6.998s] [ext: omni.kit.menu.common-2.0.1] startup
[7.004s] [ext: isaacsim.exp.base-5.1.0] startup
[7.006s] [ext: isaacsim.exp.base.python-5.1.0] startup
[7.009s] Simulation App Starting
2026-09-10T11:24:51Z [7,090ms] [Warning] [carb.audio.device] audio device is misconfigured or broken {deviceIndex = 0, name = 'default'} (The device is likely misconfigured, check your $HOME/.asoundrc)
2026-09-10T11:24:51Z [7,090ms] [Warning] [carb.audio.output] failed to retrieve the capabilities for device 0 {result = eDeviceLost (2)}
2026-09-10T11:24:51Z [7,090ms] [Warning] [carb.audio.context] failed to set the requested output during context creation.  Using a null streamer instead {result = eDeviceLost (2)}
2026-09-10T11:24:51Z [7,126ms] [Warning] [omni.fabric.plugin] Warning: attribute viewportHandle not found for bucket id 9

2026-09-10T11:24:51Z [7,143ms] [Warning] [usdrt.population.plugin] [UsdNoticeHandler] Unhandled attribute type VtArray<std::string> (prim attribute: omni:rtx:material:db:flattener:ior_constant)
2026-09-10T11:24:51Z [7,143ms] [Warning] [usdrt.population.plugin] [UsdNoticeHandler] Unhandled attribute type VtArray<std::string> (prim attribute: omni:rtx:material:db:flattener:reflection_roughness_constant)
2026-09-10T11:24:51Z [7,143ms] [Warning] [usdrt.population.plugin] [UsdNoticeHandler] Unhandled attribute type VtArray<std::string> (prim attribute: omni:rtx:material:db:flattener:transmittance_color)
[7.193s] app ready
[10.522s] Simulation App Startup Complete
2026-09-10T11:24:54Z [10,511ms] [Warning] [omni.usd] Warning: in _ReportErrors at line 3172 of /builds/omniverse/usd-ci/USD/pxr/usd/usd/stage.cpp -- In </World/UR5e/ft_frame/visuals>: Unresolved reference prim path @/root/.cache/isaacsimtraining/usd/configuration/ur5e_robotiq140_physics.usd@</visuals/ft_frame> introduced by @/root/.cache/isaacsimtraining/usd/configuration/ur5e_robotiq140_base.usd@</ur/ft_frame/visuals> (recomposing stage on stage @anon:0x63b990b4b750:World0.usd@ <0x63b990cb7e10>)

2026-09-10T11:24:54Z [10,511ms] [Warning] [omni.usd] Warning: in _ReportErrors at line 3172 of /builds/omniverse/usd-ci/USD/pxr/usd/usd/stage.cpp -- In </World/UR5e/base_link/visuals>: Unresolved reference prim path @/root/.cache/isaacsimtraining/usd/configuration/ur5e_robotiq140_physics.usd@</visuals/base_link> introduced by @/root/.cache/isaacsimtraining/usd/configuration/ur5e_robotiq140_base.usd@</ur/base_link/visuals> (recomposing stage on stage @anon:0x63b990b4b750:World0.usd@ <0x63b990cb7e10>)

2026-09-10T11:24:54Z [10,511ms] [Warning] [omni.usd] Warning: in _ReportErrors at line 3172 of /builds/omniverse/usd-ci/USD/pxr/usd/usd/stage.cpp -- In </World/UR5e/tool0/visuals>: Unresolved reference prim path @/root/.cache/isaacsimtraining/usd/configuration/ur5e_robotiq140_physics.usd@</visuals/tool0> introduced by @/root/.cache/isaacsimtraining/usd/configuration/ur5e_robotiq140_base.usd@</ur/tool0/visuals> (recomposing stage on stage @anon:0x63b990b4b750:World0.usd@ <0x63b990cb7e10>)

2026-09-10T11:24:54Z [10,511ms] [Warning] [omni.usd] Warning: in _ReportErrors at line 3172 of /builds/omniverse/usd-ci/USD/pxr/usd/usd/stage.cpp -- In </World/UR5e/world/visuals>: Unresolved reference prim path @/root/.cache/isaacsimtraining/usd/configuration/ur5e_robotiq140_physics.usd@</visuals/world> introduced by @/root/.cache/isaacsimtraining/usd/configuration/ur5e_robotiq140_base.usd@</ur/world/visuals> (recomposing stage on stage @anon:0x63b990b4b750:World0.usd@ <0x63b990cb7e10>)

2026-09-10T11:24:54Z [10,512ms] [Warning] [omni.usd] Warning: in _ReportErrors at line 3172 of /builds/omniverse/usd-ci/USD/pxr/usd/usd/stage.cpp -- In </World/UR5e/flange/visuals>: Unresolved reference prim path @/root/.cache/isaacsimtraining/usd/configuration/ur5e_robotiq140_physics.usd@</visuals/flange> introduced by @/root/.cache/isaacsimtraining/usd/configuration/ur5e_robotiq140_base.usd@</ur/flange/visuals> (recomposing stage on stage @anon:0x63b990b4b750:World0.usd@ <0x63b990cb7e10>)

2026-09-10T11:24:54Z [10,512ms] [Warning] [omni.usd] Warning: in _ReportErrors at line 3172 of /builds/omniverse/usd-ci/USD/pxr/usd/usd/stage.cpp -- In </World/UR5e/base/visuals>: Unresolved reference prim path @/root/.cache/isaacsimtraining/usd/configuration/ur5e_robotiq140_physics.usd@</visuals/base> introduced by @/root/.cache/isaacsimtraining/usd/configuration/ur5e_robotiq140_base.usd@</ur/base/visuals> (recomposing stage on stage @anon:0x63b990b4b750:World0.usd@ <0x63b990cb7e10>)

2026-09-10T11:24:54Z [10,872ms] [Warning] [omni.fabric.plugin] getAttributeCount called on non-existent path /World/UR5e/right_outer_knuckle/collisions/mesh_0
2026-09-10T11:24:54Z [10,872ms] [Warning] [omni.fabric.plugin] getTypes called on non-existent path /World/UR5e/right_outer_knuckle/collisions/mesh_0
Initializing new SAC Agent...
Using cuda device
Starting Training Loop...
---------------------------------
| rollout/           |          |
|    success_rate    | 0        |
| time/              |          |
|    episodes        | 4        |
|    fps             | 13       |
|    time_elapsed    | 144      |
|    total_timesteps | 2000     |
| train/             |          |
|    actor_loss      | -37.1    |
|    critic_loss     | 0.135    |
|    ent_coef        | 0.827    |
|    ent_coef_loss   | -1.57    |
|    learning_rate   | 0.0001   |
|    n_updates       | 1899     |
---------------------------------
---------------------------------
| rollout/           |          |
|    success_rate    | 0        |
| time/              |          |
|    episodes        | 8        |
|    fps             | 14       |
|    time_elapsed    | 285      |
|    total_timesteps | 4000     |
| train/             |          |
|    actor_loss      | -65.4    |
|    critic_loss     | 0.0744   |
|    ent_coef        | 0.677    |
|    ent_coef_loss   | -3.21    |
|    learning_rate   | 0.0001   |
|    n_updates       | 3899     |
---------------------------------
---------------------------------
| rollout/           |          |
|    success_rate    | 0        |
| time/              |          |
|    episodes        | 12       |
|    fps             | 14       |
|    time_elapsed    | 424      |
|    total_timesteps | 6000     |
| train/             |          |
|    actor_loss      | -83.1    |
|    critic_loss     | 0.192    |
|    ent_coef        | 0.554    |
|    ent_coef_loss   | -4.86    |
|    learning_rate   | 0.0001   |
|    n_updates       | 5899     |
---------------------------------
---------------------------------
| rollout/           |          |
|    success_rate    | 0        |
| time/              |          |
|    episodes        | 16       |
|    fps             | 14       |
|    time_elapsed    | 562      |
|    total_timesteps | 8000     |
| train/             |          |
|    actor_loss      | -97.3    |
|    critic_loss     | 0.18     |
|    ent_coef        | 0.454    |
|    ent_coef_loss   | -6.51    |
|    learning_rate   | 0.0001   |
|    n_updates       | 7899     |
---------------------------------
---------------------------------
| rollout/           |          |
|    success_rate    | 0        |
| time/              |          |
|    episodes        | 20       |
|    fps             | 14       |
|    time_elapsed    | 703      |
|    total_timesteps | 10000    |
| train/             |          |
|    actor_loss      | -107     |
|    critic_loss     | 0.0964   |
|    ent_coef        | 0.372    |
|    ent_coef_loss   | -8.14    |
|    learning_rate   | 0.0001   |
|    n_updates       | 9899     |
---------------------------------
